I/libpersona(10122): KNOX_SDCARD not a persona
I/ActivityManager( 4695): Start proc com.sec.android.widgetapp.dualclockdigital for broadcast com.sec.android.widgetapp.dualclockdigital/.DigitalDualClockWidgetProvider: pid=10122 uid=10149 gids={50149, 9997, 3003} abi=armeabi-v7a
W/ResourcesManager(10122): Asset path '/system/framework/twframework.jar' does not exist or contains no resources.
W/ResourcesManager(10122): Asset path '/system/framework/sec_feature.jar' does not exist or contains no resources.
E/ActivityManager( 4695): checkUser: useridlist=null, currentuser=0
E/ActivityManager( 4695): checkUser: useridlist=null, currentuser=0
E/ActivityManager( 4695): checkUser: useridlist=null, currentuser=0
E/ActivityManager( 4695): checkUser: useridlist=null, currentuser=0
I/libpersona(10149): KNOX_SDCARD checking this for 10154
I/libpersona(10149): KNOX_SDCARD not a persona
I/ActivityManager( 4695): Start proc com.sec.android.GeoLookout for broadcast com.sec.android.GeoLookout/.widget.SafetyCareWidget: pid=10149 uid=10154 gids={50154, 9997, 1028, 1015, 3003} abi=armeabi-v7a
D/ConnectivityService( 4695): returning getActiveNetworkInfo :[type: MOBILE[LTE] - MOBILE, state: CONNECTED/CONNECTED, reason: connected, extra: fast.t-mobile.com, roaming: false, failover: false, isAvailable: true, isConnectedToProvisioningNetwork: false]
I/ActivityManager( 4695): Killing 9717:com.android.calendar/u0a174 (adj 15): BG,  10295K, hotnessAdj=0, XmlFlag=false, oom_adj=15
I/ActivityManager( 4695): Killing 10103:com.sec.android.widgetapp.digitalclock/u0a146 (adj 11): BG,  2504K, hotnessAdj=0, XmlFlag=false, oom_adj=11
I/ActivityManager( 4695): Killing 9972:com.sec.android.gallery3d/u0a63 (adj 15): BG,  21320K, hotnessAdj=1, XmlFlag=false, oom_adj=15
I/ActivityManager( 4695): Killing 9934:com.android.vending/u0a16 (adj 15): BG,  16905K, hotnessAdj=39, XmlFlag=false, oom_adj=15
I/ActivityManager( 4695): Killing 10018:com.google.android.gms:car/u0a21 (adj 15): BG,  39482K, hotnessAdj=96, XmlFlag=false, oom_adj=15
I/ActivityManager_SDHA( 4695): F:051M, C:269M, ProcCnt:070, avgU:-----K, mgn:073M, nF:53324K, fd:90506K, thd:220M, wm:29M, c:01, e:11, lmkIdx:15, emS:00, rsmd:_F, lstCrt:GeoLookout, TOP:launcher, ear:0, car:0
W/ActivityManager( 4695): Scheduling restart of crashed service com.google.android.gms/.car.CarService in 1000ms
E/ActivityManager( 4695): checkUser: useridlist=null, currentuser=0
E/ActivityManager( 4695): checkUser: useridlist=null, currentuser=0
E/ActivityManager( 4695): checkUser: useridlist=null, currentuser=0
E/ActivityManager( 4695): checkUser: useridlist=null, currentuser=0
I/libpersona(10193): KNOX_SDCARD checking this for 10178
I/libpersona(10193): KNOX_SDCARD not a persona
I/ActivityManager( 4695): Start proc com.sec.android.app.camera for broadcast com.sec.android.app.camera/.HomeResumeCamera: pid=10193 uid=10178 gids={50178, 9997, 1028, 1015, 3003, 1023} abi=armeabi-v7a
W/ResourcesManager(10193): Asset path '/system/framework/secmediarecorder.jar' does not exist or contains no resources.
W/ResourcesManager(10193): Asset path '/system/framework/sechardware.jar' does not exist or contains no resources.
W/ResourcesManager(10193): Asset path '/system/framework/seccamera.jar' does not exist or contains no resources.
W/ResourcesManager(10193): Asset path '/system/framework/secvision.jar' does not exist or contains no resources.
E/ActivityManager( 4695): checkUser: useridlist=null, currentuser=0
E/ActivityManager( 4695): checkUser: useridlist=null, currentuser=0
E/ActivityManager( 4695): checkUser: useridlist=null, currentuser=0
E/ActivityManager( 4695): checkUser: useridlist=null, currentuser=0
I/libpersona(10213): KNOX_SDCARD checking this for 10181
I/libpersona(10213): KNOX_SDCARD not a persona
I/ActivityManager( 4695): Start proc com.sec.android.widgetapp.activeapplicationwidget for broadcast com.sec.android.widgetapp.activeapplicationwidget/.ProgramMonitorProvider: pid=10213 uid=10181 gids={50181, 9997, 1028, 1015} abi=armeabi-v7a
D/PackageManager( 4695): [MSG] SEND_PENDING_BROADCAST
W/ActivityManager( 4695): Unable to start service Intent { act=com.sec.settings.action.NFC_PAYMENT_REFRESH pkg=com.sec.android.widgetapp.tapandpay } U=0: not found
W/ResourcesManager( 5398): Asset path '/system/framework/com.google.android.media.effects.jar' does not exist or contains no resources.
E/ActivityManager( 4695): checkUser: useridlist=null, currentuser=0
E/ActivityManager( 4695): checkUser: useridlist=null, currentuser=0
E/ActivityManager( 4695): checkUser: useridlist=null, currentuser=0
E/ActivityManager( 4695): checkUser: useridlist=null, currentuser=0
I/libpersona(10240): KNOX_SDCARD checking this for 10079
I/libpersona(10240): KNOX_SDCARD not a persona
I/ActivityManager( 4695): Start proc com.google.android.talk for broadcast com.google.android.talk/com.google.android.apps.hangouts.phone.PackageReplacedReceiver: pid=10240 uid=10079 gids={50079, 9997, 3003, 1028, 1015, 3002} abi=armeabi-v7a
W/ResourcesManager(10240): Asset path '/system/framework/com.google.android.media.effects.jar' does not exist or contains no resources.
D/ConnectivityService( 4695): returning getActiveNetworkInfo :[type: MOBILE[LTE] - MOBILE, state: CONNECTED/CONNECTED, reason: connected, extra: fast.t-mobile.com, roaming: false, failover: false, isAvailable: true, isConnectedToProvisioningNetwork: false]
D/WifiService( 4695): releaseWifiLockLocked: WifiLock{NlpWifiLock type=2 binder=android.os.BinderProxy@2104f8c5}
W/ResourcesManager( 4695): Asset path '/system/framework/sechardware.jar' does not exist or contains no resources.
W/ResourcesManager( 4695): Asset path '/system/framework/com.google.android.maps.jar' does not exist or contains no resources.
W/ResourcesManager( 4695): Asset path '/system/framework/twframework.jar' does not exist or contains no resources.
D/BackupManagerService( 4695): Received broadcast Intent { act=android.intent.action.PACKAGE_CHANGED dat=package:com.google.android.gms flg=0x4000010 (has extras) }
I/BackupManagerService( 4695): Unbinding ComponentInfo{com.google.android.gms/com.google.android.gms.backup.BackupTransportService}
I/BackupManagerService( 4695): Binding to transport host ComponentInfo{com.google.android.gms/com.google.android.gms.backup.BackupTransportService}
D/ConnectivityService( 4695): returning getActiveNetworkInfo :[type: MOBILE[LTE] - MOBILE, state: CONNECTED/CONNECTED, reason: connected, extra: fast.t-mobile.com, roaming: false, failover: false, isAvailable: true, isConnectedToProvisioningNetwork: false]
D/ConnectivityService( 4695): returning getActiveNetworkInfo :[type: MOBILE[LTE] - MOBILE, state: CONNECTED/CONNECTED, reason: connected, extra: fast.t-mobile.com, roaming: false, failover: false, isAvailable: true, isConnectedToProvisioningNetwork: false]
V/BackupManagerService( 4695): Scheduling immediate backup pass
E/ActivityManager( 4695): checkUser: useridlist=null, currentuser=0
E/ActivityManager( 4695): checkUser: useridlist=null, currentuser=0
E/ActivityManager( 4695): checkUser: useridlist=null, currentuser=0
E/ActivityManager( 4695): checkUser: useridlist=null, currentuser=0
I/libpersona(10288): KNOX_SDCARD checking this for 10019
I/libpersona(10288): KNOX_SDCARD not a persona
I/ActivityManager( 4695): Start proc com.samsung.android.app.galaxyfinder for broadcast com.samsung.android.app.galaxyfinder/.ApplicationStatusReceiver: pid=10288 uid=10019 gids={50019, 9997, 1028, 1015, 3003, 3002} abi=armeabi-v7a
I/CLocInfoService( 4695): External Intent Received android.net.wifi.SCAN_RESULTS
I/CLocInfoCtrl( 4695): isWifiMeasurementAvailable
I/CLocInfoCtrl( 4695): Last Measure : 201508052205 New : 201508070052
I/CLocInfoCtrl( 4695): available result : 1
V/BackupManagerService( 4695): Connected to transport ComponentInfo{com.google.android.gms/com.google.android.gms.backup.BackupTransportService}
V/BackupManagerService( 4695): Registering transport com.google.android.gms/.backup.BackupTransportService::com.google.android.gms/.backup.BackupTransportService = com.android.internal.backup.IBackupTransport$Stub$Proxy@33111f5f
V/BackupManagerService( 4695): Running a backup pass
V/BackupManagerService( 4695): clearing pending backups
V/PerformBackupTask( 4695): Beginning backup of 15 targets
D/PerformBackupTask( 4695): invokeAgentForBackup on @pm@
E/NetlinkEvent( 4414): NetlinkEvent::FindParam(): Parameter 'TIME_NS' not found
E/PMBA    ( 4695): No global metadata in state file!
I/PMBA    ( 4695): Previous metadata null mismatch vs G900TUVU1DOB1 - rewriting
I/BackupRestoreController( 4695): Getting widget state for user: 0
D/BackupManagerService( 4695): Now staging backup of com.google.android.talk
W/ResourcesManager(10288): Asset path '/system/framework/minimode.jar' does not exist or contains no resources.
W/ResourcesManager(10288): Asset path '/system/framework/com.google.android.maps.jar' does not exist or contains no resources.
W/ResourcesManager(10288): Asset path '/system/framework/multiwindow.jar' does not exist or contains no resources.
W/ResourcesManager(10288): Asset path '/system/framework/twframework.jar' does not exist or contains no resources.
W/ResourcesManager(10288): Asset path '/system/framework/TmoWfcUtils.jar' does not exist or contains no resources.
W/ResourcesManager(10288): Asset path '/system/framework/imsmanager.jar' does not exist or contains no resources.
W/ResourcesManager(10288): Asset path '/system/framework/sec_platform_library.jar' does not exist or contains no resources.
W/ResourcesManager(10288): Asset path '/system/framework/smatlib.jar' does not exist or contains no resources.
W/ResourcesManager(10288): Asset path '/system/framework/secvisualeffect.jar' does not exist or contains no resources.
W/ResourcesManager(10288): Asset path '/system/framework/sechardware.jar' does not exist or contains no resources.
W/ResourcesManager(10288): Asset path '/system/framework/com.google.android.maps.jar' does not exist or contains no resources.
W/ResourcesManager(10288): Asset path '/system/framework/twframework.jar' does not exist or contains no resources.
W/ResourcesManager(10288): Asset path '/system/framework/TmoWfcUtils.jar' does not exist or contains no resources.
W/ResourcesManager(10288): Asset path '/system/framework/com.broadcom.bt.jar' does not exist or contains no resources.
I/PassiveLocTracker( 4695): Location Changed
I/PassiveLocTracker( 4695): Send Location
W/ResourcesManager(10288): Asset path '/system/framework/com.google.android.maps.jar' does not exist or contains no resources.
D/BackupManagerService( 4695): Now staging backup of com.android.providers.settings
D/BackupManagerService( 4695): Now staging backup of com.android.calendar
W/ResourcesManager(10288): Asset path '/system/framework/smatlib.jar' does not exist or contains no resources.
W/ResourcesManager(10288): Asset path '/system/framework/twframework.jar' does not exist or contains no resources.
W/ResourcesManager(10288): Asset path '/system/framework/TmoWfcUtils.jar' does not exist or contains no resources.
W/ResourcesManager(10288): Asset path '/system/framework/imsmanager.jar' does not exist or contains no resources.
D/BackupManagerService( 4695): Now staging backup of com.android.sharedstoragebackup
D/BackupManagerService( 4695): Now staging backup of com.qti.backupagent
W/ResourcesManager(10288): Asset path '/system/framework/sechardware.jar' does not exist or contains no resources.
D/BackupManagerService( 4695): Now staging backup of com.google.android.gm
D/BackupManagerService( 4695): Now staging backup of com.android.providers.userdictionary
W/ResourcesManager(10288): Asset path '/system/framework/com.google.android.maps.jar' does not exist or contains no resources.
W/ResourcesManager(10288): Asset path '/system/framework/multiwindow.jar' does not exist or contains no resources.
W/ResourcesManager(10288): Asset path '/system/framework/twframework.jar' does not exist or contains no resources.
W/ResourcesManager(10288): Asset path '/system/framework/secimaging.jar' does not exist or contains no resources.
W/ResourcesManager(10288): Asset path '/system/framework/com.google.android.media.effects.jar' does not exist or contains no resources.
W/ResourcesManager(10288): Asset path '/system/framework/allshare.jar' does not exist or contains no resources.
D/BackupManagerService( 4695): Now staging backup of com.android.nfc
W/ResourcesManager(10288): Asset path '/system/framework/secvision.jar' does not exist or contains no resources.
D/BackupManagerService( 4695): Now staging backup of com.google.android.marvin.talkback
D/BackupManagerService( 4695): Now staging backup of com.google.android.calendar
W/ResourcesManager(10288): Asset path '/system/framework/twframework.jar' does not exist or contains no resources.
W/ResourcesManager(10288): Asset path '/system/framework/allshare.jar' does not exist or contains no resources.
W/ResourcesManager(10288): Asset path '/system/framework/minimode.jar' does not exist or contains no resources.
W/ResourcesManager(10288): Asset path '/system/framework/sechardware.jar' does not exist or contains no resources.
W/ResourcesManager(10288): Asset path '/system/framework/multiwindow.jar' does not exist or contains no resources.
W/ResourcesManager(10288): Asset path '/system/framework/twframework.jar' does not exist or contains no resources.
W/ResourcesManager(10288): Asset path '/system/framework/allshare.jar' does not exist or contains no resources.
D/BackupManagerService( 4695): Now staging backup of com.waze
D/BackupManagerService( 4695): Now staging backup of com.google.android.inputmethod.latin
D/WifiService( 4695): acquireWifiLockLocked: WifiLock{NlpWifiLock type=2 binder=android.os.BinderProxy@2104f8c5}
D/BackupManagerService( 4695): Now staging backup of com.android.vending
W/ResourcesManager(10288): Asset path '/system/framework/secsmartcard.jar' does not exist or contains no resources.
W/ResourcesManager(10288): Asset path '/system/framework/twframework.jar' does not exist or contains no resources.
W/ResourcesManager(10288): Asset path '/system/framework/secvision.jar' does not exist or contains no resources.
D/BackupManagerService( 4695): Now staging backup of android
D/WifiService( 4695): startScan by pid=5950, uid=10021
D/BackupManagerService( 4695): Now staging backup of com.google.android.googlequicksearchbox
W/ResourcesManager(10288): Asset path '/system/framework/secsmartcard.jar' does not exist or contains no resources.
W/ResourcesManager(10288): Asset path '/system/framework/com.google.android.maps.jar' does not exist or contains no resources.
W/ResourcesManager(10288): Asset path '/system/framework/multiwindow.jar' does not exist or contains no resources.
W/ResourcesManager(10288): Asset path '/system/framework/twframework.jar' does not exist or contains no resources.
W/ResourcesManager(10288): Asset path '/system/framework/secmediarecorder.jar' does not exist or contains no resources.
W/ResourcesManager(10288): Asset path '/system/framework/multiwindow.jar' does not exist or contains no resources.
W/ContextImpl( 4695): Calling a method in the system process without a qualified user: android.app.ContextImpl.sendBroadcast:1687 com.android.server.backup.BackupManagerService.warnEdmAdminOperationCompleted:9728 com.android.server.backup.BackupManagerService.access$200:164 com.android.server.backup.BackupManagerService$PerformBackupTask.finalizeBackup:2713 com.android.server.backup.BackupManagerService$PerformBackupTask.execute:2411 
I/BackupManagerService( 4695): Backup pass finished.
W/ResourcesManager(10288): Asset path '/system/framework/smatlib.jar' does not exist or contains no resources.
W/ResourcesManager(10288): Asset path '/system/framework/secvisualeffect.jar' does not exist or contains no resources.
W/ResourcesManager(10288): Asset path '/system/framework/sechardware.jar' does not exist or contains no resources.
W/ResourcesManager(10288): Asset path '/system/framework/multiwindow.jar' does not exist or contains no resources.
W/ResourcesManager(10288): Asset path '/system/framework/twframework.jar' does not exist or contains no resources.
W/ResourcesManager(10288): Asset path '/system/framework/allshare.jar' does not exist or contains no resources.
W/ResourcesManager(10288): Asset path '/system/framework/secmediarecorder.jar' does not exist or contains no resources.
W/ResourcesManager(10288): Asset path '/system/framework/twframework.jar' does not exist or contains no resources.
E/ActivityManager( 4695): checkUser: useridlist=null, currentuser=0
E/ActivityManager( 4695): checkUser: useridlist=null, currentuser=0
E/ActivityManager( 4695): checkUser: useridlist=null, currentuser=0
E/ActivityManager( 4695): checkUser: useridlist=null, currentuser=0
I/libpersona(10321): KNOX_SDCARD checking this for 10063
I/libpersona(10321): KNOX_SDCARD not a persona
I/ActivityManager( 4695): Start proc com.sec.android.gallery3d for broadcast com.sec.android.gallery3d/.app.PackagesMonitor: pid=10321 uid=10063 gids={50063, 9997, 3003, 1028, 1015, 1023, 3002} abi=armeabi-v7a
W/ResourcesManager(10321): Asset path '/system/framework/sechardware.jar' does not exist or contains no resources.
W/ResourcesManager(10321): Asset path '/system/framework/com.google.android.maps.jar' does not exist or contains no resources.
W/ResourcesManager(10321): Asset path '/system/framework/multiwindow.jar' does not exist or contains no resources.
W/ResourcesManager(10321): Asset path '/system/framework/twframework.jar' does not exist or contains no resources.
W/ResourcesManager(10321): Asset path '/system/framework/secimaging.jar' does not exist or contains no resources.
W/ResourcesManager(10321): Asset path '/system/framework/com.google.android.media.effects.jar' does not exist or contains no resources.
W/ResourcesManager(10321): Asset path '/system/framework/allshare.jar' does not exist or contains no resources.
W/ResourcesManager(10321): Asset path '/system/framework/secvision.jar' does not exist or contains no resources.
D/WifiDisplayAdapter( 4695): getWifiDisplayStatusLocked: result=WifiDisplayStatus{featureState=1, scanState=0, activeDisplayState=0, activeDisplay=null, displays=[], sessionInfo=WifiDisplaySessionInfo: Client/Owner: Client GroupId:  Passphrase:  SessionId: 0 IP Address: , connectedState=-1, networkQoS=0}
D/WifiDisplayAdapter( 4695): getWifiDisplayStatusLocked: result=WifiDisplayStatus{featureState=1, scanState=0, activeDisplayState=0, activeDisplay=null, displays=[], sessionInfo=WifiDisplaySessionInfo: Client/Owner: Client GroupId:  Passphrase:  SessionId: 0 IP Address: , connectedState=-1, networkQoS=0}
E/ActivityManager( 4695): checkUser: useridlist=null, currentuser=0
E/ActivityManager( 4695): checkUser: useridlist=null, currentuser=0
E/ActivityManager( 4695): checkUser: useridlist=null, currentuser=0
E/ActivityManager( 4695): checkUser: useridlist=null, currentuser=0
I/libpersona(10350): KNOX_SDCARD checking this for 1000
I/libpersona(10350): KNOX_SDCARD not a persona
I/ActivityManager( 4695): Start proc com.sec.knox.bridge for broadcast com.sec.knox.bridge/.PersonaShortcutReceiver: pid=10350 uid=1000 gids={41000, 9997, 3003, 3005, 1016, 3004, 3002, 3001, 1028, 1015, 1007, 1023, 2001, 1024, 1001} abi=armeabi-v7a
W/ResourcesManager(10350): Asset path '/system/framework/twframework.jar' does not exist or contains no resources.
E/ActivityManager( 4695): checkUser: useridlist=null, currentuser=0
E/ActivityManager( 4695): checkUser: useridlist=null, currentuser=0
E/ActivityManager( 4695): checkUser: useridlist=null, currentuser=0
E/ActivityManager( 4695): checkUser: useridlist=null, currentuser=0
I/libpersona(10366): KNOX_SDCARD checking this for 10135
I/libpersona(10366): KNOX_SDCARD not a persona
I/ActivityManager( 4695): Start proc com.samsung.android.app.FileShareServer for broadcast com.samsung.android.app.FileShareServer/.ServerBroadcastReceiver: pid=10366 uid=10135 gids={50135, 9997, 3003, 1028, 1015} abi=armeabi-v7a
E/ActivityManager( 4695): checkUser: useridlist=null, currentuser=0
E/ActivityManager( 4695): checkUser: useridlist=null, currentuser=0
E/ActivityManager( 4695): checkUser: useridlist=null, currentuser=0
E/ActivityManager( 4695): checkUser: useridlist=null, currentuser=0
I/libpersona(10381): KNOX_SDCARD checking this for 1000
I/libpersona(10381): KNOX_SDCARD not a persona
I/ActivityManager( 4695): Start proc com.sec.knox.knoxsetupwizardclient for broadcast com.sec.knox.knoxsetupwizardclient/.shortcut.ShortcutReceiver: pid=10381 uid=1000 gids={41000, 9997, 3003, 3005, 1016, 3004, 3002, 3001, 1028, 1015, 1007, 1023, 2001, 1024, 1001} abi=armeabi-v7a
E/ActivityManager( 4695): checkUser: useridlist=null, currentuser=0
E/ActivityManager( 4695): checkUser: useridlist=null, currentuser=0
E/ActivityManager( 4695): checkUser: useridlist=null, currentuser=0
E/ActivityManager( 4695): checkUser: useridlist=null, currentuser=0
I/ActivityManager( 4695): Start proc com.sec.chaton for broadcast com.sec.chaton/.plugin.PlugInMonitor: pid=10404 uid=10082 gids={50082, 9997, 3003, 1028, 1015} abi=armeabi
I/libpersona(10404): KNOX_SDCARD checking this for 10082
I/libpersona(10404): KNOX_SDCARD not a persona
W/ResourcesManager(10404): Asset path '/system/framework/com.google.android.maps.jar' does not exist or contains no resources.
D/ConnectivityService( 4695): returning getNetworkInfo(networkType - 1) :[type: WIFI[] - WIFI, state: DISCONNECTED/DISCONNECTED, reason: (unspecified), extra: (none), roaming: false, failover: false, isAvailable: true, isConnectedToProvisioningNetwork: false]
D/ConnectivityService( 4695): returning getNetworkInfo(networkType - 0) :[type: MOBILE[LTE] - MOBILE, state: CONNECTED/CONNECTED, reason: connected, extra: fast.t-mobile.com, roaming: false, failover: false, isAvailable: true, isConnectedToProvisioningNetwork: false]
W/ActivityManager( 4695): Unable to start service Intent { act=com.sec.chaton.push.PUSH_CLIENT_SERVICE_ACTION } U=0: not found
E/ActivityManager( 4695): checkUser: useridlist=null, currentuser=0
E/ActivityManager( 4695): checkUser: useridlist=null, currentuser=0
E/ActivityManager( 4695): checkUser: useridlist=null, currentuser=0
E/ActivityManager( 4695): checkUser: useridlist=null, currentuser=0
I/libpersona(10428): KNOX_SDCARD checking this for 10016
I/libpersona(10428): KNOX_SDCARD not a persona
I/ActivityManager( 4695): Start proc com.android.vending for broadcast com.android.vending/com.google.android.finsky.receivers.PackageMonitorReceiver$RegisteredReceiver: pid=10428 uid=10016 gids={50016, 9997, 3003, 1028, 1015} abi=armeabi-v7a
I/ActivityManager( 4695): Killing 7864:com.samsung.android.sdk.samsunglink/u0a6 (adj 15): BG,  16044K, hotnessAdj=0, XmlFlag=false, oom_adj=15
I/ActivityManager( 4695): Killing 10122:com.sec.android.widgetapp.dualclockdigital/u0a149 (adj 15): BG,  3340K, hotnessAdj=0, XmlFlag=false, oom_adj=15
I/ActivityManager( 4695): Killing 10149:com.sec.android.GeoLookout/u0a154 (adj 15): BG,  8197K, hotnessAdj=0, XmlFlag=false, oom_adj=15
I/ActivityManager( 4695): Killing 10213:com.sec.android.widgetapp.activeapplicationwidget/u0a181 (adj 15): BG,  2461K, hotnessAdj=0, XmlFlag=false, oom_adj=15
I/ActivityManager( 4695): Killing 10240:com.google.android.talk/u0a79 (adj 15): BG,  24112K, hotnessAdj=0, XmlFlag=false, oom_adj=15
I/ActivityManager_SDHA( 4695): F:065M, C:256M, ProcCnt:075, avgU:-----K, mgn:073M, nF:38608K, fd:54154K, thd:220M, wm:29M, c:01, e:18, lmkIdx:15, emS:00, rsmd:_F, lstCrt:vending, TOP:launcher, ear:0, car:0
E/ActivityManager( 4695): checkUser: useridlist=null, currentuser=0
E/ActivityManager( 4695): checkUser: useridlist=null, currentuser=0
E/ActivityManager( 4695): checkUser: useridlist=null, currentuser=0
E/ActivityManager( 4695): checkUser: useridlist=null, currentuser=0
I/libpersona(10488): KNOX_SDCARD checking this for 10021
I/libpersona(10488): KNOX_SDCARD not a persona
I/ActivityManager( 4695): Start proc com.google.android.gms:car for service com.google.android.gms/.car.CarService: pid=10488 uid=10021 gids={50021, 9997, 2001, 3003, 1007, 3006, 1028, 1015, 3002, 3001, 3007} abi=armeabi-v7a
W/ResourcesManager(10488): Asset path '/system/framework/com.android.media.remotedisplay.jar' does not exist or contains no resources.
W/ResourcesManager(10488): Asset path '/system/framework/com.android.location.provider.jar' does not exist or contains no resources.
E/ActivityManager( 4695): checkUser: useridlist=null, currentuser=0
E/ActivityManager( 4695): checkUser: useridlist=null, currentuser=0
E/ActivityManager( 4695): checkUser: useridlist=null, currentuser=0
E/ActivityManager( 4695): checkUser: useridlist=null, currentuser=0
I/libpersona(10513): KNOX_SDCARD checking this for 10058
I/libpersona(10513): KNOX_SDCARD not a persona
I/ActivityManager( 4695): Start proc com.sec.android.app.shealth for broadcast com.sec.android.app.shealth/.receiver.InstalledReceiver: pid=10513 uid=10058 gids={50058, 9997, 1028, 1015, 3003, 3002, 3001} abi=armeabi-v7a
I/ActivityManager( 4695): Killing 9762:com.android.providers.calendar/u0a10 (adj 15): BG,  4936K, hotnessAdj=0, XmlFlag=false, oom_adj=15
I/ActivityManager( 4695): Killing 10288:com.samsung.android.app.galaxyfinder/u0a19 (adj 15): BG,  14676K, hotnessAdj=0, XmlFlag=false, oom_adj=15
I/ActivityManager( 4695): Killing 10350:com.sec.knox.bridge/1000 (adj 13): BG,  2733K, hotnessAdj=0, XmlFlag=false, oom_adj=13
I/ActivityManager( 4695): Killing 10366:com.samsung.android.app.FileShareServer/u0a135 (adj 13): BG,  2540K, hotnessAdj=0, XmlFlag=false, oom_adj=13
I/ActivityManager( 4695): Killing 10381:com.sec.knox.knoxsetupwizardclient/1000 (adj 11): BG,  3000K, hotnessAdj=0, XmlFlag=false, oom_adj=11
I/ActivityManager( 4695): Killing 9741:com.google.android.calendar/u0a93 (adj 15): BG,  14570K, hotnessAdj=1, XmlFlag=false, oom_adj=15
I/ActivityManager( 4695): Killing 10193:com.sec.android.app.camera/u0a178 (adj 15): BG,  5125K, hotnessAdj=1, XmlFlag=false, oom_adj=15
I/ActivityManager( 4695): Killing 10404:com.sec.chaton/u0a82 (adj 11): BG,  16356K, hotnessAdj=2, XmlFlag=false, oom_adj=11
I/ActivityManager( 4695): Killing 7545:wheeler.michael.codechallenge/u0a248 (adj 15): BG,  38020K, hotnessAdj=125, XmlFlag=false, oom_adj=15
I/ActivityManager_SDHA( 4695): F:036M, C:273M, ProcCnt:071, avgU:-----K, mgn:073M, nF:68448K, fd:101956K, thd:220M, wm:29M, c:01, e:14, lmkIdx:15, emS:00, rsmd:T_, lstCrt:google.gms:car, TOP:launcher, ear:0, car:0
W/ResourcesManager(10513): Asset path '/system/framework/twframework.jar' does not exist or contains no resources.
E/NetlinkEvent( 4414): NetlinkEvent::FindParam(): Parameter 'TIME_NS' not found
W/ActivityThread(10488): ClassLoader.loadClass: The class loader returned by Thread.getContextClassLoader() may fail for processes that host multiple applications. You should explicitly specify a context class loader. For example: Thread.setContextClassLoader(getClass().getClassLoader());
E/ActivityManager( 4695): checkUser: useridlist=null, currentuser=0
E/ActivityManager( 4695): checkUser: useridlist=null, currentuser=0
E/ActivityManager( 4695): checkUser: useridlist=null, currentuser=0
E/ActivityManager( 4695): checkUser: useridlist=null, currentuser=0
I/libpersona(10553): KNOX_SDCARD checking this for 10076
I/libpersona(10553): KNOX_SDCARD not a persona
I/ActivityManager( 4695): Start proc com.google.android.apps.plus for broadcast com.google.android.apps.plus/.service.PackagesMediaMonitor: pid=10553 uid=10076 gids={50076, 9997, 3003, 3002, 1028, 1015} abi=armeabi-v7a
W/ResourcesManager(10553): Asset path '/system/framework/com.google.android.maps.jar' does not exist or contains no resources.
E/ActivityManager( 4695): checkUser: useridlist=null, currentuser=0
E/ActivityManager( 4695): checkUser: useridlist=null, currentuser=0
E/ActivityManager( 4695): checkUser: useridlist=null, currentuser=0
E/ActivityManager( 4695): checkUser: useridlist=null, currentuser=0
I/libpersona(10586): KNOX_SDCARD checking this for 10060
I/libpersona(10586): KNOX_SDCARD not a persona
I/ActivityManager( 4695): Start proc com.sec.spp.push:RemoteDlcProcess for broadcast com.sec.spp.push/.dlc.util.DlcRegiReceiver: pid=10586 uid=10060 gids={50060, 9997, 3003, 1028, 1015} abi=armeabi-v7a
W/ProcessCpuTracker( 4695): Skipping unknown process pid 10605
I/CLocInfoService( 4695): External Intent Received android.net.wifi.SCAN_RESULTS
I/CLocInfoCtrl( 4695): isWifiMeasurementAvailable
I/CLocInfoCtrl( 4695): Last Measure : 201508052205 New : 201508070052
I/CLocInfoCtrl( 4695): available result : 1
E/ActivityManager( 4695): checkUser: useridlist=null, currentuser=0
E/ActivityManager( 4695): checkUser: useridlist=null, currentuser=0
E/ActivityManager( 4695): checkUser: useridlist=null, currentuser=0
E/ActivityManager( 4695): checkUser: useridlist=null, currentuser=0
V/AlarmManager( 4695): waitForAlarm result :4
I/libpersona(10616): KNOX_SDCARD checking this for 10082
I/libpersona(10616): KNOX_SDCARD not a persona
I/ActivityManager( 4695): Start proc com.sec.chaton for broadcast com.sec.chaton/com.sec.common.util.log.collector.LogCollectorReceiver: pid=10616 uid=10082 gids={50082, 9997, 3003, 1028, 1015} abi=armeabi
D/WifiService( 4695): releaseWifiLockLocked: WifiLock{NlpWifiLock type=2 binder=android.os.BinderProxy@2104f8c5}
W/ResourcesManager(10616): Asset path '/system/framework/com.google.android.maps.jar' does not exist or contains no resources.
D/ConnectivityService( 4695): returning getNetworkInfo(networkType - 1) :[type: WIFI[] - WIFI, state: DISCONNECTED/DISCONNECTED, reason: (unspecified), extra: (none), roaming: false, failover: false, isAvailable: true, isConnectedToProvisioningNetwork: false]
D/ConnectivityService( 4695): returning getNetworkInfo(networkType - 0) :[type: MOBILE[LTE] - MOBILE, state: CONNECTED/CONNECTED, reason: connected, extra: fast.t-mobile.com, roaming: false, failover: false, isAvailable: true, isConnectedToProvisioningNetwork: false]
W/ActivityManager( 4695): Unable to start service Intent { act=com.sec.chaton.push.PUSH_CLIENT_SERVICE_ACTION } U=0: not found
--------- beginning of main
V/NuCachedSource2( 4451): onFetch
E/Sensors ( 4695): Acc old sensor_state 8192, new sensor_state : 8193 en : 1
D/SensorManager( 5950): registerListener :: 0, MPU6500 Acceleration Sensor, 20000, 0,  
V/NuCachedSource2( 4451): onFetch
V/NuCachedSource2( 4451): onFetch
D/StatusBar.NetworkController( 4983): onSignalStrengthsChanged signalStrength=SignalStrength: 99 99 -120 -160 -120 -1 -1 17 -112 -8 34 -1 2147483647 0x3000 gsm|lte level=3
D/WfcPhoneStateListener( 5523): onSignalStrengthsChanged(): signal strength did not change
V/NuCachedSource2( 4451): onFetch
D/SSRM:m  ( 4695): SIOP:: AP = 450, PST = 371, CUR = 450
V/NuCachedSource2( 4451): onFetch
V/NuCachedSource2( 4451): onFetch
V/NuCachedSource2( 4451): onFetch
E/SQLiteLog( 5634): (10) POSIX Error : 11 SQLite Error : 3850
V/NuCachedSource2( 4451): onFetch
D/GenericSource( 4451): cachedDurationUs = 142.13 secs, eos=1
V/MediaPlayer(19056): getDuration_l
V/MediaPlayerService( 4451): getDuration
V/MediaPlayerService( 4451): [160] getDuration = 153020
V/MediaPlayer-JNI(19056): getDuration: 153020 (msec)
V/NuPlayer( 4451): kWhatSourceNotify with buffering-update for NuPlayer 100
V/NuPlayer( 4451): msg : 3, ext1 : 100, ext2 : 0
V/MediaPlayerService( 4451): [160] notify (0xac0fcd00, 3, 100, 0)
V/MediaPlayer(19056): message received msg=3, ext1=100, ext2=0
V/MediaPlayer-JNI(19056): getCurrentPosition: 0 (msec)
V/MediaPlayer(19056): buffering 100
V/MediaPlayer(19056): callback application
V/MediaPlayer(19056): getDuration_l
V/MediaPlayer(19056): back from callback
V/MediaPlayerService( 4451): getDuration
V/MediaPlayerService( 4451): [160] getDuration = 153020
V/MediaPlayer-JNI(19056): getDuration: 153020 (msec)
V/NuCachedSource2( 4451): onFetch
D/BatteryService( 4695): !@BatteryListener : batteryPropertiesChanged!
I/Tethering( 4695): BATTERY_CHANGED, level = 71lowBatteryThreshold = 15
D/BatteryService( 4695): level:71, scale:100, status:2, health:2, present:true, voltage: 4067, temperature: 312, technology: Li-ion, AC powered:false, USB powered:true, POGO powered:false, Wireless powered:false, icon:17303749, invalid charger:0
D/BatteryService( 4695): online:4, current avg:450, charge type:1, power sharing:false, high voltage charger:false, capacity:280000
D/BatteryService( 4695): Sending ACTION_BATTERY_CHANGED.
D/MotionRecognitionService( 4695):   mReceiver.onReceive : ACTION_BATTERY_CHANGED
I/MotionRecognitionService( 4695): Plugged
I/MotionRecognitionService( 4695): setPowerConnected  = true
D/KeyguardUpdateMonitor( 4983): received broadcast android.intent.action.BATTERY_CHANGED
D/KeyguardUpdateMonitor( 4983): handleBatteryUpdate
D/BatteryMonitor( 5489): new battery level: 71
D/ConnectivityService( 4695): returning getNetworkInfo(networkType - 1) :[type: WIFI[] - WIFI, state: DISCONNECTED/DISCONNECTED, reason: (unspecified), extra: (none), roaming: false, failover: false, isAvailable: true, isConnectedToProvisioningNetwork: false]
V/HeadsetService( 8285): HeadsetService - Received Intent.ACTION_BATTERY_CHANGED
D/HeadsetStateMachine( 8285): Disconnected process message: 10
D/STATUSBAR-PhoneStatusBar( 4983):  mBrightnessEnablebySettings = true mBrightnessEnablebyBattery = true mBrightnessEnablebyDisableFlag = true mPmsBrightnessEnablebySettings = true
D/BatteryMeterView( 4983): ACTION_BATTERY_CHANGED : level:71 status:2 health:2
D/BatteryMeterView( 4983): ACTION_BATTERY_CHANGED : level:71 status:2 health:2
D/BatteryMeterView( 4983): ACTION_BATTERY_CHANGED : level:71 status:2 health:2
E/MtpServerJNI( 4277): server is null in send_object_removed
V/NuCachedSource2( 4451): onFetch
D/BatteryMeterView( 4983): onDraw batteryColor : -1
V/NuCachedSource2( 4451): onFetch
V/NuCachedSource2( 4451): onFetch
V/NuCachedSource2( 4451): onFetch
V/NuCachedSource2( 4451): onFetch
V/NuCachedSource2( 4451): onFetch
V/NuCachedSource2( 4451): onFetch
V/NuCachedSource2( 4451): onFetch
V/NuCachedSource2( 4451): onFetch
V/MediaPlayer(19056): getDuration_l
V/NuPlayer( 4451): kWhatSourceNotify with buffering-update for NuPlayer 100
V/NuPlayer( 4451): msg : 3, ext1 : 100, ext2 : 0
V/MediaPlayerService( 4451): [160] notify (0xac0fcd00, 3, 100, 0)
D/GenericSource( 4451): cachedDurationUs = 142.13 secs, eos=1
V/MediaPlayer(19056): message received msg=3, ext1=100, ext2=0
V/MediaPlayerService( 4451): getDuration
V/MediaPlayerService( 4451): [160] getDuration = 153020
V/MediaPlayer-JNI(19056): getDuration: 153020 (msec)
V/MediaPlayer(19056): buffering 100
V/MediaPlayer(19056): callback application
V/MediaPlayer(19056): back from callback
V/MediaPlayer-JNI(19056): getCurrentPosition: 0 (msec)
V/MediaPlayer(19056): getDuration_l
V/MediaPlayerService( 4451): getDuration
V/MediaPlayerService( 4451): [160] getDuration = 153020
V/MediaPlayer-JNI(19056): getDuration: 153020 (msec)
V/NuCachedSource2( 4451): onFetch
V/NuCachedSource2( 4451): onFetch
V/NuCachedSource2( 4451): onFetch
V/NuCachedSource2( 4451): onFetch
V/NuCachedSource2( 4451): onFetch
V/NuCachedSource2( 4451): onFetch
V/NuCachedSource2( 4451): onFetch
D/ConnectivityService( 4695): returning getNetworkInfo(networkType - 1) :[type: WIFI[] - WIFI, state: DISCONNECTED/DISCONNECTED, reason: (unspecified), extra: (none), roaming: false, failover: false, isAvailable: true, isConnectedToProvisioningNetwork: false]
D/ConnectivityService( 4695): returning getNetworkInfo(networkType - 1) :[type: WIFI[] - WIFI, state: DISCONNECTED/DISCONNECTED, reason: (unspecified), extra: (none), roaming: false, failover: false, isAvailable: true, isConnectedToProvisioningNetwork: false]
D/WfcPhoneStateListener( 5523): onSignalStrengthsChanged(): signal strength did not change
D/StatusBar.NetworkController( 4983): onSignalStrengthsChanged signalStrength=SignalStrength: 99 99 -120 -160 -120 -1 -1 17 -110 -8 48 -1 2147483647 0x3000 gsm|lte level=3
V/NuCachedSource2( 4451): onFetch
E/SMD     (  281): DCD ON
V/NuCachedSource2( 4451): onFetch
V/NuCachedSource2( 4451): onFetch
V/MediaPlayer(19056): getDuration_l
V/MediaPlayerService( 4451): getDuration
V/MediaPlayerService( 4451): [160] getDuration = 153020
V/MediaPlayer-JNI(19056): getDuration: 153020 (msec)
V/MediaPlayer-JNI(19056): getCurrentPosition: 0 (msec)
V/MediaPlayer(19056): getDuration_l
V/NuPlayer( 4451): kWhatSourceNotify with buffering-update for NuPlayer 100
V/NuPlayer( 4451): msg : 3, ext1 : 100, ext2 : 0
V/MediaPlayerService( 4451): [160] notify (0xac0fcd00, 3, 100, 0)
D/GenericSource( 4451): cachedDurationUs = 142.13 secs, eos=1
V/MediaPlayer(19056): message received msg=3, ext1=100, ext2=0
V/MediaPlayerService( 4451): getDuration
V/MediaPlayerService( 4451): [160] getDuration = 153020
V/MediaPlayer-JNI(19056): getDuration: 153020 (msec)
V/MediaPlayer(19056): buffering 100
V/MediaPlayer(19056): callback application
V/MediaPlayer(19056): back from callback
V/NuCachedSource2( 4451): onFetch
V/NuCachedSource2( 4451): onFetch
V/NuCachedSource2( 4451): onFetch
V/NuCachedSource2( 4451): onFetch
V/NuCachedSource2( 4451): onFetch
V/MediaPlayer-JNI( 8558): release
V/MediaPlayer( 8558): setListener
V/MediaPlayer( 8558): disconnect
V/MediaPlayer( 8558): destructor
V/MediaPlayer( 8558): disconnect
V/NuCachedSource2( 4451): onFetch
E/NetlinkEvent( 4414): NetlinkEvent::FindParam(): Parameter 'TIME_NS' not found
E/Sensors ( 4695): Acc old sensor_state 8193, new sensor_state : 8192 en : 0
V/NuCachedSource2( 4451): onFetch
D/SensorManager( 5950): unregisterListener ::   
D/LocationFilter( 5950): Significant motion detection disabled.
I/GCoreUlr( 5950): Received powerMode change from NLP: com.google.android.location.activity.DEEP_STILL_MODE_ENABLED
I/GCoreUlr( 5950): Triggering possible samping update for: 1
I/GCoreUlr( 5950): Starting service, intent=Intent { act=com.google.android.location.reporting.ACTION_UPDATE_ACTIVE_STATE cmp=com.google.android.gms/com.google.android.location.reporting.service.DispatchingService (has extras) }, extras=Bundle[{source=PowerModeReceiver}]
V/NuCachedSource2( 4451): onFetch
D/SensorManager( 5950): requestTrigger :: 13, SAMSUNG Significant Motion Sensor,  
V/NuCachedSource2( 4451): onFetch
I/GCoreUlr( 5950): DispatchingService.updateActiveState+PowerModeReceiver: Ensuring that reporting is active for [account#-13#]
V/NuCachedSource2( 4451): onFetch
V/MediaPlayer(19056): getDuration_l
V/MediaPlayerService( 4451): getDuration
V/MediaPlayerService( 4451): [160] getDuration = 153020
V/MediaPlayer-JNI(19056): getDuration: 153020 (msec)
V/MediaPlayer-JNI(19056): getCurrentPosition: 0 (msec)
V/MediaPlayer(19056): getDuration_l
V/MediaPlayerService( 4451): getDuration
V/MediaPlayerService( 4451): [160] getDuration = 153020
V/MediaPlayer-JNI(19056): getDuration: 153020 (msec)
V/NuPlayer( 4451): kWhatSourceNotify with buffering-update for NuPlayer 100
V/NuPlayer( 4451): msg : 3, ext1 : 100, ext2 : 0
V/MediaPlayerService( 4451): [160] notify (0xac0fcd00, 3, 100, 0)
V/MediaPlayer(19056): message received msg=3, ext1=100, ext2=0
D/GenericSource( 4451): cachedDurationUs = 142.13 secs, eos=1
V/MediaPlayer(19056): buffering 100
V/MediaPlayer(19056): callback application
V/MediaPlayer(19056): back from callback
V/NuCachedSource2( 4451): onFetch
I/art     ( 4695): Explicit concurrent mark sweep GC freed 38909(2MB) AllocSpace objects, 4(64KB) LOS objects, 11% free, 61MB/69MB, paused 2.146ms total 196.758ms
I/GAV3    (10513): Thread[GAThread,5,main]: No campaign data found.
I/GCoreUlr( 5950): GMS FLP location and AR updates requested: {"description":"stationary","newRequest":true,"samplePeriodMs":1080000,"sampleReason":"stationary","sampleSource":"internal","timestampMs":1438933953366}
I/GCoreUlr( 5950): GMS BLE scans enabled.
V/NuCachedSource2( 4451): onFetch
V/NuCachedSource2( 4451): onFetch
V/NuCachedSource2( 4451): onFetch
V/NuCachedSource2( 4451): onFetch
V/NuCachedSource2( 4451): onFetch
V/NuCachedSource2( 4451): onFetch
V/NuCachedSource2( 4451): onFetch
V/NuCachedSource2( 4451): onFetch
D/StatusBar.NetworkController( 4983): onSignalStrengthsChanged signalStrength=SignalStrength: 99 99 -120 -160 -120 -1 -1 17 -109 -7 50 -1 2147483647 0x4000 gsm|lte level=4
D/StatusBar.NetworkController( 4983): refreshSignalCluster - setNWBoosterIndicators(false)
D/WfcPhoneStateListener( 5523): onSignalStrengthsChanged(): signal strength changed; Level 4
V/NuCachedSource2( 4451): onFetch
D/WfcService( 5523): updateSignalStrength(): gsmSignalStrength=4
D/StatusBar.NetworkController( 4983): applyTMO
D/StatusBar.NetworkController( 4983): refreshSignalCluster - setNWBoosterIndicators(false)
D/StatusBar.NetworkController( 4983): applyTMO
D/StatusBar.NetworkController( 4983): refreshSignalCluster - setNWBoosterIndicators(false)
D/StatusBar.NetworkController( 4983): applyTMO
D/StatusBar.NetworkController( 4983): refreshSignalCluster - setNWBoosterIndicators(false)
D/StatusBar.NetworkController( 4983): applyTMO
V/MediaPlayer(19056): getDuration_l
V/MediaPlayerService( 4451): getDuration
V/MediaPlayerService( 4451): [160] getDuration = 153020
V/MediaPlayer-JNI(19056): getDuration: 153020 (msec)
I/WfcController( 5523): processSignalStrength(): gsmSignalStrength=4
D/WfcController( 5523): isRadioConnected(): radio is connected
V/MediaPlayer-JNI(19056): getCurrentPosition: 0 (msec)
V/MediaPlayer(19056): getDuration_l
V/MediaPlayerService( 4451): getDuration
V/MediaPlayerService( 4451): [160] getDuration = 153020
V/MediaPlayer-JNI(19056): getDuration: 153020 (msec)
D/WfcController( 5523): checkAndUpdateLowSignal(): !isRadioConnected()=false, (mWfcControlState.mWifiState == WifiStates.DISCONNECTED)=true, mWifiManager.isWifiEnabled()=false
D/WfcController( 5523): isRadioConnected(): radio is connected
D/WfcController( 5523): checkAndUpdateLowSignal(): Broadcast NOT in low signal
D/WfcController( 5523): checkAndUpdateLowSignal(): Broadcast nothing changed
V/NuPlayer( 4451): kWhatSourceNotify with buffering-update for NuPlayer 100
V/NuPlayer( 4451): msg : 3, ext1 : 100, ext2 : 0
V/MediaPlayerService( 4451): [160] notify (0xac0fcd00, 3, 100, 0)
D/GenericSource( 4451): cachedDurationUs = 142.13 secs, eos=1
V/MediaPlayer(19056): message received msg=3, ext1=100, ext2=0
V/MediaPlayer(19056): buffering 100
V/MediaPlayer(19056): callback application
V/MediaPlayer(19056): back from callback
V/NuCachedSource2( 4451): onFetch
V/NuCachedSource2( 4451): onFetch
V/NuCachedSource2( 4451): onFetch
V/NuCachedSource2( 4451): onFetch
V/NuCachedSource2( 4451): onFetch
V/NuCachedSource2( 4451): onFetch
V/NuCachedSource2( 4451): onFetch
V/NuCachedSource2( 4451): onFetch
E/SMD     (  281): DCD ON
V/NuCachedSource2( 4451): onFetch
V/NuCachedSource2( 4451): onFetch
V/MediaPlayer(19056): getDuration_l
V/MediaPlayerService( 4451): getDuration
V/MediaPlayerService( 4451): [160] getDuration = 153020
V/MediaPlayer-JNI(19056): getDuration: 153020 (msec)
V/MediaPlayer-JNI(19056): getCurrentPosition: 0 (msec)
V/MediaPlayer(19056): getDuration_l
V/MediaPlayerService( 4451): getDuration
V/MediaPlayerService( 4451): [160] getDuration = 153020
V/MediaPlayer-JNI(19056): getDuration: 153020 (msec)
V/NuPlayer( 4451): kWhatSourceNotify with buffering-update for NuPlayer 100
V/NuPlayer( 4451): msg : 3, ext1 : 100, ext2 : 0
V/MediaPlayerService( 4451): [160] notify (0xac0fcd00, 3, 100, 0)
D/GenericSource( 4451): cachedDurationUs = 142.13 secs, eos=1
V/MediaPlayer(19056): message received msg=3, ext1=100, ext2=0
V/MediaPlayer(19056): buffering 100
V/MediaPlayer(19056): callback application
V/MediaPlayer(19056): back from callback
V/NuCachedSource2( 4451): onFetch
V/NuCachedSource2( 4451): onFetch
V/NuCachedSource2( 4451): onFetch
V/NuCachedSource2( 4451): onFetch
V/NuCachedSource2( 4451): onFetch
V/NuCachedSource2( 4451): onFetch
V/NuCachedSource2( 4451): onFetch
V/NuCachedSource2( 4451): onFetch
V/NuCachedSource2( 4451): onFetch
V/MediaPlayer(19056): getDuration_l
V/MediaPlayerService( 4451): getDuration
V/MediaPlayerService( 4451): [160] getDuration = 153020
V/MediaPlayer-JNI(19056): getDuration: 153020 (msec)
V/NuCachedSource2( 4451): onFetch
V/MediaPlayer-JNI(19056): getCurrentPosition: 0 (msec)
V/MediaPlayer(19056): getDuration_l
V/MediaPlayerService( 4451): getDuration
V/MediaPlayerService( 4451): [160] getDuration = 153020
V/MediaPlayer-JNI(19056): getDuration: 153020 (msec)
V/NuPlayer( 4451): kWhatSourceNotify with buffering-update for NuPlayer 100
V/NuPlayer( 4451): msg : 3, ext1 : 100, ext2 : 0
V/MediaPlayerService( 4451): [160] notify (0xac0fcd00, 3, 100, 0)
V/MediaPlayer(19056): message received msg=3, ext1=100, ext2=0
D/GenericSource( 4451): cachedDurationUs = 142.13 secs, eos=1
V/MediaPlayer(19056): buffering 100
V/MediaPlayer(19056): callback application
V/MediaPlayer(19056): back from callback
V/NuCachedSource2( 4451): onFetch
V/NuCachedSource2( 4451): onFetch
V/NuCachedSource2( 4451): onFetch
V/NuCachedSource2( 4451): onFetch
V/NuCachedSource2( 4451): onFetch
V/NuCachedSource2( 4451): onFetch
V/NuCachedSource2( 4451): onFetch
V/NuCachedSource2( 4451): onFetch
V/NuCachedSource2( 4451): onFetch
V/MediaPlayer(19056): getDuration_l
V/MediaPlayerService( 4451): getDuration
V/MediaPlayerService( 4451): [160] getDuration = 153020
V/MediaPlayer-JNI(19056): getDuration: 153020 (msec)
V/MediaPlayer-JNI(19056): getCurrentPosition: 0 (msec)
V/MediaPlayer(19056): getDuration_l
V/MediaPlayerService( 4451): getDuration
V/MediaPlayerService( 4451): [160] getDuration = 153020
V/MediaPlayer-JNI(19056): getDuration: 153020 (msec)
V/NuCachedSource2( 4451): onFetch
V/NuPlayer( 4451): kWhatSourceNotify with buffering-update for NuPlayer 100
V/NuPlayer( 4451): msg : 3, ext1 : 100, ext2 : 0
V/MediaPlayerService( 4451): [160] notify (0xac0fcd00, 3, 100, 0)
V/MediaPlayer(19056): message received msg=3, ext1=100, ext2=0
D/GenericSource( 4451): cachedDurationUs = 142.13 secs, eos=1
V/MediaPlayer(19056): buffering 100
V/MediaPlayer(19056): callback application
V/MediaPlayer(19056): back from callback
V/NuCachedSource2( 4451): onFetch
V/NuCachedSource2( 4451): onFetch
V/NuCachedSource2( 4451): onFetch
V/NuCachedSource2( 4451): onFetch
V/NuCachedSource2( 4451): onFetch
V/NuCachedSource2( 4451): onFetch
V/NuCachedSource2( 4451): onFetch
E/SMD     (  281): DCD ON
V/NuCachedSource2( 4451): onFetch
V/NuCachedSource2( 4451): onFetch
V/MediaPlayer(19056): getDuration_l
V/MediaPlayerService( 4451): getDuration
V/MediaPlayerService( 4451): [160] getDuration = 153020
V/MediaPlayer-JNI(19056): getDuration: 153020 (msec)
V/MediaPlayer-JNI(19056): getCurrentPosition: 0 (msec)
V/MediaPlayer(19056): getDuration_l
V/MediaPlayerService( 4451): getDuration
V/MediaPlayerService( 4451): [160] getDuration = 153020
V/MediaPlayer-JNI(19056): getDuration: 153020 (msec)
V/NuCachedSource2( 4451): onFetch
V/NuPlayer( 4451): kWhatSourceNotify with buffering-update for NuPlayer 100
V/NuPlayer( 4451): msg : 3, ext1 : 100, ext2 : 0
V/MediaPlayerService( 4451): [160] notify (0xac0fcd00, 3, 100, 0)
V/MediaPlayer(19056): message received msg=3, ext1=100, ext2=0
D/GenericSource( 4451): cachedDurationUs = 142.13 secs, eos=1
V/MediaPlayer(19056): buffering 100
V/MediaPlayer(19056): callback application
V/MediaPlayer(19056): back from callback
V/NuCachedSource2( 4451): onFetch
V/NuCachedSource2( 4451): onFetch
V/NuCachedSource2( 4451): onFetch
V/NuCachedSource2( 4451): onFetch
V/NuCachedSource2( 4451): onFetch
V/NuCachedSource2( 4451): onFetch
V/NuCachedSource2( 4451): onFetch
V/NuCachedSource2( 4451): onFetch
V/NuCachedSource2( 4451): onFetch
V/MediaPlayer(19056): getDuration_l
V/MediaPlayerService( 4451): getDuration
V/MediaPlayerService( 4451): [160] getDuration = 153020
V/MediaPlayer-JNI(19056): getDuration: 153020 (msec)
V/MediaPlayer-JNI(19056): getCurrentPosition: 0 (msec)
V/MediaPlayer(19056): getDuration_l
V/MediaPlayerService( 4451): getDuration
V/MediaPlayerService( 4451): [160] getDuration = 153020
V/MediaPlayer-JNI(19056): getDuration: 153020 (msec)
V/NuPlayer( 4451): kWhatSourceNotify with buffering-update for NuPlayer 100
V/NuPlayer( 4451): msg : 3, ext1 : 100, ext2 : 0
V/MediaPlayerService( 4451): [160] notify (0xac0fcd00, 3, 100, 0)
V/MediaPlayer(19056): message received msg=3, ext1=100, ext2=0
D/GenericSource( 4451): cachedDurationUs = 142.13 secs, eos=1
V/MediaPlayer(19056): buffering 100
V/MediaPlayer(19056): callback application
V/MediaPlayer(19056): back from callback
V/NuCachedSource2( 4451): onFetch
V/NuCachedSource2( 4451): onFetch
V/NuCachedSource2( 4451): onFetch
V/NuCachedSource2( 4451): onFetch
V/NuCachedSource2( 4451): onFetch
V/NuCachedSource2( 4451): onFetch
V/NuCachedSource2( 4451): onFetch
D/SSRM:m  ( 4695): SIOP:: AP = 410, PST = 380, CUR = 450
V/NuCachedSource2( 4451): onFetch
V/NuCachedSource2( 4451): onFetch
V/NuCachedSource2( 4451): onFetch
V/MediaPlayer(19056): getDuration_l
V/MediaPlayerService( 4451): getDuration
V/MediaPlayerService( 4451): [160] getDuration = 153020
V/MediaPlayer-JNI(19056): getDuration: 153020 (msec)
V/MediaPlayer-JNI(19056): getCurrentPosition: 0 (msec)
V/MediaPlayer(19056): getDuration_l
V/MediaPlayerService( 4451): getDuration
V/MediaPlayerService( 4451): [160] getDuration = 153020
V/MediaPlayer-JNI(19056): getDuration: 153020 (msec)
V/NuPlayer( 4451): kWhatSourceNotify with buffering-update for NuPlayer 100
V/NuPlayer( 4451): msg : 3, ext1 : 100, ext2 : 0
V/MediaPlayerService( 4451): [160] notify (0xac0fcd00, 3, 100, 0)
V/MediaPlayer(19056): message received msg=3, ext1=100, ext2=0
