V/MediaPlayer(19056): message received msg=3, ext1=100, ext2=0
D/GenericSource( 4451): cachedDurationUs = 142.13 secs, eos=1
V/MediaPlayer(19056): buffering 100
V/MediaPlayer(19056): callback application
V/MediaPlayer(19056): back from callback
V/NuCachedSource2( 4451): onFetch
V/NuCachedSource2( 4451): onFetch
V/NuCachedSource2( 4451): onFetch
V/NuCachedSource2( 4451): onFetch
V/NuCachedSource2( 4451): onFetch
V/NuCachedSource2( 4451): onFetch
D/StatusBar.NetworkController( 4983): onSignalStrengthsChanged signalStrength=SignalStrength: 99 99 -120 -160 -120 -1 -1 18 -109 -7 32 -1 2147483647 0x4000 gsm|lte level=4
D/WfcPhoneStateListener( 5523): onSignalStrengthsChanged(): signal strength did not change
V/NuCachedSource2( 4451): onFetch
D/BatteryService( 4695): !@BatteryListener : batteryPropertiesChanged!
D/BatteryService( 4695): level:72, scale:100, status:2, health:2, present:true, voltage: 4105, temperature: 310, technology: Li-ion, AC powered:false, USB powered:true, POGO powered:false, Wireless powered:false, icon:17303749, invalid charger:0
D/BatteryService( 4695): online:4, current avg:450, charge type:1, power sharing:false, high voltage charger:false, capacity:280000
D/BatteryService( 4695): Sending ACTION_BATTERY_CHANGED.
I/Tethering( 4695): BATTERY_CHANGED, level = 72lowBatteryThreshold = 15
D/MotionRecognitionService( 4695):   mReceiver.onReceive : ACTION_BATTERY_CHANGED
I/MotionRecognitionService( 4695): Plugged
I/MotionRecognitionService( 4695): setPowerConnected  = true
D/KeyguardUpdateMonitor( 4983): received broadcast android.intent.action.BATTERY_CHANGED
D/KeyguardUpdateMonitor( 4983): handleBatteryUpdate
D/BatteryMonitor( 5489): new battery level: 72
D/STATUSBAR-PhoneStatusBar( 4983):  mBrightnessEnablebySettings = true mBrightnessEnablebyBattery = true mBrightnessEnablebyDisableFlag = true mPmsBrightnessEnablebySettings = true
V/HeadsetService( 8285): HeadsetService - Received Intent.ACTION_BATTERY_CHANGED
D/HeadsetStateMachine( 8285): Disconnected process message: 10
D/BatteryMeterView( 4983): ACTION_BATTERY_CHANGED : level:72 status:2 health:2
D/BatteryMeterView( 4983): ACTION_BATTERY_CHANGED : level:72 status:2 health:2
D/BatteryMeterView( 4983): ACTION_BATTERY_CHANGED : level:72 status:2 health:2
V/MediaPlayer(19056): getDuration_l
V/MediaPlayerService( 4451): getDuration
V/MediaPlayerService( 4451): [160] getDuration = 153020
V/MediaPlayer-JNI(19056): getDuration: 153020 (msec)
V/MediaPlayer-JNI(19056): getCurrentPosition: 0 (msec)
V/MediaPlayer(19056): getDuration_l
V/MediaPlayerService( 4451): getDuration
V/MediaPlayerService( 4451): [160] getDuration = 153020
V/MediaPlayer-JNI(19056): getDuration: 153020 (msec)
V/NuCachedSource2( 4451): onFetch
V/NuCachedSource2( 4451): onFetch
V/NuCachedSource2( 4451): onFetch
D/GenericSource( 4451): cachedDurationUs = 142.13 secs, eos=1
V/NuPlayer( 4451): kWhatSourceNotify with buffering-update for NuPlayer 100
V/NuPlayer( 4451): msg : 3, ext1 : 100, ext2 : 0
V/MediaPlayerService( 4451): [160] notify (0xac0fcd00, 3, 100, 0)
V/MediaPlayer(19056): message received msg=3, ext1=100, ext2=0
V/MediaPlayer(19056): buffering 100
V/MediaPlayer(19056): callback application
V/MediaPlayer(19056): back from callback
V/NuCachedSource2( 4451): onFetch
V/NuCachedSource2( 4451): onFetch
V/NuCachedSource2( 4451): onFetch
V/NuCachedSource2( 4451): onFetch
V/NuCachedSource2( 4451): onFetch
V/NuCachedSource2( 4451): onFetch
V/NuCachedSource2( 4451): onFetch
V/MediaPlayer(19056): getDuration_l
V/MediaPlayerService( 4451): getDuration
V/MediaPlayerService( 4451): [160] getDuration = 153020
V/MediaPlayer-JNI(19056): getDuration: 153020 (msec)
V/MediaPlayer-JNI(19056): getCurrentPosition: 0 (msec)
V/MediaPlayer(19056): getDuration_l
V/MediaPlayerService( 4451): getDuration
V/MediaPlayerService( 4451): [160] getDuration = 153020
V/MediaPlayer-JNI(19056): getDuration: 153020 (msec)
V/NuCachedSource2( 4451): onFetch
D/StatusBar.NetworkController( 4983): onSignalStrengthsChanged signalStrength=SignalStrength: 99 99 -120 -160 -120 -1 -1 18 -109 -7 18 -1 2147483647 0x4000 gsm|lte level=4
D/WfcPhoneStateListener( 5523): onSignalStrengthsChanged(): signal strength did not change
V/NuCachedSource2( 4451): onFetch
V/NuCachedSource2( 4451): onFetch
D/GenericSource( 4451): cachedDurationUs = 142.13 secs, eos=1
V/NuPlayer( 4451): kWhatSourceNotify with buffering-update for NuPlayer 100
V/NuPlayer( 4451): msg : 3, ext1 : 100, ext2 : 0
V/MediaPlayerService( 4451): [160] notify (0xac0fcd00, 3, 100, 0)
V/MediaPlayer(19056): message received msg=3, ext1=100, ext2=0
V/MediaPlayer(19056): buffering 100
V/MediaPlayer(19056): callback application
V/MediaPlayer(19056): back from callback
V/NuCachedSource2( 4451): onFetch
V/NuCachedSource2( 4451): onFetch
V/NuCachedSource2( 4451): onFetch
V/NuCachedSource2( 4451): onFetch
V/NuCachedSource2( 4451): onFetch
E/SMD     (  281): DCD ON
V/NuCachedSource2( 4451): onFetch
V/NuCachedSource2( 4451): onFetch
V/MediaPlayer(19056): getDuration_l
V/MediaPlayerService( 4451): getDuration
V/MediaPlayerService( 4451): [160] getDuration = 153020
V/MediaPlayer-JNI(19056): getDuration: 153020 (msec)
V/MediaPlayer-JNI(19056): getCurrentPosition: 0 (msec)
V/MediaPlayer(19056): getDuration_l
V/MediaPlayerService( 4451): getDuration
V/MediaPlayerService( 4451): [160] getDuration = 153020
V/MediaPlayer-JNI(19056): getDuration: 153020 (msec)
V/NuCachedSource2( 4451): onFetch
V/NuCachedSource2( 4451): onFetch
V/NuCachedSource2( 4451): onFetch
D/GenericSource( 4451): cachedDurationUs = 142.13 secs, eos=1
V/NuPlayer( 4451): kWhatSourceNotify with buffering-update for NuPlayer 100
V/NuPlayer( 4451): msg : 3, ext1 : 100, ext2 : 0
V/MediaPlayerService( 4451): [160] notify (0xac0fcd00, 3, 100, 0)
V/MediaPlayer(19056): message received msg=3, ext1=100, ext2=0
V/MediaPlayer(19056): buffering 100
V/MediaPlayer(19056): callback application
V/MediaPlayer(19056): back from callback
V/NuCachedSource2( 4451): onFetch
V/NuCachedSource2( 4451): onFetch
V/NuCachedSource2( 4451): onFetch
V/NuCachedSource2( 4451): onFetch
V/NuCachedSource2( 4451): onFetch
V/NuCachedSource2( 4451): onFetch
V/NuCachedSource2( 4451): onFetch
V/MediaPlayer(19056): getDuration_l
V/MediaPlayerService( 4451): getDuration
V/MediaPlayerService( 4451): [160] getDuration = 153020
V/MediaPlayer-JNI(19056): getDuration: 153020 (msec)
V/MediaPlayer-JNI(19056): getCurrentPosition: 0 (msec)
V/MediaPlayer(19056): getDuration_l
V/MediaPlayerService( 4451): getDuration
V/MediaPlayerService( 4451): [160] getDuration = 153020
V/MediaPlayer-JNI(19056): getDuration: 153020 (msec)
V/NuCachedSource2( 4451): onFetch
V/NuCachedSource2( 4451): onFetch
V/NuCachedSource2( 4451): onFetch
D/GenericSource( 4451): cachedDurationUs = 142.13 secs, eos=1
V/NuPlayer( 4451): kWhatSourceNotify with buffering-update for NuPlayer 100
V/NuPlayer( 4451): msg : 3, ext1 : 100, ext2 : 0
V/MediaPlayerService( 4451): [160] notify (0xac0fcd00, 3, 100, 0)
V/MediaPlayer(19056): message received msg=3, ext1=100, ext2=0
V/MediaPlayer(19056): buffering 100
V/MediaPlayer(19056): callback application
V/MediaPlayer(19056): back from callback
V/NuCachedSource2( 4451): onFetch
V/NuCachedSource2( 4451): onFetch
V/NuCachedSource2( 4451): onFetch
V/NuCachedSource2( 4451): onFetch
V/NuCachedSource2( 4451): onFetch
V/NuCachedSource2( 4451): onFetch
V/NuCachedSource2( 4451): onFetch
V/MediaPlayer(19056): getDuration_l
V/MediaPlayerService( 4451): getDuration
V/MediaPlayerService( 4451): [160] getDuration = 153020
V/MediaPlayer-JNI(19056): getDuration: 153020 (msec)
V/MediaPlayer-JNI(19056): getCurrentPosition: 0 (msec)
V/MediaPlayer(19056): getDuration_l
V/MediaPlayerService( 4451): getDuration
V/MediaPlayerService( 4451): [160] getDuration = 153020
V/MediaPlayer-JNI(19056): getDuration: 153020 (msec)
V/NuCachedSource2( 4451): onFetch
V/NuCachedSource2( 4451): onFetch
V/NuCachedSource2( 4451): onFetch
D/GenericSource( 4451): cachedDurationUs = 142.13 secs, eos=1
V/NuPlayer( 4451): kWhatSourceNotify with buffering-update for NuPlayer 100
V/NuPlayer( 4451): msg : 3, ext1 : 100, ext2 : 0
V/MediaPlayerService( 4451): [160] notify (0xac0fcd00, 3, 100, 0)
V/MediaPlayer(19056): message received msg=3, ext1=100, ext2=0
V/MediaPlayer(19056): buffering 100
V/MediaPlayer(19056): callback application
V/MediaPlayer(19056): back from callback
V/NuCachedSource2( 4451): onFetch
V/NuCachedSource2( 4451): onFetch
V/NuCachedSource2( 4451): onFetch
V/NuCachedSource2( 4451): onFetch
V/NuCachedSource2( 4451): onFetch
E/SMD     (  281): DCD ON
V/NuCachedSource2( 4451): onFetch
V/NuCachedSource2( 4451): onFetch
V/MediaPlayer(19056): getDuration_l
V/MediaPlayerService( 4451): getDuration
V/MediaPlayerService( 4451): [160] getDuration = 153020
V/MediaPlayer-JNI(19056): getDuration: 153020 (msec)
V/MediaPlayer-JNI(19056): getCurrentPosition: 0 (msec)
V/MediaPlayer(19056): getDuration_l
V/MediaPlayerService( 4451): getDuration
V/MediaPlayerService( 4451): [160] getDuration = 153020
V/MediaPlayer-JNI(19056): getDuration: 153020 (msec)
V/NuCachedSource2( 4451): onFetch
V/NuCachedSource2( 4451): onFetch
V/NuCachedSource2( 4451): onFetch
D/GenericSource( 4451): cachedDurationUs = 142.13 secs, eos=1
V/NuPlayer( 4451): kWhatSourceNotify with buffering-update for NuPlayer 100
V/NuPlayer( 4451): msg : 3, ext1 : 100, ext2 : 0
V/MediaPlayerService( 4451): [160] notify (0xac0fcd00, 3, 100, 0)
V/MediaPlayer(19056): message received msg=3, ext1=100, ext2=0
V/MediaPlayer(19056): buffering 100
V/MediaPlayer(19056): callback application
V/MediaPlayer(19056): back from callback
D/SSRM:m  ( 4695): SIOP:: AP = 320, PST = 341, CUR = 450
V/NuCachedSource2( 4451): onFetch
V/NuCachedSource2( 4451): onFetch
V/NuCachedSource2( 4451): onFetch
V/NuCachedSource2( 4451): onFetch
V/NuCachedSource2( 4451): onFetch
V/NuCachedSource2( 4451): onFetch
V/NuCachedSource2( 4451): onFetch
V/MediaPlayer(19056): getDuration_l
V/MediaPlayerService( 4451): getDuration
V/MediaPlayerService( 4451): [160] getDuration = 153020
V/MediaPlayer-JNI(19056): getDuration: 153020 (msec)
V/MediaPlayer-JNI(19056): getCurrentPosition: 0 (msec)
V/MediaPlayer(19056): getDuration_l
V/MediaPlayerService( 4451): getDuration
V/MediaPlayerService( 4451): [160] getDuration = 153020
V/MediaPlayer-JNI(19056): getDuration: 153020 (msec)
V/NuCachedSource2( 4451): onFetch
V/NuCachedSource2( 4451): onFetch
V/NuPlayer( 4451): kWhatSourceNotify with buffering-update for NuPlayer 100
V/NuPlayer( 4451): msg : 3, ext1 : 100, ext2 : 0
V/MediaPlayerService( 4451): [160] notify (0xac0fcd00, 3, 100, 0)
V/MediaPlayer(19056): message received msg=3, ext1=100, ext2=0
D/GenericSource( 4451): cachedDurationUs = 142.13 secs, eos=1
V/NuCachedSource2( 4451): onFetch
V/MediaPlayer(19056): buffering 100
V/MediaPlayer(19056): callback application
V/MediaPlayer(19056): back from callback
V/NuCachedSource2( 4451): onFetch
V/NuCachedSource2( 4451): onFetch
V/NuCachedSource2( 4451): onFetch
V/NuCachedSource2( 4451): onFetch
V/NuCachedSource2( 4451): onFetch
V/NuCachedSource2( 4451): onFetch
V/MediaPlayer(19056): getDuration_l
V/MediaPlayerService( 4451): getDuration
V/NuCachedSource2( 4451): onFetch
V/MediaPlayerService( 4451): [160] getDuration = 153020
V/MediaPlayer-JNI(19056): getDuration: 153020 (msec)
V/MediaPlayer-JNI(19056): getCurrentPosition: 0 (msec)
V/MediaPlayer(19056): getDuration_l
V/MediaPlayerService( 4451): getDuration
V/MediaPlayerService( 4451): [160] getDuration = 153020
V/MediaPlayer-JNI(19056): getDuration: 153020 (msec)
V/NuCachedSource2( 4451): onFetch
V/NuCachedSource2( 4451): onFetch
V/NuPlayer( 4451): kWhatSourceNotify with buffering-update for NuPlayer 100
V/NuPlayer( 4451): msg : 3, ext1 : 100, ext2 : 0
V/MediaPlayerService( 4451): [160] notify (0xac0fcd00, 3, 100, 0)
V/MediaPlayer(19056): message received msg=3, ext1=100, ext2=0
D/GenericSource( 4451): cachedDurationUs = 142.13 secs, eos=1
V/MediaPlayer(19056): buffering 100
V/MediaPlayer(19056): callback application
V/MediaPlayer(19056): back from callback
V/NuCachedSource2( 4451): onFetch
V/NuCachedSource2( 4451): onFetch
V/NuCachedSource2( 4451): onFetch
V/NuCachedSource2( 4451): onFetch
V/NuCachedSource2( 4451): onFetch
V/NuCachedSource2( 4451): onFetch
E/SMD     (  281): DCD ON
V/NuCachedSource2( 4451): onFetch
V/MediaPlayer(19056): getDuration_l
V/MediaPlayerService( 4451): getDuration
V/MediaPlayerService( 4451): [160] getDuration = 153020
V/MediaPlayer-JNI(19056): getDuration: 153020 (msec)
V/MediaPlayer-JNI(19056): getCurrentPosition: 0 (msec)
V/MediaPlayer(19056): getDuration_l
V/MediaPlayerService( 4451): getDuration
V/MediaPlayerService( 4451): [160] getDuration = 153020
V/MediaPlayer-JNI(19056): getDuration: 153020 (msec)
V/NuCachedSource2( 4451): onFetch
V/NuCachedSource2( 4451): onFetch
V/NuCachedSource2( 4451): onFetch
V/NuPlayer( 4451): kWhatSourceNotify with buffering-update for NuPlayer 100
V/NuPlayer( 4451): msg : 3, ext1 : 100, ext2 : 0
V/MediaPlayerService( 4451): [160] notify (0xac0fcd00, 3, 100, 0)
V/MediaPlayer(19056): message received msg=3, ext1=100, ext2=0
D/GenericSource( 4451): cachedDurationUs = 142.13 secs, eos=1
V/MediaPlayer(19056): buffering 100
V/MediaPlayer(19056): callback application
V/MediaPlayer(19056): back from callback
V/NuCachedSource2( 4451): onFetch
V/NuCachedSource2( 4451): onFetch
V/NuCachedSource2( 4451): onFetch
V/NuCachedSource2( 4451): onFetch
V/NuCachedSource2( 4451): onFetch
V/NuCachedSource2( 4451): onFetch
D/TimaService( 4695): TIMA: TimaService scheduler is intialized. 
D/TimaService( 4695): TIMA: checkEvent, operation: 50000 subject: 10000
D/TimaService( 4695): TimaServiceHandler.handleMessage what =1
V/NuCachedSource2( 4451): onFetch
V/MediaPlayer(19056): getDuration_l
V/MediaPlayerService( 4451): getDuration
V/MediaPlayerService( 4451): [160] getDuration = 153020
V/MediaPlayer-JNI(19056): getDuration: 153020 (msec)
V/MediaPlayer-JNI(19056): getCurrentPosition: 0 (msec)
V/MediaPlayer(19056): getDuration_l
V/MediaPlayerService( 4451): getDuration
V/MediaPlayerService( 4451): [160] getDuration = 153020
V/MediaPlayer-JNI(19056): getDuration: 153020 (msec)
V/NuCachedSource2( 4451): onFetch
V/NuCachedSource2( 4451): onFetch
V/NuCachedSource2( 4451): onFetch
V/NuPlayer( 4451): kWhatSourceNotify with buffering-update for NuPlayer 100
V/NuPlayer( 4451): msg : 3, ext1 : 100, ext2 : 0
V/MediaPlayerService( 4451): [160] notify (0xac0fcd00, 3, 100, 0)
V/MediaPlayer(19056): message received msg=3, ext1=100, ext2=0
D/GenericSource( 4451): cachedDurationUs = 142.13 secs, eos=1
V/MediaPlayer(19056): buffering 100
V/MediaPlayer(19056): callback application
V/MediaPlayer(19056): back from callback
V/NuCachedSource2( 4451): onFetch
V/NuCachedSource2( 4451): onFetch
V/NuCachedSource2( 4451): onFetch
V/NuCachedSource2( 4451): onFetch
V/NuCachedSource2( 4451): onFetch
V/NuCachedSource2( 4451): onFetch
V/NuCachedSource2( 4451): onFetch
V/MediaPlayer(19056): getDuration_l
V/MediaPlayerService( 4451): getDuration
V/MediaPlayerService( 4451): [160] getDuration = 153020
V/MediaPlayer-JNI(19056): getDuration: 153020 (msec)
V/MediaPlayer-JNI(19056): getCurrentPosition: 0 (msec)
V/MediaPlayer(19056): getDuration_l
V/MediaPlayerService( 4451): getDuration
V/MediaPlayerService( 4451): [160] getDuration = 153020
V/MediaPlayer-JNI(19056): getDuration: 153020 (msec)
I/Tethering( 4695): BATTERY_CHANGED, level = 72lowBatteryThreshold = 15
D/BatteryService( 4695): !@BatteryListener : batteryPropertiesChanged!
D/BatteryService( 4695): level:72, scale:100, status:2, health:2, present:true, voltage: 4103, temperature: 310, technology: Li-ion, AC powered:false, USB powered:true, POGO powered:false, Wireless powered:false, icon:17303749, invalid charger:0
D/BatteryService( 4695): online:4, current avg:450, charge type:1, power sharing:false, high voltage charger:false, capacity:280000
D/BatteryService( 4695): Sending ACTION_BATTERY_CHANGED.
D/MotionRecognitionService( 4695):   mReceiver.onReceive : ACTION_BATTERY_CHANGED
I/MotionRecognitionService( 4695): Plugged
I/MotionRecognitionService( 4695): setPowerConnected  = true
D/KeyguardUpdateMonitor( 4983): received broadcast android.intent.action.BATTERY_CHANGED
D/KeyguardUpdateMonitor( 4983): handleBatteryUpdate
D/BatteryMonitor( 5489): new battery level: 72
D/STATUSBAR-PhoneStatusBar( 4983):  mBrightnessEnablebySettings = true mBrightnessEnablebyBattery = true mBrightnessEnablebyDisableFlag = true mPmsBrightnessEnablebySettings = true
V/HeadsetService( 8285): HeadsetService - Received Intent.ACTION_BATTERY_CHANGED
D/HeadsetStateMachine( 8285): Disconnected process message: 10
D/BatteryMeterView( 4983): ACTION_BATTERY_CHANGED : level:72 status:2 health:2
D/BatteryMeterView( 4983): ACTION_BATTERY_CHANGED : level:72 status:2 health:2
D/BatteryMeterView( 4983): ACTION_BATTERY_CHANGED : level:72 status:2 health:2
V/NuCachedSource2( 4451): onFetch
V/NuCachedSource2( 4451): onFetch
V/NuCachedSource2( 4451): onFetch
V/NuPlayer( 4451): kWhatSourceNotify with buffering-update for NuPlayer 100
V/NuPlayer( 4451): msg : 3, ext1 : 100, ext2 : 0
V/MediaPlayerService( 4451): [160] notify (0xac0fcd00, 3, 100, 0)
V/MediaPlayer(19056): message received msg=3, ext1=100, ext2=0
D/GenericSource( 4451): cachedDurationUs = 142.13 secs, eos=1
V/MediaPlayer(19056): buffering 100
V/MediaPlayer(19056): callback application
V/MediaPlayer(19056): back from callback
V/NuCachedSource2( 4451): onFetch
V/NuCachedSource2( 4451): onFetch
V/NuCachedSource2( 4451): onFetch
V/NuCachedSource2( 4451): onFetch
V/NuCachedSource2( 4451): onFetch
E/SMD     (  281): DCD ON
V/NuCachedSource2( 4451): onFetch
V/NuCachedSource2( 4451): onFetch
V/MediaPlayer(19056): getDuration_l
V/MediaPlayerService( 4451): getDuration
V/MediaPlayerService( 4451): [160] getDuration = 153020
V/MediaPlayer-JNI(19056): getDuration: 153020 (msec)
V/MediaPlayer-JNI(19056): getCurrentPosition: 0 (msec)
V/MediaPlayer(19056): getDuration_l
V/MediaPlayerService( 4451): getDuration
V/MediaPlayerService( 4451): [160] getDuration = 153020
V/MediaPlayer-JNI(19056): getDuration: 153020 (msec)
V/NuCachedSource2( 4451): onFetch
V/NuCachedSource2( 4451): onFetch
V/NuCachedSource2( 4451): onFetch
V/NuPlayer( 4451): kWhatSourceNotify with buffering-update for NuPlayer 100
V/NuPlayer( 4451): msg : 3, ext1 : 100, ext2 : 0
V/MediaPlayerService( 4451): [160] notify (0xac0fcd00, 3, 100, 0)
V/MediaPlayer(19056): message received msg=3, ext1=100, ext2=0
D/GenericSource( 4451): cachedDurationUs = 142.13 secs, eos=1
V/MediaPlayer(19056): buffering 100
V/MediaPlayer(19056): callback application
V/MediaPlayer(19056): back from callback
V/NuCachedSource2( 4451): onFetch
V/NuCachedSource2( 4451): onFetch
I/TLC_TIMA_PKM_measure_kernel( 4695): TIMA: response_id = 3
I/TLC_TIMA_PKM_measure_kernel( 4695): TIMA: response ret = 0, result_ondemand = MSG=Kernel Verification Success;
D/TimaService( 4695): TIMA MEASUREMENT Result: TIMA_STATUS=0;MSG=Kernel Verification Success;
D/TimaService( 4695): TIMA MEASUREMENT success status: TIMA_STATUS=0;MSG=Kernel Verification Success;
V/NuCachedSource2( 4451): onFetch
V/NuCachedSource2( 4451): onFetch
V/NuCachedSource2( 4451): onFetch
V/NuCachedSource2( 4451): onFetch
V/NuCachedSource2( 4451): onFetch
V/MediaPlayer(19056): getDuration_l
V/MediaPlayerService( 4451): getDuration
V/MediaPlayerService( 4451): [160] getDuration = 153020
V/MediaPlayer-JNI(19056): getDuration: 153020 (msec)
V/MediaPlayer-JNI(19056): getCurrentPosition: 0 (msec)
V/MediaPlayer(19056): getDuration_l
V/MediaPlayerService( 4451): getDuration
V/MediaPlayerService( 4451): [160] getDuration = 153020
V/MediaPlayer-JNI(19056): getDuration: 153020 (msec)
V/NuCachedSource2( 4451): onFetch
V/NuCachedSource2( 4451): onFetch
V/NuCachedSource2( 4451): onFetch
V/NuPlayer( 4451): kWhatSourceNotify with buffering-update for NuPlayer 100
V/NuPlayer( 4451): msg : 3, ext1 : 100, ext2 : 0
V/MediaPlayerService( 4451): [160] notify (0xac0fcd00, 3, 100, 0)
V/MediaPlayer(19056): message received msg=3, ext1=100, ext2=0
D/GenericSource( 4451): cachedDurationUs = 142.13 secs, eos=1
V/MediaPlayer(19056): buffering 100
V/MediaPlayer(19056): callback application
V/MediaPlayer(19056): back from callback
V/NuCachedSource2( 4451): onFetch
V/NuCachedSource2( 4451): onFetch
V/NuCachedSource2( 4451): onFetch
V/NuCachedSource2( 4451): onFetch
V/NuCachedSource2( 4451): onFetch
V/NuCachedSource2( 4451): onFetch
V/NuCachedSource2( 4451): onFetch
V/MediaPlayer(19056): getDuration_l
V/MediaPlayerService( 4451): getDuration
V/MediaPlayerService( 4451): [160] getDuration = 153020
V/MediaPlayer-JNI(19056): getDuration: 153020 (msec)
V/MediaPlayer-JNI(19056): getCurrentPosition: 0 (msec)
V/MediaPlayer(19056): getDuration_l
V/MediaPlayerService( 4451): getDuration
V/MediaPlayerService( 4451): [160] getDuration = 153020
V/MediaPlayer-JNI(19056): getDuration: 153020 (msec)
V/NuCachedSource2( 4451): onFetch
V/NuCachedSource2( 4451): onFetch
V/NuCachedSource2( 4451): onFetch
V/NuPlayer( 4451): kWhatSourceNotify with buffering-update for NuPlayer 100
V/NuPlayer( 4451): msg : 3, ext1 : 100, ext2 : 0
D/GenericSource( 4451): cachedDurationUs = 142.13 secs, eos=1
V/MediaPlayerService( 4451): [160] notify (0xac0fcd00, 3, 100, 0)
V/MediaPlayer(19056): message received msg=3, ext1=100, ext2=0
V/MediaPlayer(19056): buffering 100
V/MediaPlayer(19056): callback application
V/MediaPlayer(19056): back from callback
V/NuCachedSource2( 4451): onFetch
V/NuCachedSource2( 4451): onFetch
V/NuCachedSource2( 4451): onFetch
V/NuCachedSource2( 4451): onFetch
V/NuCachedSource2( 4451): onFetch
E/SMD     (  281): DCD ON
V/NuCachedSource2( 4451): onFetch
V/MediaPlayer(19056): getDuration_l
V/MediaPlayerService( 4451): getDuration
V/MediaPlayerService( 4451): [160] getDuration = 153020
V/MediaPlayer-JNI(19056): getDuration: 153020 (msec)
V/MediaPlayer-JNI(19056): getCurrentPosition: 0 (msec)
V/MediaPlayer(19056): getDuration_l
V/MediaPlayerService( 4451): getDuration
V/MediaPlayerService( 4451): [160] getDuration = 153020
V/MediaPlayer-JNI(19056): getDuration: 153020 (msec)
V/NuCachedSource2( 4451): onFetch
V/NuCachedSource2( 4451): onFetch
V/NuCachedSource2( 4451): onFetch
V/NuCachedSource2( 4451): onFetch
D/GenericSource( 4451): cachedDurationUs = 142.13 secs, eos=1
V/NuPlayer( 4451): kWhatSourceNotify with buffering-update for NuPlayer 100
V/NuPlayer( 4451): msg : 3, ext1 : 100, ext2 : 0
V/MediaPlayerService( 4451): [160] notify (0xac0fcd00, 3, 100, 0)
V/MediaPlayer(19056): message received msg=3, ext1=100, ext2=0
V/MediaPlayer(19056): buffering 100
V/MediaPlayer(19056): callback application
V/MediaPlayer(19056): back from callback
V/NuCachedSource2( 4451): onFetch
V/NuCachedSource2( 4451): onFetch
V/NuCachedSource2( 4451): onFetch
V/NuCachedSource2( 4451): onFetch
V/NuCachedSource2( 4451): onFetch
V/NuCachedSource2( 4451): onFetch
V/MediaPlayer(19056): getDuration_l
V/MediaPlayerService( 4451): getDuration
V/MediaPlayerService( 4451): [160] getDuration = 153020
V/MediaPlayer-JNI(19056): getDuration: 153020 (msec)
V/MediaPlayer-JNI(19056): getCurrentPosition: 0 (msec)
V/MediaPlayer(19056): getDuration_l
V/MediaPlayerService( 4451): getDuration
V/MediaPlayerService( 4451): [160] getDuration = 153020
V/MediaPlayer-JNI(19056): getDuration: 153020 (msec)
V/NuCachedSource2( 4451): onFetch
V/NuCachedSource2( 4451): onFetch
V/NuCachedSource2( 4451): onFetch
V/NuPlayer( 4451): kWhatSourceNotify with buffering-update for NuPlayer 100
V/NuPlayer( 4451): msg : 3, ext1 : 100, ext2 : 0
V/MediaPlayerService( 4451): [160] notify (0xac0fcd00, 3, 100, 0)
V/MediaPlayer(19056): message received msg=3, ext1=100, ext2=0
V/MediaPlayer(19056): buffering 100
V/MediaPlayer(19056): callback application
V/MediaPlayer(19056): back from callback
D/GenericSource( 4451): cachedDurationUs = 142.13 secs, eos=1
V/NuCachedSource2( 4451): onFetch
V/NuCachedSource2( 4451): onFetch
D/SSRM:m  ( 4695): SIOP:: AP = 330, PST = 336, CUR = 450
V/NuCachedSource2( 4451): onFetch
V/NuCachedSource2( 4451): onFetch
V/NuCachedSource2( 4451): onFetch
V/NuCachedSource2( 4451): onFetch
V/NuCachedSource2( 4451): onFetch
V/MediaPlayer(19056): getDuration_l
V/MediaPlayerService( 4451): getDuration
V/MediaPlayerService( 4451): [160] getDuration = 153020
V/MediaPlayer-JNI(19056): getDuration: 153020 (msec)
V/MediaPlayer-JNI(19056): getCurrentPosition: 0 (msec)
V/MediaPlayer(19056): getDuration_l
V/MediaPlayerService( 4451): getDuration
V/MediaPlayerService( 4451): [160] getDuration = 153020
V/MediaPlayer-JNI(19056): getDuration: 153020 (msec)
V/NuCachedSource2( 4451): onFetch
V/NuCachedSource2( 4451): onFetch
V/NuCachedSource2( 4451): onFetch
D/GenericSource( 4451): cachedDurationUs = 142.13 secs, eos=1
V/NuPlayer( 4451): kWhatSourceNotify with buffering-update for NuPlayer 100
V/NuPlayer( 4451): msg : 3, ext1 : 100, ext2 : 0
V/MediaPlayerService( 4451): [160] notify (0xac0fcd00, 3, 100, 0)
V/MediaPlayer(19056): message received msg=3, ext1=100, ext2=0
V/NuCachedSource2( 4451): onFetch
V/MediaPlayer(19056): buffering 100
V/MediaPlayer(19056): callback application
V/MediaPlayer(19056): back from callback
V/NuCachedSource2( 4451): onFetch
V/NuCachedSource2( 4451): onFetch
V/NuCachedSource2( 4451): onFetch
V/NuCachedSource2( 4451): onFetch
V/NuCachedSource2( 4451): onFetch
E/SMD     (  281): DCD ON
V/NuCachedSource2( 4451): onFetch
V/MediaPlayer(19056): getDuration_l
V/MediaPlayerService( 4451): getDuration
V/MediaPlayerService( 4451): [160] getDuration = 153020
V/MediaPlayer-JNI(19056): getDuration: 153020 (msec)
V/MediaPlayer-JNI(19056): getCurrentPosition: 0 (msec)
V/MediaPlayer(19056): getDuration_l
V/MediaPlayerService( 4451): getDuration
V/MediaPlayerService( 4451): [160] getDuration = 153020
V/MediaPlayer-JNI(19056): getDuration: 153020 (msec)
V/NuCachedSource2( 4451): onFetch
V/NuCachedSource2( 4451): onFetch
V/NuCachedSource2( 4451): onFetch
D/GenericSource( 4451): cachedDurationUs = 142.13 secs, eos=1
V/NuPlayer( 4451): kWhatSourceNotify with buffering-update for NuPlayer 100
V/NuPlayer( 4451): msg : 3, ext1 : 100, ext2 : 0
V/MediaPlayerService( 4451): [160] notify (0xac0fcd00, 3, 100, 0)
V/MediaPlayer(19056): message received msg=3, ext1=100, ext2=0
V/MediaPlayer(19056): buffering 100
V/MediaPlayer(19056): callback application
V/MediaPlayer(19056): back from callback
V/NuCachedSource2( 4451): onFetch
V/NuCachedSource2( 4451): onFetch
V/NuCachedSource2( 4451): onFetch
V/NuCachedSource2( 4451): onFetch
V/NuCachedSource2( 4451): onFetch
V/NuCachedSource2( 4451): onFetch
V/NuCachedSource2( 4451): onFetch
V/MediaPlayer(19056): getDuration_l
V/MediaPlayerService( 4451): getDuration
V/MediaPlayerService( 4451): [160] getDuration = 153020
V/MediaPlayer-JNI(19056): getDuration: 153020 (msec)
V/MediaPlayer-JNI(19056): getCurrentPosition: 0 (msec)
V/MediaPlayer(19056): getDuration_l
V/MediaPlayerService( 4451): getDuration
V/MediaPlayerService( 4451): [160] getDuration = 153020
V/MediaPlayer-JNI(19056): getDuration: 153020 (msec)
V/NuCachedSource2( 4451): onFetch
V/NuCachedSource2( 4451): onFetch
V/NuCachedSource2( 4451): onFetch
D/GenericSource( 4451): cachedDurationUs = 142.13 secs, eos=1
V/NuPlayer( 4451): kWhatSourceNotify with buffering-update for NuPlayer 100
V/NuPlayer( 4451): msg : 3, ext1 : 100, ext2 : 0
V/MediaPlayerService( 4451): [160] notify (0xac0fcd00, 3, 100, 0)
V/MediaPlayer(19056): message received msg=3, ext1=100, ext2=0
V/MediaPlayer(19056): buffering 100
V/MediaPlayer(19056): callback application
V/MediaPlayer(19056): back from callback
V/NuCachedSource2( 4451): onFetch
V/NuCachedSource2( 4451): onFetch
V/NuCachedSource2( 4451): onFetch
V/NuCachedSource2( 4451): onFetch
V/NuCachedSource2( 4451): onFetch
V/NuCachedSource2( 4451): onFetch
V/NuCachedSource2( 4451): onFetch
V/MediaPlayer(19056): getDuration_l
V/MediaPlayerService( 4451): getDuration
V/MediaPlayerService( 4451): [160] getDuration = 153020
V/MediaPlayer-JNI(19056): getDuration: 153020 (msec)
V/MediaPlayer-JNI(19056): getCurrentPosition: 0 (msec)
V/MediaPlayer(19056): getDuration_l
V/MediaPlayerService( 4451): getDuration
V/MediaPlayerService( 4451): [160] getDuration = 153020
V/MediaPlayer-JNI(19056): getDuration: 153020 (msec)
V/NuCachedSource2( 4451): onFetch
V/NuCachedSource2( 4451): onFetch
V/NuCachedSource2( 4451): onFetch
D/GenericSource( 4451): cachedDurationUs = 142.13 secs, eos=1
V/NuPlayer( 4451): kWhatSourceNotify with buffering-update for NuPlayer 100
V/NuPlayer( 4451): msg : 3, ext1 : 100, ext2 : 0
V/MediaPlayerService( 4451): [160] notify (0xac0fcd00, 3, 100, 0)
V/MediaPlayer(19056): message received msg=3, ext1=100, ext2=0
V/MediaPlayer(19056): buffering 100
V/MediaPlayer(19056): callback application
V/MediaPlayer(19056): back from callback
V/NuCachedSource2( 4451): onFetch
V/NuCachedSource2( 4451): onFetch
V/NuCachedSource2( 4451): onFetch
V/NuCachedSource2( 4451): onFetch
V/NuCachedSource2( 4451): onFetch
E/SMD     (  281): DCD ON
V/NuCachedSource2( 4451): onFetch
V/NuCachedSource2( 4451): onFetch
V/MediaPlayer(19056): getDuration_l
V/MediaPlayerService( 4451): getDuration
V/MediaPlayerService( 4451): [160] getDuration = 153020
V/MediaPlayer-JNI(19056): getDuration: 153020 (msec)
V/MediaPlayer-JNI(19056): getCurrentPosition: 0 (msec)
V/MediaPlayer(19056): getDuration_l
V/MediaPlayerService( 4451): getDuration
V/MediaPlayerService( 4451): [160] getDuration = 153020
V/MediaPlayer-JNI(19056): getDuration: 153020 (msec)
V/NuCachedSource2( 4451): onFetch
D/BatteryService( 4695): !@BatteryListener : batteryPropertiesChanged!
D/BatteryService( 4695): level:72, scale:100, status:2, health:2, present:true, voltage: 4116, temperature: 309, technology: Li-ion, AC powered:false, USB powered:true, POGO powered:false, Wireless powered:false, icon:17303749, invalid charger:0
D/BatteryService( 4695): online:4, current avg:450, charge type:1, power sharing:false, high voltage charger:false, capacity:280000
D/BatteryService( 4695): Sending ACTION_BATTERY_CHANGED.
I/Tethering( 4695): BATTERY_CHANGED, level = 72lowBatteryThreshold = 15
D/KeyguardUpdateMonitor( 4983): received broadcast android.intent.action.BATTERY_CHANGED
D/KeyguardUpdateMonitor( 4983): handleBatteryUpdate
D/MotionRecognitionService( 4695):   mReceiver.onReceive : ACTION_BATTERY_CHANGED
I/MotionRecognitionService( 4695): Plugged
I/MotionRecognitionService( 4695): setPowerConnected  = true
D/STATUSBAR-PhoneStatusBar( 4983):  mBrightnessEnablebySettings = true mBrightnessEnablebyBattery = true mBrightnessEnablebyDisableFlag = true mPmsBrightnessEnablebySettings = true
D/BatteryMonitor( 5489): new battery level: 72
V/HeadsetService( 8285): HeadsetService - Received Intent.ACTION_BATTERY_CHANGED
D/HeadsetStateMachine( 8285): Disconnected process message: 10
D/BatteryMeterView( 4983): ACTION_BATTERY_CHANGED : level:72 status:2 health:2
D/BatteryMeterView( 4983): ACTION_BATTERY_CHANGED : level:72 status:2 health:2
D/BatteryMeterView( 4983): ACTION_BATTERY_CHANGED : level:72 status:2 health:2
V/NuCachedSource2( 4451): onFetch
V/NuCachedSource2( 4451): onFetch
D/GenericSource( 4451): cachedDurationUs = 142.13 secs, eos=1
V/NuPlayer( 4451): kWhatSourceNotify with buffering-update for NuPlayer 100
V/NuPlayer( 4451): msg : 3, ext1 : 100, ext2 : 0
V/MediaPlayerService( 4451): [160] notify (0xac0fcd00, 3, 100, 0)
V/MediaPlayer(19056): message received msg=3, ext1=100, ext2=0
V/MediaPlayer(19056): buffering 100
V/MediaPlayer(19056): callback application
V/MediaPlayer(19056): back from callback
V/NuCachedSource2( 4451): onFetch
V/NuCachedSource2( 4451): onFetch
V/NuCachedSource2( 4451): onFetch
V/NuCachedSource2( 4451): onFetch
V/NuCachedSource2( 4451): onFetch
V/NuCachedSource2( 4451): onFetch
V/NuCachedSource2( 4451): onFetch
V/MediaPlayer(19056): getDuration_l
V/MediaPlayerService( 4451): getDuration
V/MediaPlayerService( 4451): [160] getDuration = 153020
V/MediaPlayer-JNI(19056): getDuration: 153020 (msec)
V/MediaPlayer-JNI(19056): getCurrentPosition: 0 (msec)
V/MediaPlayer(19056): getDuration_l
V/MediaPlayerService( 4451): getDuration
V/MediaPlayerService( 4451): [160] getDuration = 153020
V/MediaPlayer-JNI(19056): getDuration: 153020 (msec)
V/NuCachedSource2( 4451): onFetch
V/NuCachedSource2( 4451): onFetch
V/NuCachedSource2( 4451): onFetch
D/GenericSource( 4451): cachedDurationUs = 142.13 secs, eos=1
V/NuPlayer( 4451): kWhatSourceNotify with buffering-update for NuPlayer 100
V/NuPlayer( 4451): msg : 3, ext1 : 100, ext2 : 0
V/MediaPlayerService( 4451): [160] notify (0xac0fcd00, 3, 100, 0)
V/MediaPlayer(19056): message received msg=3, ext1=100, ext2=0
V/MediaPlayer(19056): buffering 100
V/MediaPlayer(19056): callback application
V/MediaPlayer(19056): back from callback
V/NuCachedSource2( 4451): onFetch
V/NuCachedSource2( 4451): onFetch
V/NuCachedSource2( 4451): onFetch
V/NuCachedSource2( 4451): onFetch
V/NuCachedSource2( 4451): onFetch
V/NuCachedSource2( 4451): onFetch
V/NuCachedSource2( 4451): onFetch
V/MediaPlayer(19056): getDuration_l
V/MediaPlayerService( 4451): getDuration
V/MediaPlayerService( 4451): [160] getDuration = 153020
V/MediaPlayer-JNI(19056): getDuration: 153020 (msec)
V/MediaPlayer-JNI(19056): getCurrentPosition: 0 (msec)
V/MediaPlayer(19056): getDuration_l
V/MediaPlayerService( 4451): getDuration
V/MediaPlayerService( 4451): [160] getDuration = 153020
V/MediaPlayer-JNI(19056): getDuration: 153020 (msec)
V/NuCachedSource2( 4451): onFetch
V/NuCachedSource2( 4451): onFetch
V/NuCachedSource2( 4451): onFetch
D/GenericSource( 4451): cachedDurationUs = 142.13 secs, eos=1
V/NuPlayer( 4451): kWhatSourceNotify with buffering-update for NuPlayer 100
V/NuPlayer( 4451): msg : 3, ext1 : 100, ext2 : 0
V/MediaPlayerService( 4451): [160] notify (0xac0fcd00, 3, 100, 0)
V/MediaPlayer(19056): message received msg=3, ext1=100, ext2=0
V/MediaPlayer(19056): buffering 100
V/MediaPlayer(19056): callback application
V/MediaPlayer(19056): back from callback
V/NuCachedSource2( 4451): onFetch
V/NuCachedSource2( 4451): onFetch
V/NuCachedSource2( 4451): onFetch
V/NuCachedSource2( 4451): onFetch
V/NuCachedSource2( 4451): onFetch
E/SMD     (  281): DCD ON
V/NuCachedSource2( 4451): onFetch
V/NuCachedSource2( 4451): onFetch
V/MediaPlayer(19056): getDuration_l
V/MediaPlayerService( 4451): getDuration
V/MediaPlayerService( 4451): [160] getDuration = 153020
V/MediaPlayer-JNI(19056): getDuration: 153020 (msec)
V/MediaPlayer-JNI(19056): getCurrentPosition: 0 (msec)
V/MediaPlayer(19056): getDuration_l
V/MediaPlayerService( 4451): getDuration
V/MediaPlayerService( 4451): [160] getDuration = 153020
V/MediaPlayer-JNI(19056): getDuration: 153020 (msec)
V/NuCachedSource2( 4451): onFetch
V/NuCachedSource2( 4451): onFetch
V/NuCachedSource2( 4451): onFetch
D/GenericSource( 4451): cachedDurationUs = 142.13 secs, eos=1
V/NuPlayer( 4451): kWhatSourceNotify with buffering-update for NuPlayer 100
V/NuPlayer( 4451): msg : 3, ext1 : 100, ext2 : 0
V/MediaPlayerService( 4451): [160] notify (0xac0fcd00, 3, 100, 0)
V/MediaPlayer(19056): message received msg=3, ext1=100, ext2=0
V/MediaPlayer(19056): buffering 100
V/MediaPlayer(19056): callback application
V/MediaPlayer(19056): back from callback
V/NuCachedSource2( 4451): onFetch
V/NuCachedSource2( 4451): onFetch
V/NuCachedSource2( 4451): onFetch
V/NuCachedSource2( 4451): onFetch
V/NuCachedSource2( 4451): onFetch
V/NuCachedSource2( 4451): onFetch
V/NuCachedSource2( 4451): onFetch
V/MediaPlayer(19056): getDuration_l
V/MediaPlayerService( 4451): getDuration
V/MediaPlayerService( 4451): [160] getDuration = 153020
V/MediaPlayer-JNI(19056): getDuration: 153020 (msec)
V/MediaPlayer-JNI(19056): getCurrentPosition: 0 (msec)
V/MediaPlayer(19056): getDuration_l
V/MediaPlayerService( 4451): getDuration
V/MediaPlayerService( 4451): [160] getDuration = 153020
V/MediaPlayer-JNI(19056): getDuration: 153020 (msec)
V/NuCachedSource2( 4451): onFetch
V/NuCachedSource2( 4451): onFetch
V/NuCachedSource2( 4451): onFetch
D/GenericSource( 4451): cachedDurationUs = 142.13 secs, eos=1
V/NuPlayer( 4451): kWhatSourceNotify with buffering-update for NuPlayer 100
V/NuPlayer( 4451): msg : 3, ext1 : 100, ext2 : 0
V/MediaPlayerService( 4451): [160] notify (0xac0fcd00, 3, 100, 0)
V/MediaPlayer(19056): message received msg=3, ext1=100, ext2=0
V/MediaPlayer(19056): buffering 100
V/MediaPlayer(19056): callback application
V/MediaPlayer(19056): back from callback
V/NuCachedSource2( 4451): onFetch
V/NuCachedSource2( 4451): onFetch
V/NuCachedSource2( 4451): onFetch
V/NuCachedSource2( 4451): onFetch
V/NuCachedSource2( 4451): onFetch
V/NuCachedSource2( 4451): onFetch
V/NuCachedSource2( 4451): onFetch
V/MediaPlayer(19056): getDuration_l
V/MediaPlayerService( 4451): getDuration
V/MediaPlayerService( 4451): [160] getDuration = 153020
V/MediaPlayer-JNI(19056): getDuration: 153020 (msec)
V/MediaPlayer-JNI(19056): getCurrentPosition: 0 (msec)
V/MediaPlayer(19056): getDuration_l
V/MediaPlayerService( 4451): getDuration
V/MediaPlayerService( 4451): [160] getDuration = 153020
V/MediaPlayer-JNI(19056): getDuration: 153020 (msec)
V/NuCachedSource2( 4451): onFetch
V/NuCachedSource2( 4451): onFetch
V/NuCachedSource2( 4451): onFetch
D/GenericSource( 4451): cachedDurationUs = 142.13 secs, eos=1
V/NuPlayer( 4451): kWhatSourceNotify with buffering-update for NuPlayer 100
V/NuPlayer( 4451): msg : 3, ext1 : 100, ext2 : 0
V/MediaPlayerService( 4451): [160] notify (0xac0fcd00, 3, 100, 0)
V/MediaPlayer(19056): message received msg=3, ext1=100, ext2=0
V/MediaPlayer(19056): buffering 100
V/MediaPlayer(19056): callback application
V/MediaPlayer(19056): back from callback
V/NuCachedSource2( 4451): onFetch
D/SSRM:m  ( 4695): SIOP:: AP = 320, PST = 332, CUR = 450
V/NuCachedSource2( 4451): onFetch
V/NuCachedSource2( 4451): onFetch
V/NuCachedSource2( 4451): onFetch
V/NuCachedSource2( 4451): onFetch
E/SMD     (  281): DCD ON
V/NuCachedSource2( 4451): onFetch
V/NuCachedSource2( 4451): onFetch
V/MediaPlayer(19056): getDuration_l
V/MediaPlayerService( 4451): getDuration
V/MediaPlayerService( 4451): [160] getDuration = 153020
V/MediaPlayer-JNI(19056): getDuration: 153020 (msec)
V/MediaPlayer-JNI(19056): getCurrentPosition: 0 (msec)
V/MediaPlayer(19056): getDuration_l
V/MediaPlayerService( 4451): getDuration
V/MediaPlayerService( 4451): [160] getDuration = 153020
V/MediaPlayer-JNI(19056): getDuration: 153020 (msec)
V/NuCachedSource2( 4451): onFetch
V/NuCachedSource2( 4451): onFetch
V/NuCachedSource2( 4451): onFetch
D/GenericSource( 4451): cachedDurationUs = 142.13 secs, eos=1
V/NuPlayer( 4451): kWhatSourceNotify with buffering-update for NuPlayer 100
V/NuPlayer( 4451): msg : 3, ext1 : 100, ext2 : 0
V/MediaPlayerService( 4451): [160] notify (0xac0fcd00, 3, 100, 0)
V/MediaPlayer(19056): message received msg=3, ext1=100, ext2=0
V/MediaPlayer(19056): buffering 100
V/MediaPlayer(19056): callback application
V/MediaPlayer(19056): back from callback
V/NuCachedSource2( 4451): onFetch
V/NuCachedSource2( 4451): onFetch
V/NuCachedSource2( 4451): onFetch
V/NuCachedSource2( 4451): onFetch
V/NuCachedSource2( 4451): onFetch
V/NuCachedSource2( 4451): onFetch
V/MediaPlayer(19056): getDuration_l
V/MediaPlayerService( 4451): getDuration
V/MediaPlayerService( 4451): [160] getDuration = 153020
V/MediaPlayer-JNI(19056): getDuration: 153020 (msec)
V/MediaPlayer-JNI(19056): getCurrentPosition: 0 (msec)
V/MediaPlayer(19056): getDuration_l
V/MediaPlayerService( 4451): getDuration
V/MediaPlayerService( 4451): [160] getDuration = 153020
V/MediaPlayer-JNI(19056): getDuration: 153020 (msec)
V/NuCachedSource2( 4451): onFetch
V/NuCachedSource2( 4451): onFetch
V/NuCachedSource2( 4451): onFetch
E/Watchdog( 4695): !@Sync 2190
V/NuCachedSource2( 4451): onFetch
V/NuPlayer( 4451): kWhatSourceNotify with buffering-update for NuPlayer 100
D/GenericSource( 4451): cachedDurationUs = 142.13 secs, eos=1
V/NuPlayer( 4451): msg : 3, ext1 : 100, ext2 : 0
V/MediaPlayerService( 4451): [160] notify (0xac0fcd00, 3, 100, 0)
V/MediaPlayer(19056): message received msg=3, ext1=100, ext2=0
V/MediaPlayer(19056): buffering 100
V/MediaPlayer(19056): callback application
V/MediaPlayer(19056): back from callback
V/NuCachedSource2( 4451): onFetch
V/NuCachedSource2( 4451): onFetch
V/NuCachedSource2( 4451): onFetch
V/NuCachedSource2( 4451): onFetch
V/NuCachedSource2( 4451): onFetch
V/NuCachedSource2( 4451): onFetch
V/MediaPlayer(19056): getDuration_l
V/MediaPlayerService( 4451): getDuration
V/MediaPlayerService( 4451): [160] getDuration = 153020
V/MediaPlayer-JNI(19056): getDuration: 153020 (msec)
V/MediaPlayer-JNI(19056): getCurrentPosition: 0 (msec)
V/MediaPlayer(19056): getDuration_l
V/MediaPlayerService( 4451): getDuration
V/MediaPlayerService( 4451): [160] getDuration = 153020
V/MediaPlayer-JNI(19056): getDuration: 153020 (msec)
V/NuCachedSource2( 4451): onFetch
V/NuCachedSource2( 4451): onFetch
V/NuCachedSource2( 4451): onFetch
V/NuCachedSource2( 4451): onFetch
D/GenericSource( 4451): cachedDurationUs = 142.13 secs, eos=1
V/NuPlayer( 4451): kWhatSourceNotify with buffering-update for NuPlayer 100
V/NuPlayer( 4451): msg : 3, ext1 : 100, ext2 : 0
V/MediaPlayerService( 4451): [160] notify (0xac0fcd00, 3, 100, 0)
V/MediaPlayer(19056): message received msg=3, ext1=100, ext2=0
V/MediaPlayer(19056): buffering 100
V/MediaPlayer(19056): callback application
V/MediaPlayer(19056): back from callback
V/NuCachedSource2( 4451): onFetch
V/NuCachedSource2( 4451): onFetch
V/NuCachedSource2( 4451): onFetch
V/NuCachedSource2( 4451): onFetch
V/NuCachedSource2( 4451): onFetch
E/SMD     (  281): DCD ON
V/NuCachedSource2( 4451): onFetch
V/MediaPlayer(19056): getDuration_l
V/MediaPlayerService( 4451): getDuration
V/MediaPlayerService( 4451): [160] getDuration = 153020
V/MediaPlayer-JNI(19056): getDuration: 153020 (msec)
V/MediaPlayer-JNI(19056): getCurrentPosition: 0 (msec)
V/MediaPlayer(19056): getDuration_l
V/MediaPlayerService( 4451): getDuration
V/MediaPlayerService( 4451): [160] getDuration = 153020
V/MediaPlayer-JNI(19056): getDuration: 153020 (msec)
V/NuCachedSource2( 4451): onFetch
V/NuCachedSource2( 4451): onFetch
V/NuCachedSource2( 4451): onFetch
V/NuCachedSource2( 4451): onFetch
D/GenericSource( 4451): cachedDurationUs = 142.13 secs, eos=1
V/NuPlayer( 4451): kWhatSourceNotify with buffering-update for NuPlayer 100
V/NuPlayer( 4451): msg : 3, ext1 : 100, ext2 : 0
V/MediaPlayerService( 4451): [160] notify (0xac0fcd00, 3, 100, 0)
V/MediaPlayer(19056): message received msg=3, ext1=100, ext2=0
V/MediaPlayer(19056): buffering 100
V/MediaPlayer(19056): callback application
V/MediaPlayer(19056): back from callback
V/NuCachedSource2( 4451): onFetch
V/NuCachedSource2( 4451): onFetch
V/NuCachedSource2( 4451): onFetch
V/NuCachedSource2( 4451): onFetch
V/NuCachedSource2( 4451): onFetch
V/NuCachedSource2( 4451): onFetch
V/MediaPlayer(19056): getDuration_l
V/MediaPlayerService( 4451): getDuration
V/MediaPlayerService( 4451): [160] getDuration = 153020
V/MediaPlayer-JNI(19056): getDuration: 153020 (msec)
V/MediaPlayer-JNI(19056): getCurrentPosition: 0 (msec)
V/MediaPlayer(19056): getDuration_l
V/MediaPlayerService( 4451): getDuration
V/MediaPlayerService( 4451): [160] getDuration = 153020
V/MediaPlayer-JNI(19056): getDuration: 153020 (msec)
V/NuCachedSource2( 4451): onFetch
V/NuCachedSource2( 4451): onFetch
D/BatteryService( 4695): !@BatteryListener : batteryPropertiesChanged!
V/NuCachedSource2( 4451): onFetch
V/NuPlayer( 4451): kWhatSourceNotify with buffering-update for NuPlayer 100
V/NuPlayer( 4451): msg : 3, ext1 : 100, ext2 : 0
V/MediaPlayerService( 4451): [160] notify (0xac0fcd00, 3, 100, 0)
V/MediaPlayer(19056): message received msg=3, ext1=100, ext2=0
V/NuCachedSource2( 4451): onFetch
D/GenericSource( 4451): cachedDurationUs = 142.13 secs, eos=1
V/MediaPlayer(19056): buffering 100
V/MediaPlayer(19056): callback application
V/MediaPlayer(19056): back from callback
V/NuCachedSource2( 4451): onFetch
V/NuCachedSource2( 4451): onFetch
V/NuCachedSource2( 4451): onFetch
V/NuCachedSource2( 4451): onFetch
V/NuCachedSource2( 4451): onFetch
V/NuCachedSource2( 4451): onFetch
V/MediaPlayer(19056): getDuration_l
V/MediaPlayerService( 4451): getDuration
V/MediaPlayerService( 4451): [160] getDuration = 153020
V/MediaPlayer-JNI(19056): getDuration: 153020 (msec)
V/MediaPlayer-JNI(19056): getCurrentPosition: 0 (msec)
V/MediaPlayer(19056): getDuration_l
V/MediaPlayerService( 4451): getDuration
V/MediaPlayerService( 4451): [160] getDuration = 153020
V/MediaPlayer-JNI(19056): getDuration: 153020 (msec)
V/NuCachedSource2( 4451): onFetch
V/NuCachedSource2( 4451): onFetch
V/NuCachedSource2( 4451): onFetch
V/NuPlayer( 4451): kWhatSourceNotify with buffering-update for NuPlayer 100
V/NuPlayer( 4451): msg : 3, ext1 : 100, ext2 : 0
V/NuCachedSource2( 4451): onFetch
V/MediaPlayerService( 4451): [160] notify (0xac0fcd00, 3, 100, 0)
V/MediaPlayer(19056): message received msg=3, ext1=100, ext2=0
D/GenericSource( 4451): cachedDurationUs = 142.13 secs, eos=1
V/MediaPlayer(19056): buffering 100
V/MediaPlayer(19056): callback application
V/MediaPlayer(19056): back from callback
V/NuCachedSource2( 4451): onFetch
V/NuCachedSource2( 4451): onFetch
V/NuCachedSource2( 4451): onFetch
V/NuCachedSource2( 4451): onFetch
E/SMD     (  281): DCD ON
V/NuCachedSource2( 4451): onFetch
V/NuCachedSource2( 4451): onFetch
V/MediaPlayer(19056): getDuration_l
V/MediaPlayerService( 4451): getDuration
V/MediaPlayerService( 4451): [160] getDuration = 153020
V/MediaPlayer-JNI(19056): getDuration: 153020 (msec)
V/MediaPlayer-JNI(19056): getCurrentPosition: 0 (msec)
V/MediaPlayer(19056): getDuration_l
V/MediaPlayerService( 4451): getDuration
V/MediaPlayerService( 4451): [160] getDuration = 153020
V/MediaPlayer-JNI(19056): getDuration: 153020 (msec)
V/NuCachedSource2( 4451): onFetch
V/NuCachedSource2( 4451): onFetch
V/NuCachedSource2( 4451): onFetch
V/NuPlayer( 4451): kWhatSourceNotify with buffering-update for NuPlayer 100
V/NuPlayer( 4451): msg : 3, ext1 : 100, ext2 : 0
D/GenericSource( 4451): cachedDurationUs = 142.13 secs, eos=1
V/MediaPlayerService( 4451): [160] notify (0xac0fcd00, 3, 100, 0)
V/MediaPlayer(19056): message received msg=3, ext1=100, ext2=0
V/MediaPlayer(19056): buffering 100
V/MediaPlayer(19056): callback application
V/MediaPlayer(19056): back from callback
V/NuCachedSource2( 4451): onFetch
V/NuCachedSource2( 4451): onFetch
V/NuCachedSource2( 4451): onFetch
V/NuCachedSource2( 4451): onFetch
V/NuCachedSource2( 4451): onFetch
V/NuCachedSource2( 4451): onFetch
V/NuCachedSource2( 4451): onFetch
V/MediaPlayer(19056): getDuration_l
V/MediaPlayerService( 4451): getDuration
V/MediaPlayerService( 4451): [160] getDuration = 153020
V/MediaPlayer-JNI(19056): getDuration: 153020 (msec)
V/MediaPlayer-JNI(19056): getCurrentPosition: 0 (msec)
V/MediaPlayer(19056): getDuration_l
V/MediaPlayerService( 4451): getDuration
V/MediaPlayerService( 4451): [160] getDuration = 153020
V/MediaPlayer-JNI(19056): getDuration: 153020 (msec)
V/NuCachedSource2( 4451): onFetch
V/NuCachedSource2( 4451): onFetch
V/NuCachedSource2( 4451): onFetch
D/GenericSource( 4451): cachedDurationUs = 142.13 secs, eos=1
V/NuPlayer( 4451): kWhatSourceNotify with buffering-update for NuPlayer 100
V/NuPlayer( 4451): msg : 3, ext1 : 100, ext2 : 0
V/MediaPlayerService( 4451): [160] notify (0xac0fcd00, 3, 100, 0)
V/MediaPlayer(19056): message received msg=3, ext1=100, ext2=0
V/MediaPlayer(19056): buffering 100
V/MediaPlayer(19056): callback application
V/MediaPlayer(19056): back from callback
V/NuCachedSource2( 4451): onFetch
V/NuCachedSource2( 4451): onFetch
V/NuCachedSource2( 4451): onFetch
V/NuCachedSource2( 4451): onFetch
V/NuCachedSource2( 4451): onFetch
V/NuCachedSource2( 4451): onFetch
V/NuCachedSource2( 4451): onFetch
V/MediaPlayer(19056): getDuration_l
V/MediaPlayerService( 4451): getDuration
V/MediaPlayerService( 4451): [160] getDuration = 153020
V/MediaPlayer-JNI(19056): getDuration: 153020 (msec)
V/MediaPlayer-JNI(19056): getCurrentPosition: 0 (msec)
V/MediaPlayer(19056): getDuration_l
V/MediaPlayerService( 4451): getDuration
V/MediaPlayerService( 4451): [160] getDuration = 153020
V/MediaPlayer-JNI(19056): getDuration: 153020 (msec)
V/NuCachedSource2( 4451): onFetch
V/NuCachedSource2( 4451): onFetch
V/NuCachedSource2( 4451): onFetch
D/GenericSource( 4451): cachedDurationUs = 142.13 secs, eos=1
V/NuPlayer( 4451): kWhatSourceNotify with buffering-update for NuPlayer 100
V/NuPlayer( 4451): msg : 3, ext1 : 100, ext2 : 0
V/MediaPlayerService( 4451): [160] notify (0xac0fcd00, 3, 100, 0)
V/MediaPlayer(19056): message received msg=3, ext1=100, ext2=0
V/MediaPlayer(19056): buffering 100
V/MediaPlayer(19056): callback application
V/MediaPlayer(19056): back from callback
V/NuCachedSource2( 4451): onFetch
D/StatusBar.NetworkController( 4983): onSignalStrengthsChanged signalStrength=SignalStrength: 99 99 -120 -160 -120 -1 -1 17 -108 -7 30 -1 2147483647 0x4000 gsm|lte level=4
D/WfcPhoneStateListener( 5523): onSignalStrengthsChanged(): signal strength did not change
V/NuCachedSource2( 4451): onFetch
V/NuCachedSource2( 4451): onFetch
V/NuCachedSource2( 4451): onFetch
V/NuCachedSource2( 4451): onFetch
E/SMD     (  281): DCD ON
V/NuCachedSource2( 4451): onFetch
