V/NuCachedSource2( 4451): onFetch
V/NuCachedSource2( 4451): onFetch
E/SMD     (  281): DCD ON
V/NuCachedSource2( 4451): onFetch
D/StatusBar.NetworkController( 4983): onSignalStrengthsChanged signalStrength=SignalStrength: 99 99 -120 -160 -120 -1 -1 17 -108 -7 60 -1 2147483647 0x4000 gsm|lte level=4
D/WfcPhoneStateListener( 5523): onSignalStrengthsChanged(): signal strength did not change
V/NuCachedSource2( 4451): onFetch
V/MediaPlayer(19056): getDuration_l
V/MediaPlayerService( 4451): getDuration
V/MediaPlayerService( 4451): [160] getDuration = 153020
V/MediaPlayer-JNI(19056): getDuration: 153020 (msec)
V/MediaPlayer-JNI(19056): getCurrentPosition: 0 (msec)
V/MediaPlayer(19056): getDuration_l
V/MediaPlayerService( 4451): getDuration
V/MediaPlayerService( 4451): [160] getDuration = 153020
V/MediaPlayer-JNI(19056): getDuration: 153020 (msec)
V/NuCachedSource2( 4451): onFetch
V/NuCachedSource2( 4451): onFetch
V/NuCachedSource2( 4451): onFetch
V/NuCachedSource2( 4451): onFetch
D/GenericSource( 4451): cachedDurationUs = 142.13 secs, eos=1
V/NuPlayer( 4451): kWhatSourceNotify with buffering-update for NuPlayer 100
V/NuPlayer( 4451): msg : 3, ext1 : 100, ext2 : 0
V/MediaPlayerService( 4451): [160] notify (0xac0fcd00, 3, 100, 0)
V/MediaPlayer(19056): message received msg=3, ext1=100, ext2=0
V/MediaPlayer(19056): buffering 100
V/MediaPlayer(19056): callback application
V/MediaPlayer(19056): back from callback
V/NuCachedSource2( 4451): onFetch
V/NuCachedSource2( 4451): onFetch
V/NuCachedSource2( 4451): onFetch
V/NuCachedSource2( 4451): onFetch
V/NuCachedSource2( 4451): onFetch
V/NuCachedSource2( 4451): onFetch
V/MediaPlayer(19056): getDuration_l
V/MediaPlayerService( 4451): getDuration
V/MediaPlayerService( 4451): [160] getDuration = 153020
V/MediaPlayer-JNI(19056): getDuration: 153020 (msec)
V/MediaPlayer-JNI(19056): getCurrentPosition: 0 (msec)
V/MediaPlayer(19056): getDuration_l
V/MediaPlayerService( 4451): getDuration
V/MediaPlayerService( 4451): [160] getDuration = 153020
V/MediaPlayer-JNI(19056): getDuration: 153020 (msec)
V/NuCachedSource2( 4451): onFetch
V/NuCachedSource2( 4451): onFetch
D/StatusBar.NetworkController( 4983): onSignalStrengthsChanged signalStrength=SignalStrength: 99 99 -120 -160 -120 -1 -1 17 -108 -7 54 -1 2147483647 0x4000 gsm|lte level=4
D/WfcPhoneStateListener( 5523): onSignalStrengthsChanged(): signal strength did not change
V/NuCachedSource2( 4451): onFetch
V/NuCachedSource2( 4451): onFetch
V/NuPlayer( 4451): kWhatSourceNotify with buffering-update for NuPlayer 100
V/NuPlayer( 4451): msg : 3, ext1 : 100, ext2 : 0
V/MediaPlayerService( 4451): [160] notify (0xac0fcd00, 3, 100, 0)
D/GenericSource( 4451): cachedDurationUs = 142.13 secs, eos=1
V/MediaPlayer(19056): message received msg=3, ext1=100, ext2=0
V/MediaPlayer(19056): buffering 100
V/MediaPlayer(19056): callback application
V/MediaPlayer(19056): back from callback
V/NuCachedSource2( 4451): onFetch
V/NuCachedSource2( 4451): onFetch
V/NuCachedSource2( 4451): onFetch
V/NuCachedSource2( 4451): onFetch
V/NuCachedSource2( 4451): onFetch
V/NuCachedSource2( 4451): onFetch
V/MediaPlayer(19056): getDuration_l
V/MediaPlayerService( 4451): getDuration
V/MediaPlayerService( 4451): [160] getDuration = 153020
V/MediaPlayer-JNI(19056): getDuration: 153020 (msec)
V/MediaPlayer-JNI(19056): getCurrentPosition: 0 (msec)
V/MediaPlayer(19056): getDuration_l
V/MediaPlayerService( 4451): getDuration
V/MediaPlayerService( 4451): [160] getDuration = 153020
V/MediaPlayer-JNI(19056): getDuration: 153020 (msec)
V/NuCachedSource2( 4451): onFetch
V/NuCachedSource2( 4451): onFetch
V/NuCachedSource2( 4451): onFetch
V/NuCachedSource2( 4451): onFetch
V/NuPlayer( 4451): kWhatSourceNotify with buffering-update for NuPlayer 100
V/NuPlayer( 4451): msg : 3, ext1 : 100, ext2 : 0
V/MediaPlayerService( 4451): [160] notify (0xac0fcd00, 3, 100, 0)
V/MediaPlayer(19056): message received msg=3, ext1=100, ext2=0
D/GenericSource( 4451): cachedDurationUs = 142.13 secs, eos=1
V/MediaPlayer(19056): buffering 100
V/MediaPlayer(19056): callback application
V/MediaPlayer(19056): back from callback
V/NuCachedSource2( 4451): onFetch
V/NuCachedSource2( 4451): onFetch
V/NuCachedSource2( 4451): onFetch
V/NuCachedSource2( 4451): onFetch
E/SMD     (  281): DCD ON
V/NuCachedSource2( 4451): onFetch
V/NuCachedSource2( 4451): onFetch
V/MediaPlayer(19056): getDuration_l
V/MediaPlayerService( 4451): getDuration
V/MediaPlayerService( 4451): [160] getDuration = 153020
V/MediaPlayer-JNI(19056): getDuration: 153020 (msec)
V/MediaPlayer-JNI(19056): getCurrentPosition: 0 (msec)
V/MediaPlayer(19056): getDuration_l
V/MediaPlayerService( 4451): getDuration
V/MediaPlayerService( 4451): [160] getDuration = 153020
V/MediaPlayer-JNI(19056): getDuration: 153020 (msec)
V/NuCachedSource2( 4451): onFetch
V/NuCachedSource2( 4451): onFetch
V/NuCachedSource2( 4451): onFetch
V/NuCachedSource2( 4451): onFetch
V/NuPlayer( 4451): kWhatSourceNotify with buffering-update for NuPlayer 100
V/NuPlayer( 4451): msg : 3, ext1 : 100, ext2 : 0
V/MediaPlayerService( 4451): [160] notify (0xac0fcd00, 3, 100, 0)
V/MediaPlayer(19056): message received msg=3, ext1=100, ext2=0
D/GenericSource( 4451): cachedDurationUs = 142.13 secs, eos=1
V/MediaPlayer(19056): buffering 100
V/MediaPlayer(19056): callback application
V/MediaPlayer(19056): back from callback
V/NuCachedSource2( 4451): onFetch
V/NuCachedSource2( 4451): onFetch
V/NuCachedSource2( 4451): onFetch
V/NuCachedSource2( 4451): onFetch
V/NuCachedSource2( 4451): onFetch
V/NuCachedSource2( 4451): onFetch
V/MediaPlayer(19056): getDuration_l
V/MediaPlayerService( 4451): getDuration
V/MediaPlayerService( 4451): [160] getDuration = 153020
V/MediaPlayer-JNI(19056): getDuration: 153020 (msec)
V/MediaPlayer-JNI(19056): getCurrentPosition: 0 (msec)
V/MediaPlayer(19056): getDuration_l
V/MediaPlayerService( 4451): getDuration
V/MediaPlayerService( 4451): [160] getDuration = 153020
V/MediaPlayer-JNI(19056): getDuration: 153020 (msec)
V/NuCachedSource2( 4451): onFetch
V/NuCachedSource2( 4451): onFetch
V/NuCachedSource2( 4451): onFetch
V/NuCachedSource2( 4451): onFetch
V/NuPlayer( 4451): kWhatSourceNotify with buffering-update for NuPlayer 100
V/NuPlayer( 4451): msg : 3, ext1 : 100, ext2 : 0
V/MediaPlayerService( 4451): [160] notify (0xac0fcd00, 3, 100, 0)
V/MediaPlayer(19056): message received msg=3, ext1=100, ext2=0
D/GenericSource( 4451): cachedDurationUs = 142.13 secs, eos=1
V/MediaPlayer(19056): buffering 100
V/MediaPlayer(19056): callback application
V/MediaPlayer(19056): back from callback
V/NuCachedSource2( 4451): onFetch
V/NuCachedSource2( 4451): onFetch
V/NuCachedSource2( 4451): onFetch
V/NuCachedSource2( 4451): onFetch
V/NuCachedSource2( 4451): onFetch
V/NuCachedSource2( 4451): onFetch
V/MediaPlayer(19056): getDuration_l
V/MediaPlayerService( 4451): getDuration
V/MediaPlayerService( 4451): [160] getDuration = 153020
V/MediaPlayer-JNI(19056): getDuration: 153020 (msec)
V/MediaPlayer-JNI(19056): getCurrentPosition: 0 (msec)
V/MediaPlayer(19056): getDuration_l
V/MediaPlayerService( 4451): getDuration
V/MediaPlayerService( 4451): [160] getDuration = 153020
V/MediaPlayer-JNI(19056): getDuration: 153020 (msec)
V/NuCachedSource2( 4451): onFetch
V/NuCachedSource2( 4451): onFetch
V/NuCachedSource2( 4451): onFetch
V/NuCachedSource2( 4451): onFetch
V/NuPlayer( 4451): kWhatSourceNotify with buffering-update for NuPlayer 100
V/NuPlayer( 4451): msg : 3, ext1 : 100, ext2 : 0
V/MediaPlayerService( 4451): [160] notify (0xac0fcd00, 3, 100, 0)
V/MediaPlayer(19056): message received msg=3, ext1=100, ext2=0
D/GenericSource( 4451): cachedDurationUs = 142.13 secs, eos=1
V/MediaPlayer(19056): buffering 100
V/MediaPlayer(19056): callback application
V/MediaPlayer(19056): back from callback
V/NuCachedSource2( 4451): onFetch
V/NuCachedSource2( 4451): onFetch
V/NuCachedSource2( 4451): onFetch
V/NuCachedSource2( 4451): onFetch
E/SMD     (  281): DCD ON
V/NuCachedSource2( 4451): onFetch
V/MediaPlayer(19056): getDuration_l
V/MediaPlayerService( 4451): getDuration
V/MediaPlayerService( 4451): [160] getDuration = 153020
V/MediaPlayer-JNI(19056): getDuration: 153020 (msec)
V/MediaPlayer-JNI(19056): getCurrentPosition: 0 (msec)
V/MediaPlayer(19056): getDuration_l
V/MediaPlayerService( 4451): getDuration
V/MediaPlayerService( 4451): [160] getDuration = 153020
V/MediaPlayer-JNI(19056): getDuration: 153020 (msec)
V/NuCachedSource2( 4451): onFetch
V/NuCachedSource2( 4451): onFetch
V/NuCachedSource2( 4451): onFetch
V/NuCachedSource2( 4451): onFetch
V/AlarmManager( 4695): waitForAlarm result :4
I/PedometerService(19406): onStartCommand  true, true
D/BatteryService( 4695): !@BatteryListener : batteryPropertiesChanged!
D/BatteryService( 4695): level:72, scale:100, status:2, health:2, present:true, voltage: 4111, temperature: 307, technology: Li-ion, AC powered:false, USB powered:true, POGO powered:false, Wireless powered:false, icon:17303749, invalid charger:0
D/BatteryService( 4695): online:4, current avg:450, charge type:1, power sharing:false, high voltage charger:false, capacity:280000
D/BatteryService( 4695): Sending ACTION_BATTERY_CHANGED.
I/Tethering( 4695): BATTERY_CHANGED, level = 72lowBatteryThreshold = 15
D/KeyguardUpdateMonitor( 4983): received broadcast android.intent.action.BATTERY_CHANGED
D/KeyguardUpdateMonitor( 4983): handleBatteryUpdate
V/NuCachedSource2( 4451): onFetch
D/MotionRecognitionService( 4695):   mReceiver.onReceive : ACTION_BATTERY_CHANGED
I/MotionRecognitionService( 4695): Plugged
I/MotionRecognitionService( 4695): setPowerConnected  = true
D/BatteryMonitor( 5489): new battery level: 72
V/HeadsetService( 8285): HeadsetService - Received Intent.ACTION_BATTERY_CHANGED
D/HeadsetStateMachine( 8285): Disconnected process message: 10
V/NuPlayer( 4451): kWhatSourceNotify with buffering-update for NuPlayer 100
D/STATUSBAR-PhoneStatusBar( 4983):  mBrightnessEnablebySettings = true mBrightnessEnablebyBattery = true mBrightnessEnablebyDisableFlag = true mPmsBrightnessEnablebySettings = true
V/NuPlayer( 4451): msg : 3, ext1 : 100, ext2 : 0
V/MediaPlayerService( 4451): [160] notify (0xac0fcd00, 3, 100, 0)
D/GenericSource( 4451): cachedDurationUs = 142.13 secs, eos=1
V/MediaPlayer(19056): message received msg=3, ext1=100, ext2=0
V/MediaPlayer(19056): buffering 100
V/MediaPlayer(19056): callback application
V/MediaPlayer(19056): back from callback
D/BatteryMeterView( 4983): ACTION_BATTERY_CHANGED : level:72 status:2 health:2
D/BatteryMeterView( 4983): ACTION_BATTERY_CHANGED : level:72 status:2 health:2
D/BatteryMeterView( 4983): ACTION_BATTERY_CHANGED : level:72 status:2 health:2
E/NetlinkEvent( 4414): NetlinkEvent::FindParam(): Parameter 'TIME_NS' not found
D/SettingsProvider( 4695): name = radio.data.stall.recovery.action
D/SettingsProvider( 4695): edmUri: content://com.sec.knox.provider/RestrictionPolicy3
D/SettingsProvider( 4695): projectionArgs: isSettingsChangesAllowed
D/SettingsProvider( 4695): selectionArgs: false
D/SettingsProvider( 4695): selectionArgs: 1001
D/SecContentProvider( 4695): uri = 17 selection = isSettingsChangesAllowed
D/SettingsProvider( 4695): ret = -1
V/AlarmManager( 4695): OOI=Alarm{136226df type 2 when 236499661 com.google.android.gms}
V/NuCachedSource2( 4451): onFetch
V/NuCachedSource2( 4451): onFetch
V/NuCachedSource2( 4451): onFetch
V/NuCachedSource2( 4451): onFetch
E/SPPClientService(18766): [b] __PingReply__
D/ConnectivityService( 4695): returning getActiveNetworkInfo :[type: MOBILE[LTE] - MOBILE, state: CONNECTED/CONNECTED, reason: connected, extra: fast.t-mobile.com, roaming: false, failover: false, isAvailable: true, isConnectedToProvisioningNetwork: false]
D/ConnectivityService( 4695): returning getActiveNetworkInfo :[type: MOBILE[LTE] - MOBILE, state: CONNECTED/CONNECTED, reason: connected, extra: fast.t-mobile.com, roaming: false, failover: false, isAvailable: true, isConnectedToProvisioningNetwork: false]
D/ConnectivityService( 4695): returning getActiveNetworkInfo :[type: MOBILE[LTE] - MOBILE, state: CONNECTED/CONNECTED, reason: connected, extra: fast.t-mobile.com, roaming: false, failover: false, isAvailable: true, isConnectedToProvisioningNetwork: false]
D/ConnectivityService( 4695): returning getActiveNetworkInfo :[type: MOBILE[LTE] - MOBILE, state: CONNECTED/CONNECTED, reason: connected, extra: fast.t-mobile.com, roaming: false, failover: false, isAvailable: true, isConnectedToProvisioningNetwork: false]
D/ConnectivityService( 4695): returning getActiveNetworkInfo :[type: MOBILE[LTE] - MOBILE, state: CONNECTED/CONNECTED, reason: connected, extra: fast.t-mobile.com, roaming: false, failover: false, isAvailable: true, isConnectedToProvisioningNetwork: false]
D/ConnectivityService( 4695): returning getActiveNetworkInfo :[type: MOBILE[LTE] - MOBILE, state: CONNECTED/CONNECTED, reason: connected, extra: fast.t-mobile.com, roaming: false, failover: false, isAvailable: true, isConnectedToProvisioningNetwork: false]
V/NuCachedSource2( 4451): onFetch
V/MediaPlayer(19056): getDuration_l
V/MediaPlayerService( 4451): getDuration
V/MediaPlayerService( 4451): [160] getDuration = 153020
V/MediaPlayer-JNI(19056): getDuration: 153020 (msec)
V/MediaPlayer-JNI(19056): getCurrentPosition: 0 (msec)
V/MediaPlayer(19056): getDuration_l
V/MediaPlayerService( 4451): getDuration
V/MediaPlayerService( 4451): [160] getDuration = 153020
V/MediaPlayer-JNI(19056): getDuration: 153020 (msec)
V/NuCachedSource2( 4451): onFetch
V/NuCachedSource2( 4451): onFetch
V/NuCachedSource2( 4451): onFetch
V/NuCachedSource2( 4451): onFetch
D/EPDG -- [EPDGService]( 4695): onDataActivity: direction=3
D/StatusBar.NetworkController( 4983): onDataActivity: direction=3
D/StatusBar.NetworkController( 4983): refreshSignalCluster - setNWBoosterIndicators(false)
D/StatusBar.NetworkController( 4983): applyTMO
D/StatusBar.NetworkController( 4983): refreshSignalCluster - setNWBoosterIndicators(false)
D/StatusBar.NetworkController( 4983): applyTMO
D/StatusBar.NetworkController( 4983): refreshSignalCluster - setNWBoosterIndicators(false)
D/StatusBar.NetworkController( 4983): applyTMO
D/StatusBar.NetworkController( 4983): refreshSignalCluster - setNWBoosterIndicators(false)
D/StatusBar.NetworkController( 4983): applyTMO
V/NuCachedSource2( 4451): onFetch
D/GenericSource( 4451): cachedDurationUs = 142.13 secs, eos=1
V/NuPlayer( 4451): kWhatSourceNotify with buffering-update for NuPlayer 100
V/NuPlayer( 4451): msg : 3, ext1 : 100, ext2 : 0
V/MediaPlayerService( 4451): [160] notify (0xac0fcd00, 3, 100, 0)
V/MediaPlayer(19056): message received msg=3, ext1=100, ext2=0
V/MediaPlayer(19056): buffering 100
V/MediaPlayer(19056): callback application
V/MediaPlayer(19056): back from callback
V/NuCachedSource2( 4451): onFetch
E/SQLiteLog( 5634): (10) POSIX Error : 11 SQLite Error : 3850
V/NuCachedSource2( 4451): onFetch
V/NuCachedSource2( 4451): onFetch
D/SSRM:m  ( 4695): SIOP:: AP = 320, PST = 323, CUR = 450
V/NuCachedSource2( 4451): onFetch
V/NuCachedSource2( 4451): onFetch
V/MediaPlayer(19056): getDuration_l
V/MediaPlayerService( 4451): getDuration
V/MediaPlayerService( 4451): [160] getDuration = 153020
V/MediaPlayer-JNI(19056): getDuration: 153020 (msec)
V/MediaPlayer-JNI(19056): getCurrentPosition: 0 (msec)
V/MediaPlayer(19056): getDuration_l
V/MediaPlayerService( 4451): getDuration
V/MediaPlayerService( 4451): [160] getDuration = 153020
V/MediaPlayer-JNI(19056): getDuration: 153020 (msec)
V/NuCachedSource2( 4451): onFetch
V/NuCachedSource2( 4451): onFetch
V/NuCachedSource2( 4451): onFetch
V/NuCachedSource2( 4451): onFetch
D/EPDG -- [EPDGService]( 4695): onDataActivity: direction=0
D/StatusBar.NetworkController( 4983): onDataActivity: direction=0
D/StatusBar.NetworkController( 4983): refreshSignalCluster - setNWBoosterIndicators(false)
D/StatusBar.NetworkController( 4983): applyTMO
D/StatusBar.NetworkController( 4983): refreshSignalCluster - setNWBoosterIndicators(false)
D/StatusBar.NetworkController( 4983): applyTMO
D/StatusBar.NetworkController( 4983): refreshSignalCluster - setNWBoosterIndicators(false)
D/StatusBar.NetworkController( 4983): applyTMO
V/NuCachedSource2( 4451): onFetch
D/StatusBar.NetworkController( 4983): refreshSignalCluster - setNWBoosterIndicators(false)
D/StatusBar.NetworkController( 4983): applyTMO
D/GenericSource( 4451): cachedDurationUs = 142.13 secs, eos=1
V/NuPlayer( 4451): kWhatSourceNotify with buffering-update for NuPlayer 100
V/NuPlayer( 4451): msg : 3, ext1 : 100, ext2 : 0
V/MediaPlayerService( 4451): [160] notify (0xac0fcd00, 3, 100, 0)
V/MediaPlayer(19056): message received msg=3, ext1=100, ext2=0
V/MediaPlayer(19056): buffering 100
V/MediaPlayer(19056): callback application
V/MediaPlayer(19056): back from callback
V/NuCachedSource2( 4451): onFetch
V/NuCachedSource2( 4451): onFetch
V/NuCachedSource2( 4451): onFetch
V/NuCachedSource2( 4451): onFetch
E/SMD     (  281): DCD ON
V/NuCachedSource2( 4451): onFetch
V/MediaPlayer(19056): getDuration_l
V/MediaPlayerService( 4451): getDuration
V/MediaPlayerService( 4451): [160] getDuration = 153020
V/MediaPlayer-JNI(19056): getDuration: 153020 (msec)
V/MediaPlayer-JNI(19056): getCurrentPosition: 0 (msec)
V/MediaPlayer(19056): getDuration_l
V/MediaPlayerService( 4451): getDuration
V/MediaPlayerService( 4451): [160] getDuration = 153020
V/MediaPlayer-JNI(19056): getDuration: 153020 (msec)
V/NuCachedSource2( 4451): onFetch
V/NuCachedSource2( 4451): onFetch
V/NuCachedSource2( 4451): onFetch
V/NuCachedSource2( 4451): onFetch
D/GenericSource( 4451): cachedDurationUs = 142.13 secs, eos=1
V/NuPlayer( 4451): kWhatSourceNotify with buffering-update for NuPlayer 100
V/NuCachedSource2( 4451): onFetch
V/NuPlayer( 4451): msg : 3, ext1 : 100, ext2 : 0
V/MediaPlayerService( 4451): [160] notify (0xac0fcd00, 3, 100, 0)
V/MediaPlayer(19056): message received msg=3, ext1=100, ext2=0
V/MediaPlayer(19056): buffering 100
V/MediaPlayer(19056): callback application
V/MediaPlayer(19056): back from callback
V/NuCachedSource2( 4451): onFetch
V/NuCachedSource2( 4451): onFetch
V/NuCachedSource2( 4451): onFetch
V/NuCachedSource2( 4451): onFetch
V/NuCachedSource2( 4451): onFetch
V/MediaPlayer(19056): getDuration_l
V/MediaPlayerService( 4451): getDuration
V/MediaPlayerService( 4451): [160] getDuration = 153020
V/MediaPlayer-JNI(19056): getDuration: 153020 (msec)
V/MediaPlayer-JNI(19056): getCurrentPosition: 0 (msec)
V/MediaPlayer(19056): getDuration_l
V/MediaPlayerService( 4451): getDuration
V/MediaPlayerService( 4451): [160] getDuration = 153020
V/MediaPlayer-JNI(19056): getDuration: 153020 (msec)
V/NuCachedSource2( 4451): onFetch
V/NuCachedSource2( 4451): onFetch
V/NuCachedSource2( 4451): onFetch
V/NuCachedSource2( 4451): onFetch
V/NuPlayer( 4451): kWhatSourceNotify with buffering-update for NuPlayer 100
V/NuPlayer( 4451): msg : 3, ext1 : 100, ext2 : 0
V/MediaPlayerService( 4451): [160] notify (0xac0fcd00, 3, 100, 0)
D/GenericSource( 4451): cachedDurationUs = 142.13 secs, eos=1
V/MediaPlayer(19056): message received msg=3, ext1=100, ext2=0
V/MediaPlayer(19056): buffering 100
V/MediaPlayer(19056): callback application
V/MediaPlayer(19056): back from callback
V/NuCachedSource2( 4451): onFetch
V/NuCachedSource2( 4451): onFetch
V/NuCachedSource2( 4451): onFetch
V/NuCachedSource2( 4451): onFetch
V/NuCachedSource2( 4451): onFetch
V/NuCachedSource2( 4451): onFetch
V/MediaPlayer(19056): getDuration_l
V/MediaPlayerService( 4451): getDuration
V/MediaPlayerService( 4451): [160] getDuration = 153020
V/MediaPlayer-JNI(19056): getDuration: 153020 (msec)
V/MediaPlayer-JNI(19056): getCurrentPosition: 0 (msec)
V/MediaPlayer(19056): getDuration_l
V/MediaPlayerService( 4451): getDuration
V/MediaPlayerService( 4451): [160] getDuration = 153020
V/MediaPlayer-JNI(19056): getDuration: 153020 (msec)
V/NuCachedSource2( 4451): onFetch
V/NuCachedSource2( 4451): onFetch
V/NuCachedSource2( 4451): onFetch
V/NuCachedSource2( 4451): onFetch
D/GenericSource( 4451): cachedDurationUs = 142.13 secs, eos=1
V/NuPlayer( 4451): kWhatSourceNotify with buffering-update for NuPlayer 100
V/NuPlayer( 4451): msg : 3, ext1 : 100, ext2 : 0
V/MediaPlayerService( 4451): [160] notify (0xac0fcd00, 3, 100, 0)
V/MediaPlayer(19056): message received msg=3, ext1=100, ext2=0
V/MediaPlayer(19056): buffering 100
V/MediaPlayer(19056): callback application
V/MediaPlayer(19056): back from callback
V/NuCachedSource2( 4451): onFetch
V/NuCachedSource2( 4451): onFetch
V/NuCachedSource2( 4451): onFetch
V/NuCachedSource2( 4451): onFetch
E/SMD     (  281): DCD ON
V/NuCachedSource2( 4451): onFetch
E/NetlinkEvent( 4414): NetlinkEvent::FindParam(): Parameter 'TIME_NS' not found
V/NuCachedSource2( 4451): onFetch
V/MediaPlayer(19056): getDuration_l
V/MediaPlayerService( 4451): getDuration
V/MediaPlayerService( 4451): [160] getDuration = 153020
V/MediaPlayer-JNI(19056): getDuration: 153020 (msec)
V/MediaPlayer-JNI(19056): getCurrentPosition: 0 (msec)
V/MediaPlayer(19056): getDuration_l
V/MediaPlayerService( 4451): getDuration
V/MediaPlayerService( 4451): [160] getDuration = 153020
V/MediaPlayer-JNI(19056): getDuration: 153020 (msec)
V/NuCachedSource2( 4451): onFetch
V/NuCachedSource2( 4451): onFetch
V/NuCachedSource2( 4451): onFetch
V/NuCachedSource2( 4451): onFetch
V/NuPlayer( 4451): kWhatSourceNotify with buffering-update for NuPlayer 100
V/NuPlayer( 4451): msg : 3, ext1 : 100, ext2 : 0
V/MediaPlayerService( 4451): [160] notify (0xac0fcd00, 3, 100, 0)
D/GenericSource( 4451): cachedDurationUs = 142.13 secs, eos=1
V/MediaPlayer(19056): message received msg=3, ext1=100, ext2=0
V/MediaPlayer(19056): buffering 100
V/MediaPlayer(19056): callback application
V/MediaPlayer(19056): back from callback
V/NuCachedSource2( 4451): onFetch
V/NuCachedSource2( 4451): onFetch
V/NuCachedSource2( 4451): onFetch
V/NuCachedSource2( 4451): onFetch
V/NuCachedSource2( 4451): onFetch
D/StatusBar.NetworkController( 4983): onSignalStrengthsChanged signalStrength=SignalStrength: 99 99 -120 -160 -120 -1 -1 18 -108 -7 16 -1 2147483647 0x4000 gsm|lte level=4
D/WfcPhoneStateListener( 5523): onSignalStrengthsChanged(): signal strength did not change
V/NuCachedSource2( 4451): onFetch
V/MediaPlayer(19056): getDuration_l
V/MediaPlayerService( 4451): getDuration
V/MediaPlayerService( 4451): [160] getDuration = 153020
V/MediaPlayer-JNI(19056): getDuration: 153020 (msec)
V/MediaPlayer-JNI(19056): getCurrentPosition: 0 (msec)
V/MediaPlayer(19056): getDuration_l
V/MediaPlayerService( 4451): getDuration
V/MediaPlayerService( 4451): [160] getDuration = 153020
V/MediaPlayer-JNI(19056): getDuration: 153020 (msec)
V/NuCachedSource2( 4451): onFetch
V/NuCachedSource2( 4451): onFetch
V/NuCachedSource2( 4451): onFetch
V/NuCachedSource2( 4451): onFetch
V/NuPlayer( 4451): kWhatSourceNotify with buffering-update for NuPlayer 100
V/NuPlayer( 4451): msg : 3, ext1 : 100, ext2 : 0
D/GenericSource( 4451): cachedDurationUs = 142.13 secs, eos=1
V/MediaPlayerService( 4451): [160] notify (0xac0fcd00, 3, 100, 0)
V/MediaPlayer(19056): message received msg=3, ext1=100, ext2=0
V/MediaPlayer(19056): buffering 100
V/MediaPlayer(19056): callback application
V/MediaPlayer(19056): back from callback
V/NuCachedSource2( 4451): onFetch
V/NuCachedSource2( 4451): onFetch
V/NuCachedSource2( 4451): onFetch
V/NuCachedSource2( 4451): onFetch
D/StatusBar.NetworkController( 4983): onSignalStrengthsChanged signalStrength=SignalStrength: 99 99 -120 -160 -120 -1 -1 19 -108 -7 4 -1 2147483647 0x4000 gsm|lte level=4
D/WfcPhoneStateListener( 5523): onSignalStrengthsChanged(): signal strength did not change
V/NuCachedSource2( 4451): onFetch
V/NuCachedSource2( 4451): onFetch
V/MediaPlayer(19056): getDuration_l
V/MediaPlayerService( 4451): getDuration
V/MediaPlayerService( 4451): [160] getDuration = 153020
V/MediaPlayer-JNI(19056): getDuration: 153020 (msec)
V/MediaPlayer-JNI(19056): getCurrentPosition: 0 (msec)
V/MediaPlayer(19056): getDuration_l
V/MediaPlayerService( 4451): getDuration
V/MediaPlayerService( 4451): [160] getDuration = 153020
V/MediaPlayer-JNI(19056): getDuration: 153020 (msec)
V/NuCachedSource2( 4451): onFetch
V/NuCachedSource2( 4451): onFetch
V/NuCachedSource2( 4451): onFetch
V/NuCachedSource2( 4451): onFetch
D/GenericSource( 4451): cachedDurationUs = 142.13 secs, eos=1
V/NuPlayer( 4451): kWhatSourceNotify with buffering-update for NuPlayer 100
V/NuPlayer( 4451): msg : 3, ext1 : 100, ext2 : 0
V/MediaPlayerService( 4451): [160] notify (0xac0fcd00, 3, 100, 0)
V/MediaPlayer(19056): message received msg=3, ext1=100, ext2=0
V/MediaPlayer(19056): buffering 100
V/MediaPlayer(19056): callback application
V/MediaPlayer(19056): back from callback
V/NuCachedSource2( 4451): onFetch
V/NuCachedSource2( 4451): onFetch
V/NuCachedSource2( 4451): onFetch
V/NuCachedSource2( 4451): onFetch
E/SMD     (  281): DCD ON
V/NuCachedSource2( 4451): onFetch
V/NuCachedSource2( 4451): onFetch
V/MediaPlayer(19056): getDuration_l
V/MediaPlayerService( 4451): getDuration
V/MediaPlayerService( 4451): [160] getDuration = 153020
V/MediaPlayer-JNI(19056): getDuration: 153020 (msec)
V/MediaPlayer-JNI(19056): getCurrentPosition: 0 (msec)
V/MediaPlayer(19056): getDuration_l
V/MediaPlayerService( 4451): getDuration
V/MediaPlayerService( 4451): [160] getDuration = 153020
V/MediaPlayer-JNI(19056): getDuration: 153020 (msec)
V/NuCachedSource2( 4451): onFetch
D/StatusBar.NetworkController( 4983): onSignalStrengthsChanged signalStrength=SignalStrength: 99 99 -120 -160 -120 -1 -1 17 -108 -8 26 -1 2147483647 0x4000 gsm|lte level=4
D/WfcPhoneStateListener( 5523): onSignalStrengthsChanged(): signal strength did not change
V/NuCachedSource2( 4451): onFetch
V/NuCachedSource2( 4451): onFetch
V/NuCachedSource2( 4451): onFetch
D/GenericSource( 4451): cachedDurationUs = 142.13 secs, eos=1
V/NuPlayer( 4451): kWhatSourceNotify with buffering-update for NuPlayer 100
V/NuPlayer( 4451): msg : 3, ext1 : 100, ext2 : 0
V/MediaPlayerService( 4451): [160] notify (0xac0fcd00, 3, 100, 0)
V/MediaPlayer(19056): message received msg=3, ext1=100, ext2=0
V/MediaPlayer(19056): buffering 100
V/MediaPlayer(19056): callback application
V/MediaPlayer(19056): back from callback
V/NuCachedSource2( 4451): onFetch
V/NuCachedSource2( 4451): onFetch
V/NuCachedSource2( 4451): onFetch
V/NuCachedSource2( 4451): onFetch
V/NuCachedSource2( 4451): onFetch
V/NuCachedSource2( 4451): onFetch
V/MediaPlayer(19056): getDuration_l
V/MediaPlayerService( 4451): getDuration
V/MediaPlayerService( 4451): [160] getDuration = 153020
V/MediaPlayer-JNI(19056): getDuration: 153020 (msec)
V/MediaPlayer-JNI(19056): getCurrentPosition: 0 (msec)
V/MediaPlayer(19056): getDuration_l
V/MediaPlayerService( 4451): getDuration
V/MediaPlayerService( 4451): [160] getDuration = 153020
V/MediaPlayer-JNI(19056): getDuration: 153020 (msec)
V/NuCachedSource2( 4451): onFetch
V/NuCachedSource2( 4451): onFetch
V/NuCachedSource2( 4451): onFetch
V/NuCachedSource2( 4451): onFetch
D/GenericSource( 4451): cachedDurationUs = 142.13 secs, eos=1
V/NuPlayer( 4451): kWhatSourceNotify with buffering-update for NuPlayer 100
V/NuPlayer( 4451): msg : 3, ext1 : 100, ext2 : 0
V/MediaPlayerService( 4451): [160] notify (0xac0fcd00, 3, 100, 0)
V/MediaPlayer(19056): message received msg=3, ext1=100, ext2=0
V/MediaPlayer(19056): buffering 100
V/MediaPlayer(19056): callback application
V/MediaPlayer(19056): back from callback
D/BatteryService( 4695): !@BatteryListener : batteryPropertiesChanged!
D/BatteryService( 4695): level:72, scale:100, status:2, health:2, present:true, voltage: 4120, temperature: 306, technology: Li-ion, AC powered:false, USB powered:true, POGO powered:false, Wireless powered:false, icon:17303749, invalid charger:0
D/BatteryService( 4695): online:4, current avg:450, charge type:1, power sharing:false, high voltage charger:false, capacity:280000
D/BatteryService( 4695): Sending ACTION_BATTERY_CHANGED.
I/Tethering( 4695): BATTERY_CHANGED, level = 72lowBatteryThreshold = 15
D/MotionRecognitionService( 4695):   mReceiver.onReceive : ACTION_BATTERY_CHANGED
I/MotionRecognitionService( 4695): Plugged
I/MotionRecognitionService( 4695): setPowerConnected  = true
D/KeyguardUpdateMonitor( 4983): received broadcast android.intent.action.BATTERY_CHANGED
D/KeyguardUpdateMonitor( 4983): handleBatteryUpdate
D/STATUSBAR-PhoneStatusBar( 4983):  mBrightnessEnablebySettings = true mBrightnessEnablebyBattery = true mBrightnessEnablebyDisableFlag = true mPmsBrightnessEnablebySettings = true
V/NuCachedSource2( 4451): onFetch
D/BatteryMonitor( 5489): new battery level: 72
D/BatteryMeterView( 4983): ACTION_BATTERY_CHANGED : level:72 status:2 health:2
D/BatteryMeterView( 4983): ACTION_BATTERY_CHANGED : level:72 status:2 health:2
D/BatteryMeterView( 4983): ACTION_BATTERY_CHANGED : level:72 status:2 health:2
V/HeadsetService( 8285): HeadsetService - Received Intent.ACTION_BATTERY_CHANGED
D/HeadsetStateMachine( 8285): Disconnected process message: 10
V/NuCachedSource2( 4451): onFetch
V/NuCachedSource2( 4451): onFetch
V/NuCachedSource2( 4451): onFetch
V/NuCachedSource2( 4451): onFetch
V/MediaPlayer(19056): getDuration_l
V/MediaPlayerService( 4451): getDuration
V/MediaPlayerService( 4451): [160] getDuration = 153020
V/MediaPlayer-JNI(19056): getDuration: 153020 (msec)
V/MediaPlayer-JNI(19056): getCurrentPosition: 0 (msec)
V/MediaPlayer(19056): getDuration_l
V/MediaPlayerService( 4451): getDuration
V/NuCachedSource2( 4451): onFetch
V/MediaPlayerService( 4451): [160] getDuration = 153020
V/MediaPlayer-JNI(19056): getDuration: 153020 (msec)
V/NuCachedSource2( 4451): onFetch
I/PowerManagerService( 4695): [PWL] On : 152330382 (2842643 ms ago)
I/PowerManagerService( 4695): [PWL]  mStayOn: true  mWakeLockSummary & WAKE_LOCK_STAY_AWAKE: 0  mUserActivitySummary: 0x4
V/NuCachedSource2( 4451): onFetch
V/NuCachedSource2( 4451): onFetch
V/NuCachedSource2( 4451): onFetch
D/GenericSource( 4451): cachedDurationUs = 142.13 secs, eos=1
V/NuPlayer( 4451): kWhatSourceNotify with buffering-update for NuPlayer 100
V/NuPlayer( 4451): msg : 3, ext1 : 100, ext2 : 0
V/MediaPlayerService( 4451): [160] notify (0xac0fcd00, 3, 100, 0)
V/MediaPlayer(19056): message received msg=3, ext1=100, ext2=0
V/MediaPlayer(19056): buffering 100
V/MediaPlayer(19056): callback application
V/MediaPlayer(19056): back from callback
V/NuCachedSource2( 4451): onFetch
V/NuCachedSource2( 4451): onFetch
V/NuCachedSource2( 4451): onFetch
V/NuCachedSource2( 4451): onFetch
D/SSRM:m  ( 4695): SIOP:: AP = 320, PST = 322, CUR = 450
E/SMD     (  281): DCD ON
V/NuCachedSource2( 4451): onFetch
V/MediaPlayer(19056): getDuration_l
V/MediaPlayerService( 4451): getDuration
V/MediaPlayerService( 4451): [160] getDuration = 153020
V/MediaPlayer-JNI(19056): getDuration: 153020 (msec)
V/MediaPlayer-JNI(19056): getCurrentPosition: 0 (msec)
V/MediaPlayer(19056): getDuration_l
V/MediaPlayerService( 4451): getDuration
V/MediaPlayerService( 4451): [160] getDuration = 153020
V/MediaPlayer-JNI(19056): getDuration: 153020 (msec)
V/NuCachedSource2( 4451): onFetch
V/NuCachedSource2( 4451): onFetch
V/NuCachedSource2( 4451): onFetch
V/NuCachedSource2( 4451): onFetch
V/NuCachedSource2( 4451): onFetch
D/GenericSource( 4451): cachedDurationUs = 142.13 secs, eos=1
V/NuPlayer( 4451): kWhatSourceNotify with buffering-update for NuPlayer 100
V/NuPlayer( 4451): msg : 3, ext1 : 100, ext2 : 0
V/MediaPlayerService( 4451): [160] notify (0xac0fcd00, 3, 100, 0)
V/MediaPlayer(19056): message received msg=3, ext1=100, ext2=0
V/MediaPlayer(19056): buffering 100
V/MediaPlayer(19056): callback application
V/MediaPlayer(19056): back from callback
V/NuCachedSource2( 4451): onFetch
V/NuCachedSource2( 4451): onFetch
V/NuCachedSource2( 4451): onFetch
V/NuCachedSource2( 4451): onFetch
V/NuCachedSource2( 4451): onFetch
V/MediaPlayer(19056): getDuration_l
V/MediaPlayerService( 4451): getDuration
V/MediaPlayerService( 4451): [160] getDuration = 153020
V/MediaPlayer-JNI(19056): getDuration: 153020 (msec)
V/MediaPlayer-JNI(19056): getCurrentPosition: 0 (msec)
V/MediaPlayer(19056): getDuration_l
V/MediaPlayerService( 4451): getDuration
V/MediaPlayerService( 4451): [160] getDuration = 153020
V/MediaPlayer-JNI(19056): getDuration: 153020 (msec)
V/NuCachedSource2( 4451): onFetch
V/NuCachedSource2( 4451): onFetch
V/NuCachedSource2( 4451): onFetch
E/Watchdog( 4695): !@Sync 2192
V/NuCachedSource2( 4451): onFetch
V/NuCachedSource2( 4451): onFetch
V/NuPlayer( 4451): kWhatSourceNotify with buffering-update for NuPlayer 100
V/NuPlayer( 4451): msg : 3, ext1 : 100, ext2 : 0
V/MediaPlayerService( 4451): [160] notify (0xac0fcd00, 3, 100, 0)
V/MediaPlayer(19056): message received msg=3, ext1=100, ext2=0
D/GenericSource( 4451): cachedDurationUs = 142.13 secs, eos=1
V/MediaPlayer(19056): buffering 100
V/MediaPlayer(19056): callback application
V/MediaPlayer(19056): back from callback
V/NuCachedSource2( 4451): onFetch
V/NuCachedSource2( 4451): onFetch
V/NuCachedSource2( 4451): onFetch
V/NuCachedSource2( 4451): onFetch
V/NuCachedSource2( 4451): onFetch
V/MediaPlayer(19056): getDuration_l
V/MediaPlayerService( 4451): getDuration
V/MediaPlayerService( 4451): [160] getDuration = 153020
V/MediaPlayer-JNI(19056): getDuration: 153020 (msec)
V/MediaPlayer-JNI(19056): getCurrentPosition: 0 (msec)
V/MediaPlayer(19056): getDuration_l
V/MediaPlayerService( 4451): getDuration
V/MediaPlayerService( 4451): [160] getDuration = 153020
V/MediaPlayer-JNI(19056): getDuration: 153020 (msec)
V/NuCachedSource2( 4451): onFetch
V/NuCachedSource2( 4451): onFetch
V/NuCachedSource2( 4451): onFetch
V/NuCachedSource2( 4451): onFetch
V/NuCachedSource2( 4451): onFetch
D/GenericSource( 4451): cachedDurationUs = 142.13 secs, eos=1
V/NuPlayer( 4451): kWhatSourceNotify with buffering-update for NuPlayer 100
V/NuPlayer( 4451): msg : 3, ext1 : 100, ext2 : 0
V/MediaPlayerService( 4451): [160] notify (0xac0fcd00, 3, 100, 0)
V/MediaPlayer(19056): message received msg=3, ext1=100, ext2=0
V/MediaPlayer(19056): buffering 100
V/MediaPlayer(19056): callback application
V/MediaPlayer(19056): back from callback
V/NuCachedSource2( 4451): onFetch
V/NuCachedSource2( 4451): onFetch
V/NuCachedSource2( 4451): onFetch
V/NuCachedSource2( 4451): onFetch
E/SMD     (  281): DCD ON
V/NuCachedSource2( 4451): onFetch
V/MediaPlayer(19056): getDuration_l
V/MediaPlayerService( 4451): getDuration
V/MediaPlayerService( 4451): [160] getDuration = 153020
V/MediaPlayer-JNI(19056): getDuration: 153020 (msec)
V/MediaPlayer-JNI(19056): getCurrentPosition: 0 (msec)
V/MediaPlayer(19056): getDuration_l
V/MediaPlayerService( 4451): getDuration
V/MediaPlayerService( 4451): [160] getDuration = 153020
V/MediaPlayer-JNI(19056): getDuration: 153020 (msec)
V/NuCachedSource2( 4451): onFetch
V/NuCachedSource2( 4451): onFetch
V/NuCachedSource2( 4451): onFetch
V/NuCachedSource2( 4451): onFetch
V/NuPlayer( 4451): kWhatSourceNotify with buffering-update for NuPlayer 100
V/NuPlayer( 4451): msg : 3, ext1 : 100, ext2 : 0
V/MediaPlayerService( 4451): [160] notify (0xac0fcd00, 3, 100, 0)
V/MediaPlayer(19056): message received msg=3, ext1=100, ext2=0
D/GenericSource( 4451): cachedDurationUs = 142.13 secs, eos=1
V/MediaPlayer(19056): buffering 100
V/MediaPlayer(19056): callback application
V/NuCachedSource2( 4451): onFetch
V/MediaPlayer(19056): back from callback
V/NuCachedSource2( 4451): onFetch
V/NuCachedSource2( 4451): onFetch
V/NuCachedSource2( 4451): onFetch
V/NuCachedSource2( 4451): onFetch
V/NuCachedSource2( 4451): onFetch
V/MediaPlayer(19056): getDuration_l
V/MediaPlayerService( 4451): getDuration
V/MediaPlayerService( 4451): [160] getDuration = 153020
V/MediaPlayer-JNI(19056): getDuration: 153020 (msec)
V/MediaPlayer-JNI(19056): getCurrentPosition: 0 (msec)
V/MediaPlayer(19056): getDuration_l
V/MediaPlayerService( 4451): getDuration
V/MediaPlayerService( 4451): [160] getDuration = 153020
V/MediaPlayer-JNI(19056): getDuration: 153020 (msec)
V/NuCachedSource2( 4451): onFetch
V/NuCachedSource2( 4451): onFetch
V/NuCachedSource2( 4451): onFetch
V/NuCachedSource2( 4451): onFetch
D/GenericSource( 4451): cachedDurationUs = 142.13 secs, eos=1
V/NuPlayer( 4451): kWhatSourceNotify with buffering-update for NuPlayer 100
V/NuPlayer( 4451): msg : 3, ext1 : 100, ext2 : 0
V/MediaPlayerService( 4451): [160] notify (0xac0fcd00, 3, 100, 0)
V/MediaPlayer(19056): message received msg=3, ext1=100, ext2=0
V/MediaPlayer(19056): buffering 100
V/MediaPlayer(19056): callback application
V/MediaPlayer(19056): back from callback
V/NuCachedSource2( 4451): onFetch
V/NuCachedSource2( 4451): onFetch
V/NuCachedSource2( 4451): onFetch
V/NuCachedSource2( 4451): onFetch
V/NuCachedSource2( 4451): onFetch
V/NuCachedSource2( 4451): onFetch
V/MediaPlayer(19056): getDuration_l
V/MediaPlayerService( 4451): getDuration
V/MediaPlayerService( 4451): [160] getDuration = 153020
V/MediaPlayer-JNI(19056): getDuration: 153020 (msec)
V/MediaPlayer-JNI(19056): getCurrentPosition: 0 (msec)
V/MediaPlayer(19056): getDuration_l
V/MediaPlayerService( 4451): getDuration
V/MediaPlayerService( 4451): [160] getDuration = 153020
V/MediaPlayer-JNI(19056): getDuration: 153020 (msec)
V/NuCachedSource2( 4451): onFetch
V/NuCachedSource2( 4451): onFetch
V/NuCachedSource2( 4451): onFetch
V/NuCachedSource2( 4451): onFetch
D/GenericSource( 4451): cachedDurationUs = 142.13 secs, eos=1
V/NuPlayer( 4451): kWhatSourceNotify with buffering-update for NuPlayer 100
V/NuPlayer( 4451): msg : 3, ext1 : 100, ext2 : 0
V/MediaPlayerService( 4451): [160] notify (0xac0fcd00, 3, 100, 0)
V/MediaPlayer(19056): message received msg=3, ext1=100, ext2=0
V/MediaPlayer(19056): buffering 100
V/MediaPlayer(19056): callback application
V/MediaPlayer(19056): back from callback
V/NuCachedSource2( 4451): onFetch
V/NuCachedSource2( 4451): onFetch
V/NuCachedSource2( 4451): onFetch
V/NuCachedSource2( 4451): onFetch
E/SMD     (  281): DCD ON
V/NuCachedSource2( 4451): onFetch
V/NuCachedSource2( 4451): onFetch
V/MediaPlayer(19056): getDuration_l
V/MediaPlayerService( 4451): getDuration
V/MediaPlayerService( 4451): [160] getDuration = 153020
V/MediaPlayer-JNI(19056): getDuration: 153020 (msec)
V/MediaPlayer-JNI(19056): getCurrentPosition: 0 (msec)
V/MediaPlayer(19056): getDuration_l
V/MediaPlayerService( 4451): getDuration
V/MediaPlayerService( 4451): [160] getDuration = 153020
V/MediaPlayer-JNI(19056): getDuration: 153020 (msec)
V/NuCachedSource2( 4451): onFetch
V/NuCachedSource2( 4451): onFetch
V/NuCachedSource2( 4451): onFetch
V/NuCachedSource2( 4451): onFetch
V/NuPlayer( 4451): kWhatSourceNotify with buffering-update for NuPlayer 100
D/GenericSource( 4451): cachedDurationUs = 142.13 secs, eos=1
V/NuPlayer( 4451): msg : 3, ext1 : 100, ext2 : 0
V/MediaPlayerService( 4451): [160] notify (0xac0fcd00, 3, 100, 0)
V/MediaPlayer(19056): message received msg=3, ext1=100, ext2=0
V/MediaPlayer(19056): buffering 100
V/MediaPlayer(19056): callback application
V/MediaPlayer(19056): back from callback
V/NuCachedSource2( 4451): onFetch
V/NuCachedSource2( 4451): onFetch
V/NuCachedSource2( 4451): onFetch
V/NuCachedSource2( 4451): onFetch
V/NuCachedSource2( 4451): onFetch
V/NuCachedSource2( 4451): onFetch
V/MediaPlayer(19056): getDuration_l
V/MediaPlayerService( 4451): getDuration
V/MediaPlayerService( 4451): [160] getDuration = 153020
V/MediaPlayer-JNI(19056): getDuration: 153020 (msec)
V/MediaPlayer-JNI(19056): getCurrentPosition: 0 (msec)
V/MediaPlayer(19056): getDuration_l
V/MediaPlayerService( 4451): getDuration
V/MediaPlayerService( 4451): [160] getDuration = 153020
V/MediaPlayer-JNI(19056): getDuration: 153020 (msec)
V/NuCachedSource2( 4451): onFetch
V/NuCachedSource2( 4451): onFetch
V/NuCachedSource2( 4451): onFetch
V/NuCachedSource2( 4451): onFetch
V/NuPlayer( 4451): kWhatSourceNotify with buffering-update for NuPlayer 100
D/GenericSource( 4451): cachedDurationUs = 142.13 secs, eos=1
V/NuPlayer( 4451): msg : 3, ext1 : 100, ext2 : 0
V/MediaPlayerService( 4451): [160] notify (0xac0fcd00, 3, 100, 0)
V/MediaPlayer(19056): message received msg=3, ext1=100, ext2=0
V/MediaPlayer(19056): buffering 100
V/MediaPlayer(19056): callback application
V/MediaPlayer(19056): back from callback
V/NuCachedSource2( 4451): onFetch
V/NuCachedSource2( 4451): onFetch
V/NuCachedSource2( 4451): onFetch
V/NuCachedSource2( 4451): onFetch
V/NuCachedSource2( 4451): onFetch
V/NuCachedSource2( 4451): onFetch
V/MediaPlayer(19056): getDuration_l
V/MediaPlayerService( 4451): getDuration
V/MediaPlayerService( 4451): [160] getDuration = 153020
V/MediaPlayer-JNI(19056): getDuration: 153020 (msec)
V/MediaPlayer-JNI(19056): getCurrentPosition: 0 (msec)
V/MediaPlayer(19056): getDuration_l
V/MediaPlayerService( 4451): getDuration
V/MediaPlayerService( 4451): [160] getDuration = 153020
V/MediaPlayer-JNI(19056): getDuration: 153020 (msec)
V/NuCachedSource2( 4451): onFetch
V/NuCachedSource2( 4451): onFetch
V/NuCachedSource2( 4451): onFetch
V/NuCachedSource2( 4451): onFetch
D/GenericSource( 4451): cachedDurationUs = 142.13 secs, eos=1
V/NuPlayer( 4451): kWhatSourceNotify with buffering-update for NuPlayer 100
V/NuPlayer( 4451): msg : 3, ext1 : 100, ext2 : 0
V/MediaPlayerService( 4451): [160] notify (0xac0fcd00, 3, 100, 0)
V/MediaPlayer(19056): message received msg=3, ext1=100, ext2=0
V/MediaPlayer(19056): buffering 100
V/MediaPlayer(19056): callback application
V/MediaPlayer(19056): back from callback
V/NuCachedSource2( 4451): onFetch
D/BatteryService( 4695): !@BatteryListener : batteryPropertiesChanged!
V/NuCachedSource2( 4451): onFetch
V/NuCachedSource2( 4451): onFetch
V/NuCachedSource2( 4451): onFetch
E/SMD     (  281): DCD ON
V/NuCachedSource2( 4451): onFetch
V/MediaPlayer(19056): getDuration_l
V/MediaPlayerService( 4451): getDuration
V/NuCachedSource2( 4451): onFetch
V/MediaPlayerService( 4451): [160] getDuration = 153020
V/MediaPlayer-JNI(19056): getDuration: 153020 (msec)
V/MediaPlayer-JNI(19056): getCurrentPosition: 0 (msec)
V/MediaPlayer(19056): getDuration_l
V/MediaPlayerService( 4451): getDuration
V/MediaPlayerService( 4451): [160] getDuration = 153020
V/MediaPlayer-JNI(19056): getDuration: 153020 (msec)
V/NuCachedSource2( 4451): onFetch
V/NuCachedSource2( 4451): onFetch
V/NuCachedSource2( 4451): onFetch
V/NuCachedSource2( 4451): onFetch
V/NuPlayer( 4451): kWhatSourceNotify with buffering-update for NuPlayer 100
V/NuPlayer( 4451): msg : 3, ext1 : 100, ext2 : 0
V/MediaPlayerService( 4451): [160] notify (0xac0fcd00, 3, 100, 0)
V/MediaPlayer(19056): message received msg=3, ext1=100, ext2=0
D/GenericSource( 4451): cachedDurationUs = 142.13 secs, eos=1
V/MediaPlayer(19056): buffering 100
V/MediaPlayer(19056): callback application
V/MediaPlayer(19056): back from callback
V/NuCachedSource2( 4451): onFetch
V/NuCachedSource2( 4451): onFetch
V/NuCachedSource2( 4451): onFetch
V/NuCachedSource2( 4451): onFetch
V/NuCachedSource2( 4451): onFetch
D/SSRM:m  ( 4695): SIOP:: AP = 320, PST = 321, CUR = 450
V/MediaPlayer(19056): getDuration_l
V/MediaPlayerService( 4451): getDuration
V/MediaPlayerService( 4451): [160] getDuration = 153020
V/MediaPlayer-JNI(19056): getDuration: 153020 (msec)
V/MediaPlayer-JNI(19056): getCurrentPosition: 0 (msec)
V/MediaPlayer(19056): getDuration_l
V/MediaPlayerService( 4451): getDuration
V/MediaPlayerService( 4451): [160] getDuration = 153020
V/MediaPlayer-JNI(19056): getDuration: 153020 (msec)
V/NuCachedSource2( 4451): onFetch
V/NuCachedSource2( 4451): onFetch
V/NuCachedSource2( 4451): onFetch
V/NuCachedSource2( 4451): onFetch
V/NuCachedSource2( 4451): onFetch
V/NuPlayer( 4451): kWhatSourceNotify with buffering-update for NuPlayer 100
V/NuPlayer( 4451): msg : 3, ext1 : 100, ext2 : 0
V/MediaPlayerService( 4451): [160] notify (0xac0fcd00, 3, 100, 0)
V/MediaPlayer(19056): message received msg=3, ext1=100, ext2=0
D/GenericSource( 4451): cachedDurationUs = 142.13 secs, eos=1
V/MediaPlayer(19056): buffering 100
V/MediaPlayer(19056): callback application
V/MediaPlayer(19056): back from callback
V/NuCachedSource2( 4451): onFetch
V/NuCachedSource2( 4451): onFetch
V/NuCachedSource2( 4451): onFetch
V/NuCachedSource2( 4451): onFetch
V/NuCachedSource2( 4451): onFetch
V/MediaPlayer(19056): getDuration_l
V/MediaPlayerService( 4451): getDuration
V/MediaPlayerService( 4451): [160] getDuration = 153020
V/MediaPlayer-JNI(19056): getDuration: 153020 (msec)
V/MediaPlayer-JNI(19056): getCurrentPosition: 0 (msec)
V/MediaPlayer(19056): getDuration_l
V/MediaPlayerService( 4451): getDuration
V/MediaPlayerService( 4451): [160] getDuration = 153020
V/MediaPlayer-JNI(19056): getDuration: 153020 (msec)
V/NuCachedSource2( 4451): onFetch
V/NuCachedSource2( 4451): onFetch
V/NuCachedSource2( 4451): onFetch
V/NuCachedSource2( 4451): onFetch
V/NuCachedSource2( 4451): onFetch
V/NuPlayer( 4451): kWhatSourceNotify with buffering-update for NuPlayer 100
V/NuPlayer( 4451): msg : 3, ext1 : 100, ext2 : 0
V/MediaPlayerService( 4451): [160] notify (0xac0fcd00, 3, 100, 0)
V/MediaPlayer(19056): message received msg=3, ext1=100, ext2=0
D/GenericSource( 4451): cachedDurationUs = 142.13 secs, eos=1
V/MediaPlayer(19056): buffering 100
V/MediaPlayer(19056): callback application
V/MediaPlayer(19056): back from callback
V/NuCachedSource2( 4451): onFetch
V/NuCachedSource2( 4451): onFetch
V/NuCachedSource2( 4451): onFetch
V/NuCachedSource2( 4451): onFetch
E/SMD     (  281): DCD ON
V/NuCachedSource2( 4451): onFetch
V/MediaPlayer(19056): getDuration_l
V/MediaPlayerService( 4451): getDuration
V/MediaPlayerService( 4451): [160] getDuration = 153020
V/MediaPlayer-JNI(19056): getDuration: 153020 (msec)
V/MediaPlayer-JNI(19056): getCurrentPosition: 0 (msec)
V/MediaPlayer(19056): getDuration_l
V/MediaPlayerService( 4451): getDuration
V/MediaPlayerService( 4451): [160] getDuration = 153020
V/MediaPlayer-JNI(19056): getDuration: 153020 (msec)
V/NuCachedSource2( 4451): onFetch
V/NuCachedSource2( 4451): onFetch
V/NuCachedSource2( 4451): onFetch
V/NuCachedSource2( 4451): onFetch
V/NuCachedSource2( 4451): onFetch
V/NuPlayer( 4451): kWhatSourceNotify with buffering-update for NuPlayer 100
V/NuPlayer( 4451): msg : 3, ext1 : 100, ext2 : 0
V/MediaPlayerService( 4451): [160] notify (0xac0fcd00, 3, 100, 0)
V/MediaPlayer(19056): message received msg=3, ext1=100, ext2=0
D/GenericSource( 4451): cachedDurationUs = 142.13 secs, eos=1
V/MediaPlayer(19056): buffering 100
V/MediaPlayer(19056): callback application
V/MediaPlayer(19056): back from callback
V/NuCachedSource2( 4451): onFetch
V/NuCachedSource2( 4451): onFetch
V/NuCachedSource2( 4451): onFetch
V/NuCachedSource2( 4451): onFetch
V/NuCachedSource2( 4451): onFetch
V/MediaPlayer(19056): getDuration_l
V/MediaPlayerService( 4451): getDuration
V/MediaPlayerService( 4451): [160] getDuration = 153020
V/MediaPlayer-JNI(19056): getDuration: 153020 (msec)
V/MediaPlayer-JNI(19056): getCurrentPosition: 0 (msec)
V/MediaPlayer(19056): getDuration_l
V/MediaPlayerService( 4451): getDuration
V/MediaPlayerService( 4451): [160] getDuration = 153020
V/MediaPlayer-JNI(19056): getDuration: 153020 (msec)
V/NuCachedSource2( 4451): onFetch
V/NuCachedSource2( 4451): onFetch
V/NuCachedSource2( 4451): onFetch
V/NuCachedSource2( 4451): onFetch
V/NuCachedSource2( 4451): onFetch
V/NuPlayer( 4451): kWhatSourceNotify with buffering-update for NuPlayer 100
V/NuPlayer( 4451): msg : 3, ext1 : 100, ext2 : 0
D/GenericSource( 4451): cachedDurationUs = 142.13 secs, eos=1
V/MediaPlayerService( 4451): [160] notify (0xac0fcd00, 3, 100, 0)
V/MediaPlayer(19056): message received msg=3, ext1=100, ext2=0
V/MediaPlayer(19056): buffering 100
V/MediaPlayer(19056): callback application
V/MediaPlayer(19056): back from callback
V/NuCachedSource2( 4451): onFetch
V/NuCachedSource2( 4451): onFetch
V/NuCachedSource2( 4451): onFetch
V/NuCachedSource2( 4451): onFetch
V/NuCachedSource2( 4451): onFetch
V/MediaPlayer(19056): getDuration_l
V/MediaPlayerService( 4451): getDuration
V/MediaPlayerService( 4451): [160] getDuration = 153020
V/MediaPlayer-JNI(19056): getDuration: 153020 (msec)
V/MediaPlayer-JNI(19056): getCurrentPosition: 0 (msec)
V/MediaPlayer(19056): getDuration_l
V/MediaPlayerService( 4451): getDuration
V/MediaPlayerService( 4451): [160] getDuration = 153020
V/MediaPlayer-JNI(19056): getDuration: 153020 (msec)
V/NuCachedSource2( 4451): onFetch
V/NuCachedSource2( 4451): onFetch
V/NuCachedSource2( 4451): onFetch
V/NuCachedSource2( 4451): onFetch
V/NuCachedSource2( 4451): onFetch
D/GenericSource( 4451): cachedDurationUs = 142.13 secs, eos=1
V/NuPlayer( 4451): kWhatSourceNotify with buffering-update for NuPlayer 100
V/NuPlayer( 4451): msg : 3, ext1 : 100, ext2 : 0
V/MediaPlayerService( 4451): [160] notify (0xac0fcd00, 3, 100, 0)
V/MediaPlayer(19056): message received msg=3, ext1=100, ext2=0
V/MediaPlayer(19056): buffering 100
V/MediaPlayer(19056): callback application
V/MediaPlayer(19056): back from callback
V/NuCachedSource2( 4451): onFetch
V/NuCachedSource2( 4451): onFetch
V/NuCachedSource2( 4451): onFetch
E/SMD     (  281): DCD ON
V/NuCachedSource2( 4451): onFetch
V/NuCachedSource2( 4451): onFetch
V/MediaPlayer(19056): getDuration_l
V/MediaPlayerService( 4451): getDuration
V/MediaPlayerService( 4451): [160] getDuration = 153020
V/MediaPlayer-JNI(19056): getDuration: 153020 (msec)
V/MediaPlayer-JNI(19056): getCurrentPosition: 0 (msec)
V/MediaPlayer(19056): getDuration_l
V/MediaPlayerService( 4451): getDuration
