W/ResourcesManager( 9139): Asset path '/system/framework/multiwindow.jar' does not exist or contains no resources.
W/ResourcesManager( 9139): Asset path '/system/framework/twframework.jar' does not exist or contains no resources.
W/ResourcesManager( 9139): Asset path '/system/framework/allshare.jar' does not exist or contains no resources.
W/ResourcesManager( 9139): Asset path '/system/framework/secmediarecorder.jar' does not exist or contains no resources.
W/ResourcesManager( 9139): Asset path '/system/framework/twframework.jar' does not exist or contains no resources.
E/ActivityManager( 4695): checkUser: useridlist=null, currentuser=0
E/ActivityManager( 4695): checkUser: useridlist=null, currentuser=0
E/ActivityManager( 4695): checkUser: useridlist=null, currentuser=0
E/ActivityManager( 4695): checkUser: useridlist=null, currentuser=0
I/libpersona( 9194): KNOX_SDCARD checking this for 10020
I/libpersona( 9194): KNOX_SDCARD not a persona
I/ActivityManager( 4695): Start proc com.sec.android.app.soundalive for broadcast com.sec.android.app.soundalive/.compatibility.Compatibility$Receiver: pid=9194 uid=10020 gids={50020, 9997, 3003, 3002} abi=armeabi-v7a
D/ConnectivityService( 4695): returning getActiveNetworkInfo :[type: MOBILE[LTE] - MOBILE, state: CONNECTED/CONNECTED, reason: connected, extra: fast.t-mobile.com, roaming: false, failover: false, isAvailable: true, isConnectedToProvisioningNetwork: false]
W/ResourcesManager( 9194): Asset path '/system/framework/multiwindow.jar' does not exist or contains no resources.
E/ActivityManager( 4695): checkUser: useridlist=null, currentuser=0
E/ActivityManager( 4695): checkUser: useridlist=null, currentuser=0
E/ActivityManager( 4695): checkUser: useridlist=null, currentuser=0
E/ActivityManager( 4695): checkUser: useridlist=null, currentuser=0
I/libpersona( 9228): KNOX_SDCARD checking this for 10080
I/libpersona( 9228): KNOX_SDCARD not a persona
I/ActivityManager( 4695): Start proc com.sec.android.automotive.drivelink for broadcast com.sec.android.automotive.drivelink/.framework.manager.update.UpdateManagerReceiver: pid=9228 uid=10080 gids={50080, 9997, 3002, 1028, 1015, 3001, 3003} abi=armeabi-v7a
W/ResourcesManager( 9228): Asset path '/system/framework/twframework.jar' does not exist or contains no resources.
D/PowerManagerService( 4695): [input device light] setInputDeviceLightOn is called : 1
D/PowerManagerService( 4695): [input device light] handleInputDeviceLightOn
I/ActivityManager( 4695): Waited long enough for: ServiceRecord{b239f8 u0 com.samsung.android.sdk.samsunglink/com.mfluent.asp.ContentAggregatorService}
D/CustomFrequencyManagerService( 4695): releaseDVFSLockLocked : Getting Lock type frm List : DVFS_MIN_LIMIT  frequency : 1267200  uid : 1000  pid : 4695  tag : LIST_SCROLL_BOOSTER@34
D/SSRM:m  ( 4695): SIOP:: AP = 430, PST = 345, CUR = 450
V/AlarmManager( 4695): waitForAlarm result :8
D/PowerManagerService( 4695): [input device light] setInputDeviceLightOn is called : 1
D/PowerManagerService( 4695): [input device light] handleInputDeviceLightOn
D/CustomFrequencyManagerService( 4695): acquireDVFSLockLocked : type : DVFS_MIN_LIMIT  frequency : 1267200  uid : 1000  pid : 4695  pkgName : LIST_SCROLL_BOOSTER@34
D/CustomFrequencyManagerService( 4695): releaseDVFSLockLocked : Getting Lock type frm List : DVFS_MIN_LIMIT  frequency : 1267200  uid : 1000  pid : 4695  tag : LIST_SCROLL_BOOSTER@34
E/ActivityManager( 4695): checkUser: useridlist=null, currentuser=0
E/ActivityManager( 4695): checkUser: useridlist=null, currentuser=0
E/ActivityManager( 4695): checkUser: useridlist=null, currentuser=0
E/ActivityManager( 4695): checkUser: useridlist=null, currentuser=0
I/ActivityManager( 4695): Start proc com.samsung.android.intelligenceservice for content provider com.samsung.android.intelligenceservice/.useranalysis.PlaceProvider: pid=9281 uid=10009 gids={50009, 9997, 3002, 3003, 1023, 1028, 1015, 1007, 3001} abi=armeabi-v7a
I/libpersona( 9281): KNOX_SDCARD checking this for 10009
I/libpersona( 9281): KNOX_SDCARD not a persona
E/ActivityManager( 4695): checkUser: useridlist=null, currentuser=0
E/ActivityManager( 4695): checkUser: useridlist=null, currentuser=0
E/ActivityManager( 4695): checkUser: useridlist=null, currentuser=0
E/ActivityManager( 4695): checkUser: useridlist=null, currentuser=0
I/libpersona( 9311): KNOX_SDCARD checking this for 10050
I/libpersona( 9311): KNOX_SDCARD not a persona
I/ActivityManager( 4695): Start proc com.sec.android.provider.logsprovider for content provider com.sec.android.provider.logsprovider/.LogsProvider: pid=9311 uid=10050 gids={50050, 9997, 3003, 1028, 1015, 3002, 1023} abi=armeabi-v7a
E/ActivityManager( 4695): checkUser: useridlist=null, currentuser=0
E/ActivityManager( 4695): checkUser: useridlist=null, currentuser=0
E/ActivityManager( 4695): checkUser: useridlist=null, currentuser=0
E/ActivityManager( 4695): checkUser: useridlist=null, currentuser=0
I/libpersona( 9324): KNOX_SDCARD checking this for 1000
I/libpersona( 9324): KNOX_SDCARD not a persona
I/ActivityManager( 4695): Start proc com.samsung.android.app.assistantmenu for broadcast com.samsung.android.app.assistantmenu/.AssistantMenuReceiver: pid=9324 uid=1000 gids={41000, 9997, 3003, 3005, 1016, 3004, 3002, 3001, 1028, 1015, 1007, 1023, 2001, 1024, 1001} abi=armeabi-v7a
D/ConnectivityService( 4695): returning getActiveNetworkInfo :[type: MOBILE[LTE] - MOBILE, state: CONNECTED/CONNECTED, reason: connected, extra: fast.t-mobile.com, roaming: false, failover: false, isAvailable: true, isConnectedToProvisioningNetwork: false]
I/ActivityManager( 4695): Killing 9139:com.samsung.android.app.galaxyfinder/u0a19 (adj 13): BG,  14676K, hotnessAdj=0, XmlFlag=false, oom_adj=13
I/ActivityManager( 4695): Killing 9194:com.sec.android.app.soundalive/u0a20 (adj 11): BG,  3282K, hotnessAdj=0, XmlFlag=false, oom_adj=11
I/ActivityManager( 4695): Killing 9114:com.osp.app.signin/u0a7 (adj 15): BG,  5832K, hotnessAdj=5, XmlFlag=false, oom_adj=15
I/ActivityManager( 4695): Killing 9068:com.google.android.gms.wearable/u0a21 (adj 15): BG,  26686K, hotnessAdj=135, XmlFlag=false, oom_adj=15
I/ActivityManager_SDHA( 4695): F:052M, C:270M, ProcCnt:069, avgU:-----K, mgn:073M, nF:52312K, fd:50476K, thd:220M, wm:29M, c:01, e:07, lmkIdx:15, emS:00, rsmd:_F, lstCrt:provider.logsprovider, TOP:wheeler.michael.codechallenge, ear:0, car:0
W/ContextImpl( 9324): Calling a method in the system process without a qualified user: android.app.ContextImpl.startService:2052 android.content.ContextWrapper.startService:533 android.content.ContextWrapper.startService:533 com.samsung.android.app.assistantmenu.AssistantMenuReceiver.onReceive:175 android.app.ActivityThread.handleReceiver:2950 
E/ActivityManager( 4695): checkUser: useridlist=null, currentuser=0
E/ActivityManager( 4695): checkUser: useridlist=null, currentuser=0
E/ActivityManager( 4695): checkUser: useridlist=null, currentuser=0
E/ActivityManager( 4695): checkUser: useridlist=null, currentuser=0
I/libpersona( 9349): KNOX_SDCARD checking this for 10164
I/libpersona( 9349): KNOX_SDCARD not a persona
I/ActivityManager( 4695): Start proc com.samsung.android.sconnect for broadcast com.samsung.android.sconnect/.periph.PeriphStartReceiver: pid=9349 uid=10164 gids={50164, 9997, 3002, 3001, 1028, 1015, 3003} abi=armeabi-v7a
D/PowerManagerService( 4695): [input device light] setInputDeviceLightOn is called : 1
D/PowerManagerService( 4695): [input device light] handleInputDeviceLightOn
W/ResourcesManager( 9349): Asset path '/system/framework/com.google.android.maps.jar' does not exist or contains no resources.
W/ResourcesManager( 9349): Asset path '/system/framework/allshare.jar' does not exist or contains no resources.
W/ResourcesManager( 9349): Asset path '/system/framework/com.broadcom.bt.jar' does not exist or contains no resources.
E/ActivityManager( 4695): checkUser: useridlist=null, currentuser=0
E/ActivityManager( 4695): checkUser: useridlist=null, currentuser=0
E/ActivityManager( 4695): checkUser: useridlist=null, currentuser=0
E/ActivityManager( 4695): checkUser: useridlist=null, currentuser=0
D/CustomFrequencyManagerService( 4695): acquireDVFSLockLocked : type : DVFS_MIN_LIMIT  frequency : 1267200  uid : 1000  pid : 4695  pkgName : LIST_SCROLL_BOOSTER@34
I/libpersona( 9364): KNOX_SDCARD checking this for 10082
I/libpersona( 9364): KNOX_SDCARD not a persona
I/ActivityManager( 4695): Start proc com.sec.chaton for broadcast com.sec.chaton/.plugin.PlugInMonitor: pid=9364 uid=10082 gids={50082, 9997, 3003, 1028, 1015} abi=armeabi
W/ResourcesManager( 9364): Asset path '/system/framework/com.google.android.maps.jar' does not exist or contains no resources.
E/ActivityManager( 4695): checkUser: useridlist=null, currentuser=0
E/ActivityManager( 4695): checkUser: useridlist=null, currentuser=0
E/ActivityManager( 4695): checkUser: useridlist=null, currentuser=0
E/ActivityManager( 4695): checkUser: useridlist=null, currentuser=0
I/libpersona( 9385): KNOX_SDCARD checking this for 10010
I/libpersona( 9385): KNOX_SDCARD not a persona
I/ActivityManager( 4695): Start proc com.android.providers.calendar for content provider com.android.providers.calendar/.CalendarProvider2: pid=9385 uid=10010 gids={50010, 9997, 3003, 1028, 1015} abi=armeabi-v7a
W/ResourcesManager( 9385): Asset path '/system/framework/android.test.runner.jar' does not exist or contains no resources.
D/CustomFrequencyManagerService( 4695): releaseDVFSLockLocked : Getting Lock type frm List : DVFS_MIN_LIMIT  frequency : 1267200  uid : 1000  pid : 4695  tag : LIST_SCROLL_BOOSTER@34
D/ConnectivityService( 4695): returning getNetworkInfo(networkType - 1) :[type: WIFI[] - WIFI, state: DISCONNECTED/DISCONNECTED, reason: (unspecified), extra: (none), roaming: false, failover: false, isAvailable: true, isConnectedToProvisioningNetwork: false]
D/ConnectivityService( 4695): returning getNetworkInfo(networkType - 0) :[type: MOBILE[LTE] - MOBILE, state: CONNECTED/CONNECTED, reason: connected, extra: fast.t-mobile.com, roaming: false, failover: false, isAvailable: true, isConnectedToProvisioningNetwork: false]
W/ActivityManager( 4695): Unable to start service Intent { act=com.sec.chaton.push.PUSH_CLIENT_SERVICE_ACTION } U=0: not found
D/PowerManagerService( 4695): [input device light] setInputDeviceLightOn is called : 1
D/PowerManagerService( 4695): [input device light] handleInputDeviceLightOn
E/ActivityManager( 4695): checkUser: useridlist=null, currentuser=0
E/ActivityManager( 4695): checkUser: useridlist=null, currentuser=0
E/ActivityManager( 4695): checkUser: useridlist=null, currentuser=0
E/ActivityManager( 4695): checkUser: useridlist=null, currentuser=0
I/libpersona( 9410): KNOX_SDCARD checking this for 10004
I/libpersona( 9410): KNOX_SDCARD not a persona
I/ActivityManager( 4695): Start proc com.sec.android.app.samsungapps for broadcast com.sec.android.app.samsungapps/.MyPackageReplacedReceiver: pid=9410 uid=10004 gids={50004, 9997, 1028, 1015, 3003} abi=armeabi-v7a
D/CustomFrequencyManagerService( 4695): acquireDVFSLockLocked : type : DVFS_MIN_LIMIT  frequency : 1267200  uid : 1000  pid : 4695  pkgName : LIST_SCROLL_BOOSTER@34
E/ActivityManager( 4695): checkUser: useridlist=null, currentuser=0
E/ActivityManager( 4695): checkUser: useridlist=null, currentuser=0
E/ActivityManager( 4695): checkUser: useridlist=null, currentuser=0
E/ActivityManager( 4695): checkUser: useridlist=null, currentuser=0
I/libpersona( 9435): KNOX_SDCARD checking this for 10124
I/libpersona( 9435): KNOX_SDCARD not a persona
I/ActivityManager( 4695): Start proc com.tmobile.vvm.application for broadcast com.tmobile.vvm.application/.service.OnUpgradeReceiver: pid=9435 uid=10124 gids={50124, 9997, 3003, 1028, 1015, 3002} abi=armeabi-v7a
D/CustomFrequencyManagerService( 4695): releaseDVFSLockLocked : Getting Lock type frm List : DVFS_MIN_LIMIT  frequency : 1267200  uid : 1000  pid : 4695  tag : LIST_SCROLL_BOOSTER@34
I/ActivityManager( 4695): Killing 9228:com.sec.android.automotive.drivelink/u0a80 (adj 15): BG,  23281K, hotnessAdj=0, XmlFlag=false, oom_adj=15
I/ActivityManager( 4695): Killing 9324:com.samsung.android.app.assistantmenu/1000 (adj 11): BG,  4410K, hotnessAdj=0, XmlFlag=false, oom_adj=11
I/ActivityManager( 4695): Killing 9349:com.samsung.android.sconnect/u0a164 (adj 11): BG,  11940K, hotnessAdj=0, XmlFlag=false, oom_adj=11
I/ActivityManager_SDHA( 4695): F:064M, C:257M, ProcCnt:071, avgU:-----K, mgn:073M, nF:39260K, fd:39631K, thd:220M, wm:29M, c:01, e:10, lmkIdx:15, emS:00, rsmd:T_, lstCrt:tmobile.vvm.application, TOP:wheeler.michael.codechallenge, ear:0, car:0
D/PowerManagerService( 4695): [input device light] setInputDeviceLightOn is called : 1
D/PowerManagerService( 4695): [input device light] handleInputDeviceLightOn
D/CustomFrequencyManagerService( 4695): acquireDVFSLockLocked : type : DVFS_MIN_LIMIT  frequency : 1267200  uid : 1000  pid : 4695  pkgName : LIST_SCROLL_BOOSTER@34
E/ActivityManager( 4695): checkUser: useridlist=null, currentuser=0
E/ActivityManager( 4695): checkUser: useridlist=null, currentuser=0
E/ActivityManager( 4695): checkUser: useridlist=null, currentuser=0
E/ActivityManager( 4695): checkUser: useridlist=null, currentuser=0
I/libpersona( 9454): KNOX_SDCARD checking this for 10084
I/libpersona( 9454): KNOX_SDCARD not a persona
I/ActivityManager( 4695): Start proc com.google.android.apps.magazines for broadcast com.google.android.apps.magazines/com.google.apps.dots.android.app.receiver.FirstInstallNotificationReceiver: pid=9454 uid=10084 gids={50084, 9997, 3003, 1028, 1015} abi=armeabi-v7a
D/ConnectivityService( 4695): returning getNetworkInfo(networkType - 2) :[type: MOBILE_MMS[] - MOBILE_MMS, state: DISCONNECTED/DISCONNECTED, reason: (unspecified), extra: (none), roaming: false, failover: false, isAvailable: true, isConnectedToProvisioningNetwork: false]
D/PackageManager( 4695): [MSG] MCS_UNBIND
D/CustomFrequencyManagerService( 4695): releaseDVFSLockLocked : Getting Lock type frm List : DVFS_MIN_LIMIT  frequency : 1267200  uid : 1000  pid : 4695  tag : LIST_SCROLL_BOOSTER@34
D/PowerManagerService( 4695): [input device light] setInputDeviceLightOn is called : 1
D/PowerManagerService( 4695): [input device light] handleInputDeviceLightOn
D/ConnectivityService( 4695): returning getActiveNetworkInfo :[type: MOBILE[LTE] - MOBILE, state: CONNECTED/CONNECTED, reason: connected, extra: fast.t-mobile.com, roaming: false, failover: false, isAvailable: true, isConnectedToProvisioningNetwork: false]
D/CustomFrequencyManagerService( 4695): acquireDVFSLockLocked : type : DVFS_MIN_LIMIT  frequency : 1267200  uid : 1000  pid : 4695  pkgName : LIST_SCROLL_BOOSTER@34
E/Watchdog( 4695): !@Sync 2185
D/ConnectivityService( 4695): returning getActiveNetworkInfo :[type: MOBILE[LTE] - MOBILE, state: CONNECTED/CONNECTED, reason: connected, extra: fast.t-mobile.com, roaming: false, failover: false, isAvailable: true, isConnectedToProvisioningNetwork: false]
E/ActivityManager( 4695): checkUser: useridlist=null, currentuser=0
E/ActivityManager( 4695): checkUser: useridlist=null, currentuser=0
E/ActivityManager( 4695): checkUser: useridlist=null, currentuser=0
E/ActivityManager( 4695): checkUser: useridlist=null, currentuser=0
I/libpersona( 9522): KNOX_SDCARD checking this for 10058
I/libpersona( 9522): KNOX_SDCARD not a persona
I/ActivityManager( 4695): Start proc com.sec.android.app.shealth for broadcast com.sec.android.app.shealth/com.samsung.android.app.shealth.home.sdk.RemoteTileBroadcastReceiver: pid=9522 uid=10058 gids={50058, 9997, 1028, 1015, 3003, 3002, 3001} abi=armeabi-v7a
I/ActivityManager( 4695): Killing 9311:com.sec.android.provider.logsprovider/u0a50 (adj 15): BG,  4005K, hotnessAdj=0, XmlFlag=false, oom_adj=15
I/ActivityManager( 4695): Killing 9410:com.sec.android.app.samsungapps/u0a4 (adj 13): BG,  16676K, hotnessAdj=0, XmlFlag=false, oom_adj=13
I/ActivityManager( 4695): Killing 9385:com.android.providers.calendar/u0a10 (adj 11): BG,  4936K, hotnessAdj=0, XmlFlag=false, oom_adj=11
I/ActivityManager( 4695): Killing 9435:com.tmobile.vvm.application/u0a124 (adj 11): BG,  6968K, hotnessAdj=6, XmlFlag=false, oom_adj=11
I/ActivityManager( 4695): Killing 9025:com.google.android.gms:car/u0a21 (adj 15): BG,  39482K, hotnessAdj=95, XmlFlag=false, oom_adj=15
I/ActivityManager_SDHA( 4695): F:064M, C:258M, ProcCnt:069, avgU:-----K, mgn:073M, nF:39648K, fd:72067K, thd:220M, wm:29M, c:01, e:11, lmkIdx:15, emS:00, rsmd:T_, lstCrt:google.apps.magazines, TOP:wheeler.michael.codechallenge, ear:0, car:0
D/CustomFrequencyManagerService( 4695): releaseDVFSLockLocked : Getting Lock type frm List : DVFS_MIN_LIMIT  frequency : 1267200  uid : 1000  pid : 4695  tag : LIST_SCROLL_BOOSTER@34
D/PowerManagerService( 4695): [input device light] setInputDeviceLightOn is called : 1
D/PowerManagerService( 4695): [input device light] handleInputDeviceLightOn
W/ResourcesManager( 9522): Asset path '/system/framework/twframework.jar' does not exist or contains no resources.
D/CustomFrequencyManagerService( 4695): acquireDVFSLockLocked : type : DVFS_MIN_LIMIT  frequency : 1267200  uid : 1000  pid : 4695  pkgName : LIST_SCROLL_BOOSTER@34
D/ConnectivityService( 4695): returning getActiveNetworkInfo :[type: MOBILE[LTE] - MOBILE, state: CONNECTED/CONNECTED, reason: connected, extra: fast.t-mobile.com, roaming: false, failover: false, isAvailable: true, isConnectedToProvisioningNetwork: false]
D/CustomFrequencyManagerService( 4695): releaseDVFSLockLocked : Getting Lock type frm List : DVFS_MIN_LIMIT  frequency : 1267200  uid : 1000  pid : 4695  tag : LIST_SCROLL_BOOSTER@34
E/ActivityManager( 4695): checkUser: useridlist=null, currentuser=0
E/ActivityManager( 4695): checkUser: useridlist=null, currentuser=0
E/ActivityManager( 4695): checkUser: useridlist=null, currentuser=0
E/ActivityManager( 4695): checkUser: useridlist=null, currentuser=0
I/libpersona( 9564): KNOX_SDCARD checking this for 10209
I/libpersona( 9564): KNOX_SDCARD not a persona
I/ActivityManager( 4695): Start proc com.disney.thoughtbubbles_goo for broadcast com.disney.thoughtbubbles_goo/com.urbanairship.push.GCMPushReceiver: pid=9564 uid=10209 gids={50209, 9997, 3003, 1028, 1015} abi=armeabi-v7a
D/PowerManagerService( 4695): [input device light] setInputDeviceLightOn is called : 1
D/PowerManagerService( 4695): [input device light] handleInputDeviceLightOn
D/CustomFrequencyManagerService( 4695): acquireDVFSLockLocked : type : DVFS_MIN_LIMIT  frequency : 1267200  uid : 1000  pid : 4695  pkgName : LIST_SCROLL_BOOSTER@34
D/CustomFrequencyManagerService( 4695): releaseDVFSLockLocked : Getting Lock type frm List : DVFS_MIN_LIMIT  frequency : 1267200  uid : 1000  pid : 4695  tag : LIST_SCROLL_BOOSTER@34
D/CustomFrequencyManagerService( 4695): acquireDVFSLockLocked : type : DVFS_MIN_LIMIT  frequency : 1267200  uid : 1000  pid : 4695  pkgName : LIST_SCROLL_BOOSTER@34
D/PowerManagerService( 4695): [input device light] setInputDeviceLightOn is called : 1
D/PowerManagerService( 4695): [input device light] handleInputDeviceLightOn
D/CustomFrequencyManagerService( 4695): releaseDVFSLockLocked : Getting Lock type frm List : DVFS_MIN_LIMIT  frequency : 1267200  uid : 1000  pid : 4695  tag : LIST_SCROLL_BOOSTER@34
W/ActivityManager( 4695): Unable to start service Intent { act=com.urbanairship.richpush.USER_UPDATE cmp=com.disney.thoughtbubbles_goo/com.urbanairship.richpush.RichPushUpdateService (has extras) } U=0: not found
E/ActivityManager( 4695): checkUser: useridlist=null, currentuser=0
E/ActivityManager( 4695): checkUser: useridlist=null, currentuser=0
E/ActivityManager( 4695): checkUser: useridlist=null, currentuser=0
E/ActivityManager( 4695): checkUser: useridlist=null, currentuser=0
I/libpersona( 9593): KNOX_SDCARD checking this for 10227
I/libpersona( 9593): KNOX_SDCARD not a persona
I/ActivityManager( 4695): Start proc com.spoton.mobile.android for broadcast com.spoton.mobile.android/com.urbanairship.push.GCMPushReceiver: pid=9593 uid=10227 gids={50227, 9997, 3003} abi=armeabi-v7a
D/CustomFrequencyManagerService( 4695): acquireDVFSLockLocked : type : DVFS_MIN_LIMIT  frequency : 1267200  uid : 1000  pid : 4695  pkgName : LIST_SCROLL_BOOSTER@34
D/CustomFrequencyManagerService( 4695): releaseDVFSLockLocked : Getting Lock type frm List : DVFS_MIN_LIMIT  frequency : 1267200  uid : 1000  pid : 4695  tag : LIST_SCROLL_BOOSTER@34
W/ActivityManager( 4695): Unable to start service Intent { act=com.urbanairship.richpush.USER_UPDATE cmp=com.spoton.mobile.android/com.urbanairship.richpush.RichPushUpdateService (has extras) } U=0: not found
D/PowerManagerService( 4695): [input device light] setInputDeviceLightOn is called : 1
D/PowerManagerService( 4695): [input device light] handleInputDeviceLightOn
D/CustomFrequencyManagerService( 4695): acquireDVFSLockLocked : type : DVFS_MIN_LIMIT  frequency : 1267200  uid : 1000  pid : 4695  pkgName : LIST_SCROLL_BOOSTER@34
E/ActivityManager( 4695): checkUser: useridlist=null, currentuser=0
E/ActivityManager( 4695): checkUser: useridlist=null, currentuser=0
E/ActivityManager( 4695): checkUser: useridlist=null, currentuser=0
E/ActivityManager( 4695): checkUser: useridlist=null, currentuser=0
I/libpersona( 9616): KNOX_SDCARD checking this for 10181
I/libpersona( 9616): KNOX_SDCARD not a persona
I/ActivityManager( 4695): Start proc com.sec.android.widgetapp.activeapplicationwidget for broadcast com.sec.android.widgetapp.activeapplicationwidget/.ProgramMonitorProvider: pid=9616 uid=10181 gids={50181, 9997, 1028, 1015} abi=armeabi-v7a
D/ConnectivityService( 4695): returning getNetworkInfo(networkType - 2) :[type: MOBILE_MMS[] - MOBILE_MMS, state: DISCONNECTED/DISCONNECTED, reason: (unspecified), extra: (none), roaming: false, failover: false, isAvailable: true, isConnectedToProvisioningNetwork: false]
D/ConnectivityService( 4695): returning getNetworkInfo(networkType - 1) :[type: WIFI[] - WIFI, state: DISCONNECTED/DISCONNECTED, reason: (unspecified), extra: (none), roaming: false, failover: false, isAvailable: true, isConnectedToProvisioningNetwork: false]
D/ConnectivityService( 4695): returning getNetworkInfo(networkType - 0) :[type: MOBILE[LTE] - MOBILE, state: CONNECTED/CONNECTED, reason: connected, extra: fast.t-mobile.com, roaming: false, failover: false, isAvailable: true, isConnectedToProvisioningNetwork: false]
D/ConnectivityService( 4695): returning getActiveNetworkInfo :[type: MOBILE[LTE] - MOBILE, state: CONNECTED/CONNECTED, reason: connected, extra: fast.t-mobile.com, roaming: false, failover: false, isAvailable: true, isConnectedToProvisioningNetwork: false]
D/CustomFrequencyManagerService( 4695): releaseDVFSLockLocked : Getting Lock type frm List : DVFS_MIN_LIMIT  frequency : 1267200  uid : 1000  pid : 4695  tag : LIST_SCROLL_BOOSTER@34
E/ActivityManager( 4695): checkUser: useridlist=null, currentuser=0
E/ActivityManager( 4695): checkUser: useridlist=null, currentuser=0
E/ActivityManager( 4695): checkUser: useridlist=null, currentuser=0
E/ActivityManager( 4695): checkUser: useridlist=null, currentuser=0
I/libpersona( 9632): KNOX_SDCARD checking this for 10060
I/libpersona( 9632): KNOX_SDCARD not a persona
I/ActivityManager( 4695): Start proc com.sec.spp.push:RemoteDlcProcess for broadcast com.sec.spp.push/.dlc.util.DlcRegiReceiver: pid=9632 uid=10060 gids={50060, 9997, 3003, 1028, 1015} abi=armeabi-v7a
D/CustomFrequencyManagerService( 4695): acquireDVFSLockLocked : type : DVFS_MIN_LIMIT  frequency : 1267200  uid : 1000  pid : 4695  pkgName : LIST_SCROLL_BOOSTER@34
D/CustomFrequencyManagerService( 4695): releaseDVFSLockLocked : Getting Lock type frm List : DVFS_MIN_LIMIT  frequency : 1267200  uid : 1000  pid : 4695  tag : LIST_SCROLL_BOOSTER@34
D/PowerManagerService( 4695): [input device light] setInputDeviceLightOn is called : 1
D/PowerManagerService( 4695): [input device light] handleInputDeviceLightOn
D/CustomFrequencyManagerService( 4695): acquireDVFSLockLocked : type : DVFS_MIN_LIMIT  frequency : 1267200  uid : 1000  pid : 4695  pkgName : LIST_SCROLL_BOOSTER@34
E/ActivityManager( 4695): checkUser: useridlist=null, currentuser=0
E/ActivityManager( 4695): checkUser: useridlist=null, currentuser=0
E/ActivityManager( 4695): checkUser: useridlist=null, currentuser=0
E/ActivityManager( 4695): checkUser: useridlist=null, currentuser=0
I/libpersona( 9664): KNOX_SDCARD checking this for 10021
I/libpersona( 9664): KNOX_SDCARD not a persona
I/ActivityManager( 4695): Start proc com.google.android.gms.wearable for service com.google.android.gms/.wearable.service.WearableService: pid=9664 uid=10021 gids={50021, 9997, 2001, 3003, 1007, 3006, 1028, 1015, 3002, 3001, 3007} abi=armeabi-v7a
W/ResourcesManager( 9664): Asset path '/system/framework/com.android.media.remotedisplay.jar' does not exist or contains no resources.
W/ResourcesManager( 9664): Asset path '/system/framework/com.android.location.provider.jar' does not exist or contains no resources.
I/ActivityManager( 4695): Killing 9281:com.samsung.android.intelligenceservice/u0a9 (adj 15): BG,  4621K, hotnessAdj=0, XmlFlag=false, oom_adj=15
I/ActivityManager( 4695): Killing 9593:com.spoton.mobile.android/u0a227 (adj 11): BG,  14496K, hotnessAdj=0, XmlFlag=false, oom_adj=11
I/ActivityManager( 4695): Killing 9454:com.google.android.apps.magazines/u0a84 (adj 15): BG,  24226K, hotnessAdj=1, XmlFlag=false, oom_adj=15
I/ActivityManager( 4695): Killing 9364:com.sec.chaton/u0a82 (adj 15): BG,  16356K, hotnessAdj=2, XmlFlag=false, oom_adj=15
I/ActivityManager_SDHA( 4695): F:060M, C:261M, ProcCnt:070, avgU:-----K, mgn:073M, nF:43504K, fd:59699K, thd:220M, wm:29M, c:01, e:11, lmkIdx:15, emS:00, rsmd:T_, lstCrt:google.gms.wearable, TOP:wheeler.michael.codechallenge, ear:0, car:0
I/ActivityManager( 4695): Killing 9522:com.sec.android.app.shealth/u0a58 (adj 11): BG,  21811K, hotnessAdj=2, XmlFlag=false, oom_adj=11
I/ActivityManager( 4695): Killing 9001:com.google.android.apps.plus/u0a76 (adj 15): BG,  24043K, hotnessAdj=23, XmlFlag=false, oom_adj=15
I/ActivityManager_SDHA( 4695): F:060M, C:261M, ProcCnt:070, avgU:-----K, mgn:073M, nF:44132K, fd:45854K, thd:220M, wm:29M, c:01, e:07, lmkIdx:15, emS:00, rsmd:T_, lstCrt:google.gms.wearable, TOP:wheeler.michael.codechallenge, ear:0, car:0
I/ActivityManager( 4695): Killing 8486:com.android.defcontainer/u0a41 (adj 11): BG,  2657K, hotnessAdj=40, XmlFlag=false, oom_adj=11
I/ActivityManager( 4695): Killing 9156:flipboard.app/u0a92 (adj 15): BG,  14598K, hotnessAdj=141, XmlFlag=false, oom_adj=15
I/ActivityManager_SDHA( 4695): F:060M, C:259M, ProcCnt:070, avgU:-----K, mgn:073M, nF:43648K, fd:17255K, thd:220M, wm:29M, c:01, e:05, lmkIdx:15, emS:00, rsmd:T_, lstCrt:google.gms.wearable, TOP:wheeler.michael.codechallenge, ear:0, car:0
I/ActivityManager( 4695): Killing 9616:com.sec.android.widgetapp.activeapplicationwidget/u0a181 (adj 11): BG,  2461K, hotnessAdj=0, XmlFlag=false, oom_adj=11
I/ActivityManager_SDHA( 4695): F:060M, C:258M, ProcCnt:070, avgU:-----K, mgn:073M, nF:43808K, fd:02461K, thd:220M, wm:29M, c:01, e:04, lmkIdx:15, emS:00, rsmd:T_, lstCrt:google.gms.wearable, TOP:wheeler.michael.codechallenge, ear:0, car:0
D/CustomFrequencyManagerService( 4695): releaseDVFSLockLocked : Getting Lock type frm List : DVFS_MIN_LIMIT  frequency : 1267200  uid : 1000  pid : 4695  tag : LIST_SCROLL_BOOSTER@34
W/ActivityManager( 4695): Scheduling restart of crashed service flipboard.app/flipboard.remoteservice.MessengerService in 1000ms
W/ActivityThread( 9664): ClassLoader.loadClass: The class loader returned by Thread.getContextClassLoader() may fail for processes that host multiple applications. You should explicitly specify a context class loader. For example: Thread.setContextClassLoader(getClass().getClassLoader());
E/ActivityManager( 4695): checkUser: useridlist=null, currentuser=0
E/ActivityManager( 4695): checkUser: useridlist=null, currentuser=0
E/ActivityManager( 4695): checkUser: useridlist=null, currentuser=0
E/ActivityManager( 4695): checkUser: useridlist=null, currentuser=0
I/libpersona( 9698): KNOX_SDCARD checking this for 10173
I/libpersona( 9698): KNOX_SDCARD not a persona
I/ActivityManager( 4695): Start proc com.sec.android.widgetapp.SPlannerAppWidget for broadcast com.sec.android.widgetapp.SPlannerAppWidget/.EasyWidget.EasyCalendarAppWidgetProvider: pid=9698 uid=10173 gids={50173, 9997} abi=armeabi-v7a
W/ResourcesManager( 9698): Asset path '/system/framework/twframework.jar' does not exist or contains no resources.
W/ResourcesManager( 9698): Asset path '/system/framework/sws.jar' does not exist or contains no resources.
E/ActivityManager( 4695): checkUser: useridlist=null, currentuser=0
E/ActivityManager( 4695): checkUser: useridlist=null, currentuser=0
E/ActivityManager( 4695): checkUser: useridlist=null, currentuser=0
E/ActivityManager( 4695): checkUser: useridlist=null, currentuser=0
I/libpersona( 9717): KNOX_SDCARD checking this for 10174
I/libpersona( 9717): KNOX_SDCARD not a persona
I/ActivityManager( 4695): Start proc com.android.calendar for broadcast com.android.calendar/.alerts.AlertReceiver: pid=9717 uid=10174 gids={50174, 9997, 3003, 1028, 1015, 1023, 3002} abi=armeabi-v7a
W/ResourcesManager( 9717): Asset path '/system/framework/sechardware.jar' does not exist or contains no resources.
W/ResourcesManager( 9717): Asset path '/system/framework/com.google.android.maps.jar' does not exist or contains no resources.
W/ResourcesManager( 9717): Asset path '/system/framework/twframework.jar' does not exist or contains no resources.
E/ActivityManager( 4695): checkUser: useridlist=null, currentuser=0
E/ActivityManager( 4695): checkUser: useridlist=null, currentuser=0
E/ActivityManager( 4695): checkUser: useridlist=null, currentuser=0
E/ActivityManager( 4695): checkUser: useridlist=null, currentuser=0
I/libpersona( 9741): KNOX_SDCARD checking this for 10093
I/libpersona( 9741): KNOX_SDCARD not a persona
I/ActivityManager( 4695): Start proc com.google.android.calendar for broadcast com.google.android.calendar/com.android.calendar.alerts.AlertReceiver: pid=9741 uid=10093 gids={50093, 9997, 3003, 1028, 1015} abi=armeabi-v7a
E/ActivityManager( 4695): checkUser: useridlist=null, currentuser=0
E/ActivityManager( 4695): checkUser: useridlist=null, currentuser=0
E/ActivityManager( 4695): checkUser: useridlist=null, currentuser=0
E/ActivityManager( 4695): checkUser: useridlist=null, currentuser=0
I/libpersona( 9762): KNOX_SDCARD checking this for 10010
I/libpersona( 9762): KNOX_SDCARD not a persona
I/ActivityManager( 4695): Start proc com.android.providers.calendar for content provider com.android.providers.calendar/.CalendarProvider2: pid=9762 uid=10010 gids={50010, 9997, 3003, 1028, 1015} abi=armeabi-v7a
W/ResourcesManager( 9762): Asset path '/system/framework/android.test.runner.jar' does not exist or contains no resources.
D/PowerManagerService( 4695): [input device light] handleInputDeviceLightOff
E/ActivityManager( 4695): checkUser: useridlist=null, currentuser=0
E/ActivityManager( 4695): checkUser: useridlist=null, currentuser=0
E/ActivityManager( 4695): checkUser: useridlist=null, currentuser=0
E/ActivityManager( 4695): checkUser: useridlist=null, currentuser=0
I/libpersona( 9784): KNOX_SDCARD checking this for 10092
I/libpersona( 9784): KNOX_SDCARD not a persona
I/ActivityManager( 4695): Start proc flipboard.app for service flipboard.app/flipboard.remoteservice.MessengerService: pid=9784 uid=10092 gids={50092, 9997, 3003, 1028, 1015} abi=armeabi-v7a
E/ActivityManager( 4695): checkUser: useridlist=null, currentuser=0
E/ActivityManager( 4695): checkUser: useridlist=null, currentuser=0
E/ActivityManager( 4695): checkUser: useridlist=null, currentuser=0
E/ActivityManager( 4695): checkUser: useridlist=null, currentuser=0
I/libpersona( 9806): KNOX_SDCARD checking this for 10082
I/libpersona( 9806): KNOX_SDCARD not a persona
I/ActivityManager( 4695): Start proc com.sec.chaton for broadcast com.sec.chaton/com.sec.common.util.log.collector.LogCollectorReceiver: pid=9806 uid=10082 gids={50082, 9997, 3003, 1028, 1015} abi=armeabi
W/ResourcesManager( 9806): Asset path '/system/framework/com.google.android.maps.jar' does not exist or contains no resources.
D/ConnectivityService( 4695): returning getActiveNetworkInfo :[type: MOBILE[LTE] - MOBILE, state: CONNECTED/CONNECTED, reason: connected, extra: fast.t-mobile.com, roaming: false, failover: false, isAvailable: true, isConnectedToProvisioningNetwork: false]
D/ConnectivityService( 4695): returning getNetworkInfo(networkType - 1) :[type: WIFI[] - WIFI, state: DISCONNECTED/DISCONNECTED, reason: (unspecified), extra: (none), roaming: false, failover: false, isAvailable: true, isConnectedToProvisioningNetwork: false]
D/ConnectivityService( 4695): returning getNetworkInfo(networkType - 0) :[type: MOBILE[LTE] - MOBILE, state: CONNECTED/CONNECTED, reason: connected, extra: fast.t-mobile.com, roaming: false, failover: false, isAvailable: true, isConnectedToProvisioningNetwork: false]
W/ActivityManager( 4695): Unable to start service Intent { act=com.sec.chaton.push.PUSH_CLIENT_SERVICE_ACTION } U=0: not found
V/WindowManager( 4695): rotationForOrientationLw(orient=-1, last=1); user=0  sensorRotation=0 mLidState=-1 mDockMode=0 mHdmiPlugged=false
D/SamsungWindowManager( 4695): setRotationLw() : rotation=0
D/CustomFrequencyManagerService( 4695): acquireDVFSLockLocked : type : DVFS_MIN_LIMIT  frequency : 2457600  uid : 1000  pid : 4695  pkgName : ROTATION_BOOSTER@32
I/ActivityManager( 4695): Config changes=480 {0 1.0 310mcc260mnc en_US ldltr sw360dp w360dp h615dp 480dpi nrml long port finger -keyb/v/h -nav/h s.179}
D/MultiPhoneWindow( 5164): onMultiWindowConfigurationChanged com.android.mms/com.android.mms.ui.ConversationComposeroldRect=Rect(0, 0 - 1920, 1080)
D/MultiPhoneWindow( 6073): onMultiWindowConfigurationChanged com.android.incallui/com.android.incallui.InCallActivityoldRect=Rect(0, 0 - 1920, 1080)
D/MultiPhoneWindow(19056): onMultiWindowConfigurationChanged com.clearchannel.iheartradio.controller/com.clearchannel.iheartradio.controller.activities.NavDrawerActivityoldRect=Rect(0, 0 - 1920, 1080)
D/Recents_AlternateRecentsComponent( 4983): reloadHeaderBarLayout is getting called
V/ActivityManager( 4695): Display changed displayId=0
D/Recents_TaskViewHeader( 4983): onFinishInflate
E/SmartFaceService( 4695): onReceive: android.intent.action.CONFIGURATION_CHANGED
E/SmartFaceService( 4695): mFolderCoverOpened: (true, true) -> true
D/STATUSBAR-QSTileView( 4983): dynamicallyReduceTextSize: 206
D/STATUSBAR-QSTileView( 4983): dynamicallyReduceTextSize: 206
D/STATUSBAR-QSTileView( 4983): dynamicallyReduceTextSize: 206
D/STATUSBAR-QSTileView( 4983): dynamicallyReduceTextSize: 206
D/STATUSBAR-QSTileView( 4983): dynamicallyReduceTextSize: 206
D/STATUSBAR-QSTileView( 4983): dynamicallyReduceTextSize: 206
D/STATUSBAR-QSTileView( 4983): dynamicallyReduceTextSize: 206
D/STATUSBAR-QSTileView( 4983): dynamicallyReduceTextSize: 206
D/STATUSBAR-QSTileView( 4983): dynamicallyReduceTextSize: 206
D/STATUSBAR-QSTileView( 4983): dynamicallyReduceTextSize: 206
D/STATUSBAR-QSTileView( 4983): dynamicallyReduceTextSize: 206
D/STATUSBAR-QSTileView( 4983): dynamicallyReduceTextSize: 206
D/STATUSBAR-QSTileView( 4983): dynamicallyReduceTextSize: 206
D/STATUSBAR-QSTileView( 4983): dynamicallyReduceTextSize: 206
D/STATUSBAR-QSTileView( 4983): dynamicallyReduceTextSize: 206
D/STATUSBAR-QSTileView( 4983): dynamicallyReduceTextSize: 206
D/STATUSBAR-QSTileView( 4983): dynamicallyReduceTextSize: 206
D/STATUSBAR-QSTileView( 4983): dynamicallyReduceTextSize: 206
D/STATUSBAR-QSTileView( 4983): dynamicallyReduceTextSize: 206
D/STATUSBAR-QSTileView( 4983): dynamicallyReduceTextSize: 206
D/STATUSBAR-QSTileView( 4983): dynamicallyReduceTextSize: 206
D/MotionRecognitionService( 4695):  ssp status : true
W/ContextImpl( 4695): Calling a method in the system process without a qualified user: android.app.ContextImpl.sendBroadcast:1687 com.android.server.InputMethodManagerService$6.run:2724 java.lang.Thread.run:818 <bottom of call stack> <bottom of call stack> 
I/WindowManager( 4695): Screen frozen for +429ms due to Window{39b85947 u0 wheeler.michael.codechallenge/wheeler.michael.codechallenge.ui.MainActivity}
D/ConnectivityService( 4695): returning getActiveNetworkInfo :[type: MOBILE[LTE] - MOBILE, state: CONNECTED/CONNECTED, reason: connected, extra: fast.t-mobile.com, roaming: false, failover: false, isAvailable: true, isConnectedToProvisioningNetwork: false]
I/ActivityManager( 4695): Waited long enough for: ServiceRecord{653015f u0 com.amazon.mShop.android/com.amazon.venezia.notification.NotificationService}
V/WindowManager( 4695): rotationForOrientationLw(orient=-1, last=0); user=0  sensorRotation=0 mLidState=-1 mDockMode=0 mHdmiPlugged=false
D/PowerManagerService( 4695): [input device light] setInputDeviceLightOn is called : 1
D/PowerManagerService( 4695): [input device light] handleInputDeviceLightOn
D/PowerManagerService( 4695): [input device light] setInputDeviceLightOn is called : 1
D/PowerManagerService( 4695): [input device light] handleInputDeviceLightOn
D/CustomFrequencyManagerService( 4695): releaseDVFSLockLocked : Getting Lock type frm List : DVFS_MIN_LIMIT  frequency : 2457600  uid : 1000  pid : 4695  tag : ROTATION_BOOSTER@32
D/PowerManagerService( 4695): [input device light] setInputDeviceLightOn is called : 1
D/PowerManagerService( 4695): [input device light] handleInputDeviceLightOn
D/SSRM:m  ( 4695): SIOP:: AP = 450, PST = 358, CUR = 450
V/AlarmManager( 4695): waitForAlarm result :4
E/ActivityManager( 4695): checkUser: useridlist=null, currentuser=0
E/ActivityManager( 4695): checkUser: useridlist=null, currentuser=0
E/ActivityManager( 4695): checkUser: useridlist=null, currentuser=0
E/ActivityManager( 4695): checkUser: useridlist=null, currentuser=0
I/libpersona( 9934): KNOX_SDCARD checking this for 10016
I/libpersona( 9934): KNOX_SDCARD not a persona
I/ActivityManager( 4695): Start proc com.android.vending for service com.android.vending/com.google.android.finsky.services.ContentSyncService: pid=9934 uid=10016 gids={50016, 9997, 3003, 1028, 1015} abi=armeabi-v7a
D/BatteryService( 4695): !@BatteryListener : batteryPropertiesChanged!
D/BatteryService( 4695): level:72, scale:100, status:2, health:2, present:true, voltage: 4018, temperature: 310, technology: Li-ion, AC powered:false, USB powered:true, POGO powered:false, Wireless powered:false, icon:17303749, invalid charger:0
D/BatteryService( 4695): online:4, current avg:450, charge type:1, power sharing:false, high voltage charger:false, capacity:280000
D/BatteryService( 4695): Sending ACTION_BATTERY_CHANGED.
D/MotionRecognitionService( 4695):   mReceiver.onReceive : ACTION_BATTERY_CHANGED
I/MotionRecognitionService( 4695): Plugged
I/MotionRecognitionService( 4695): setPowerConnected  = true
D/STATUSBAR-PhoneStatusBar( 4983):  mBrightnessEnablebySettings = true mBrightnessEnablebyBattery = true mBrightnessEnablebyDisableFlag = true mPmsBrightnessEnablebySettings = true
D/BatteryMeterView( 4983): ACTION_BATTERY_CHANGED : level:72 status:2 health:2
D/BatteryMeterView( 4983): ACTION_BATTERY_CHANGED : level:72 status:2 health:2
D/BatteryMeterView( 4983): ACTION_BATTERY_CHANGED : level:72 status:2 health:2
D/WifiService( 4695): acquireWifiLockLocked: WifiLock{NlpWifiLock type=2 binder=android.os.BinderProxy@2104f8c5}
D/WifiService( 4695): startScan by pid=5950, uid=10021
V/VibratorService( 4695): hasVibrator - useVibetonz: true
D/VibratorService( 4695): Turning vibrator off - ImmVibe.
V/VibratorService( 4695): vibrateImmVibe - package: android, type: 14, magnitude: 6000
D/PowerManagerService( 4695): [input device light] setInputDeviceLightOn is called : 1
D/PowerManagerService( 4695): [input device light] handleInputDeviceLightOn
D/FocusedStackFrame( 4695): Set to : 0
D/CustomFrequencyManagerService( 4695): acquireDVFSLockLocked : type : DVFS_MIN_LIMIT  frequency : 1958400  uid : 1000  pid : 4695  pkgName : ACTIVITY_RESUME_BOOSTER@6
W/ActivityManager( 4695): mDVFSHelper.acquire()
V/WindowManager( 4695): rotationForOrientationLw(orient=1, last=0); user=0  sensorRotation=0 mLidState=-1 mDockMode=0 mHdmiPlugged=false
D/ConnectivityService( 4695): returning getNetworkInfo(networkType - 1) :[type: WIFI[] - WIFI, state: DISCONNECTED/DISCONNECTED, reason: (unspecified), extra: (none), roaming: false, failover: false, isAvailable: true, isConnectedToProvisioningNetwork: false]
D/StatusBarManagerService( 4695): manageDisableList userId=0 what=0x0 pkg=WindowManager.LayoutParams
E/ActivityManager( 4695): checkUser: useridlist=null, currentuser=0
E/ActivityManager( 4695): checkUser: useridlist=null, currentuser=0
E/ActivityManager( 4695): checkUser: useridlist=null, currentuser=0
E/ActivityManager( 4695): checkUser: useridlist=null, currentuser=0
I/libpersona( 9972): KNOX_SDCARD checking this for 10063
I/libpersona( 9972): KNOX_SDCARD not a persona
I/ActivityManager( 4695): Start proc com.sec.android.gallery3d for broadcast com.sec.android.gallery3d/.app.MediaScannerReceiver: pid=9972 uid=10063 gids={50063, 9997, 3003, 1028, 1015, 1023, 3002} abi=armeabi-v7a
W/ContextImpl( 4695): Calling a method in the system process without a qualified user: android.app.ContextImpl.sendBroadcast:1687 com.android.server.InputMethodManagerService$6.run:2724 java.lang.Thread.run:818 <bottom of call stack> <bottom of call stack> 
W/ResourcesManager( 9972): Asset path '/system/framework/sechardware.jar' does not exist or contains no resources.
W/ResourcesManager( 9972): Asset path '/system/framework/com.google.android.maps.jar' does not exist or contains no resources.
W/ResourcesManager( 9972): Asset path '/system/framework/multiwindow.jar' does not exist or contains no resources.
W/ResourcesManager( 9972): Asset path '/system/framework/twframework.jar' does not exist or contains no resources.
W/ResourcesManager( 9972): Asset path '/system/framework/secimaging.jar' does not exist or contains no resources.
W/ResourcesManager( 9972): Asset path '/system/framework/com.google.android.media.effects.jar' does not exist or contains no resources.
W/ResourcesManager( 9972): Asset path '/system/framework/allshare.jar' does not exist or contains no resources.
W/ResourcesManager( 9972): Asset path '/system/framework/secvision.jar' does not exist or contains no resources.
D/ConnectivityService( 4695): returning getActiveNetworkInfo :[type: MOBILE[LTE] - MOBILE, state: CONNECTED/CONNECTED, reason: connected, extra: fast.t-mobile.com, roaming: false, failover: false, isAvailable: true, isConnectedToProvisioningNetwork: false]
D/ConnectivityService( 4695): returning getActiveNetworkInfo :[type: MOBILE[LTE] - MOBILE, state: CONNECTED/CONNECTED, reason: connected, extra: fast.t-mobile.com, roaming: false, failover: false, isAvailable: true, isConnectedToProvisioningNetwork: false]
D/CustomFrequencyManagerService( 4695): releaseDVFSLockLocked : Getting Lock type frm List : DVFS_MIN_LIMIT  frequency : 1958400  uid : 1000  pid : 4695  tag : ACTIVITY_RESUME_BOOSTER@6
W/ActivityManager( 4695): mDVFSHelper.release()
D/CustomFrequencyManagerService( 4695): acquireDVFSLockLocked : type : DVFS_MIN_LIMIT  frequency : 1958400  uid : 1000  pid : 4695  pkgName : ACTIVITY_RESUME_BOOSTER@10
I/ActivityManager( 4695): Killing 9564:com.disney.thoughtbubbles_goo/u0a209 (adj 15): BG,  15544K, hotnessAdj=0, XmlFlag=false, oom_adj=15
I/ActivityManager( 4695): Killing 9632:com.sec.spp.push:RemoteDlcProcess/u0a60 (adj 13): BG,  6598K, hotnessAdj=0, XmlFlag=false, oom_adj=13
I/ActivityManager( 4695): Killing 9698:com.sec.android.widgetapp.SPlannerAppWidget/u0a173 (adj 11): BG,  3186K, hotnessAdj=0, XmlFlag=false, oom_adj=11
I/ActivityManager( 4695): Killing 9806:com.sec.chaton/u0a82 (adj 11): BG,  16356K, hotnessAdj=2, XmlFlag=false, oom_adj=11
I/ActivityManager( 4695): Killing 9784:flipboard.app/u0a92 (adj 15): BG,  14598K, hotnessAdj=142, XmlFlag=false, oom_adj=15
I/ActivityManager_SDHA( 4695): F:062M, C:239M, ProcCnt:069, avgU:-----K, mgn:073M, nF:42080K, fd:56282K, thd:220M, wm:29M, c:01, e:08, lmkIdx:15, emS:00, rsmd:T_, lstCrt:gallery3d, TOP:launcher, ear:0, car:0
D/StatusBarManagerService( 4695): manageDisableList userId=0 what=0x0 pkg=WindowManager.LayoutParams
E/ActivityManager( 4695): checkUser: useridlist=null, currentuser=0
E/ActivityManager( 4695): checkUser: useridlist=null, currentuser=0
E/ActivityManager( 4695): checkUser: useridlist=null, currentuser=0
E/ActivityManager( 4695): checkUser: useridlist=null, currentuser=0
I/libpersona(10018): KNOX_SDCARD checking this for 10021
I/libpersona(10018): KNOX_SDCARD not a persona
I/ActivityManager( 4695): Start proc com.google.android.gms:car for service com.google.android.gms/.car.CarService: pid=10018 uid=10021 gids={50021, 9997, 2001, 3003, 1007, 3006, 1028, 1015, 3002, 3001, 3007} abi=armeabi-v7a
W/ActivityManager( 4695): Scheduling restart of crashed service flipboard.app/flipboard.remoteservice.MessengerService in 1000ms
W/ResourcesManager(10018): Asset path '/system/framework/com.android.media.remotedisplay.jar' does not exist or contains no resources.
W/ResourcesManager(10018): Asset path '/system/framework/com.android.location.provider.jar' does not exist or contains no resources.
D/CustomFrequencyManagerService( 4695): releaseDVFSLockLocked : Getting Lock type frm List : DVFS_MIN_LIMIT  frequency : 1958400  uid : 1000  pid : 4695  tag : ACTIVITY_RESUME_BOOSTER@10
E/ActivityManager( 4695): checkUser: useridlist=null, currentuser=0
E/ActivityManager( 4695): checkUser: useridlist=null, currentuser=0
E/ActivityManager( 4695): checkUser: useridlist=null, currentuser=0
E/ActivityManager( 4695): checkUser: useridlist=null, currentuser=0
I/libpersona(10041): KNOX_SDCARD checking this for 10018
I/libpersona(10041): KNOX_SDCARD not a persona
I/ActivityManager( 4695): Start proc com.sec.android.cloudagent for content provider com.sec.android.cloudagent/.CloudProvider: pid=10041 uid=10018 gids={50018, 9997, 3003, 1028, 1015} abi=armeabi-v7a
W/ActivityThread(10018): ClassLoader.loadClass: The class loader returned by Thread.getContextClassLoader() may fail for processes that host multiple applications. You should explicitly specify a context class loader. For example: Thread.setContextClassLoader(getClass().getClassLoader());
D/ConnectivityService( 4695): returning getActiveNetworkInfo :[type: MOBILE[LTE] - MOBILE, state: CONNECTED/CONNECTED, reason: connected, extra: fast.t-mobile.com, roaming: false, failover: false, isAvailable: true, isConnectedToProvisioningNetwork: false]
D/ConnectivityService( 4695): returning getNetworkInfo(networkType - 0) :[type: MOBILE[LTE] - MOBILE, state: CONNECTED/CONNECTED, reason: connected, extra: fast.t-mobile.com, roaming: false, failover: false, isAvailable: true, isConnectedToProvisioningNetwork: false]
D/ConnectivityService( 4695): returning getNetworkInfo(networkType - 1) :[type: WIFI[] - WIFI, state: DISCONNECTED/DISCONNECTED, reason: (unspecified), extra: (none), roaming: false, failover: false, isAvailable: true, isConnectedToProvisioningNetwork: false]
D/PowerManagerService( 4695): [input device light] handleInputDeviceLightOff
D/WifiDisplayAdapter( 4695): getWifiDisplayStatusLocked: result=WifiDisplayStatus{featureState=1, scanState=0, activeDisplayState=0, activeDisplay=null, displays=[], sessionInfo=WifiDisplaySessionInfo: Client/Owner: Client GroupId:  Passphrase:  SessionId: 0 IP Address: , connectedState=-1, networkQoS=0}
D/WifiDisplayAdapter( 4695): getWifiDisplayStatusLocked: result=WifiDisplayStatus{featureState=1, scanState=0, activeDisplayState=0, activeDisplay=null, displays=[], sessionInfo=WifiDisplaySessionInfo: Client/Owner: Client GroupId:  Passphrase:  SessionId: 0 IP Address: , connectedState=-1, networkQoS=0}
E/ActivityManager( 4695): checkUser: useridlist=null, currentuser=0
E/ActivityManager( 4695): checkUser: useridlist=null, currentuser=0
E/ActivityManager( 4695): checkUser: useridlist=null, currentuser=0
E/ActivityManager( 4695): checkUser: useridlist=null, currentuser=0
I/libpersona(10087): KNOX_SDCARD checking this for 10092
I/libpersona(10087): KNOX_SDCARD not a persona
I/ActivityManager( 4695): Start proc flipboard.app for service flipboard.app/flipboard.remoteservice.MessengerService: pid=10087 uid=10092 gids={50092, 9997, 3003, 1028, 1015} abi=armeabi-v7a
W/BroadcastQueue( 4695): Permission Denial: broadcasting Intent { act=com.sec.android.intent.action.HOME_RESUME flg=0x10 } from com.sec.android.app.launcher (pid=17018, uid=10014) is not exported from uid 1000 due to receiver com.android.settings/.accessibilitywidget.AccessibilityEasyWidgetProviderAssistiveLight
E/ActivityManager( 4695): checkUser: useridlist=null, currentuser=0
E/ActivityManager( 4695): checkUser: useridlist=null, currentuser=0
E/ActivityManager( 4695): checkUser: useridlist=null, currentuser=0
E/ActivityManager( 4695): checkUser: useridlist=null, currentuser=0
I/libpersona(10103): KNOX_SDCARD checking this for 10146
I/libpersona(10103): KNOX_SDCARD not a persona
I/ActivityManager( 4695): Start proc com.sec.android.widgetapp.digitalclock for broadcast com.sec.android.widgetapp.digitalclock/.DigitalClockWidgetProvider: pid=10103 uid=10146 gids={50146, 9997} abi=armeabi-v7a
W/ResourcesManager(10103): Asset path '/system/framework/twframework.jar' does not exist or contains no resources.
E/ActivityManager( 4695): checkUser: useridlist=null, currentuser=0
E/ActivityManager( 4695): checkUser: useridlist=null, currentuser=0
E/ActivityManager( 4695): checkUser: useridlist=null, currentuser=0
E/ActivityManager( 4695): checkUser: useridlist=null, currentuser=0
I/libpersona(10122): KNOX_SDCARD checking this for 10149
